# ZENO OS Firmware Manager — Clean Build Log
# Started  : 2026-06-16 08:36:23 UTC
# Board    : ESP32_GENERIC_S3
# IDF      : /home/shanmukh/esp/esp-idf
# Type     : CLEAN
# ─────────────────────────────────────────────

[14:06:24] [INFO] Removed /home/shanmukh/OSBuild/ports/esp32/build-ESP32_GENERIC_S3
[14:06:24] [CMD] make BOARD=ESP32_GENERIC_S3 submodules
# ── make submodules ──
Use make V=1 or set BUILD_VERBOSE in your environment to increase build verbosity.
Executing action: reconfigure
Running cmake in directory /home/shanmukh/OSBuild/ports/esp32/build-ESP32_GENERIC_S3/submodules
Executing "cmake -G Ninja -DPYTHON_DEPS_CHECKED=1 -DPYTHON=/home/shanmukh/.espressif/python_env/idf5.5_py3.12_env/bin/python -DESP_PLATFORM=1 -DMICROPY_BOARD=ESP32_GENERIC_S3 -DMICROPY_BOARD_DIR=/home/shanmukh/OSBuild/ports/esp32/boards/ESP32_GENERIC_S3 -DUPDATE_SUBMODULES=1 -DCCACHE_ENABLE=0 /home/shanmukh/OSBuild/ports/esp32"...
-- Found Git: /usr/bin/git (found version "2.43.0") 
-- Minimal build - OFF
-- The C compiler identification is GNU 14.2.0
-- The CXX compiler identification is GNU 14.2.0
make: *** wait: No child processes.  Stop.
make: *** Waiting for unfinished jobs....
make: *** wait: No child processes.  Stop.
