# ZENO OS Firmware Manager — Clean Build Log
# Started  : 2026-08-07 13:30:30 UTC
# Board    : ESP32_GENERIC_S3
# IDF      : /home/shanmukh/esp/esp-idf
# Type     : CLEAN
# ─────────────────────────────────────────────

[19:00:30] [INFO] Removed /home/shanmukh/OSBuild/ports/esp32/build-ESP32_GENERIC_S3
[19:00:30] [CMD] make BOARD=ESP32_GENERIC_S3 submodules
# ── make submodules ──
Use make V=1 or set BUILD_VERBOSE in your environment to increase build verbosity.
Executing action: reconfigure
Running cmake in directory /home/shanmukh/OSBuild/ports/esp32/build-ESP32_GENERIC_S3/submodules
Executing "cmake -G Ninja -DPYTHON_DEPS_CHECKED=1 -DPYTHON=/home/shanmukh/.espressif/python_env/idf5.5_py3.12_env/bin/python -DESP_PLATFORM=1 -DMICROPY_BOARD=ESP32_GENERIC_S3 -DMICROPY_BOARD_DIR=/home/shanmukh/OSBuild/ports/esp32/boards/ESP32_GENERIC_S3 -DUPDATE_SUBMODULES=1 -DCCACHE_ENABLE=0 /home/shanmukh/OSBuild/ports/esp32"...
-- Found Git: /usr/bin/git (found version "2.43.0") 
-- Minimal build - OFF
-- The C compiler identification is GNU 14.2.0
-- The CXX compiler identification is GNU 14.2.0
-- The ASM compiler identification is GNU
-- Found assembler: /home/shanmukh/.espressif/tools/xtensa-esp-elf/esp-14.2.0_20251107/xtensa-esp-elf/bin/xtensa-esp32s3-elf-gcc
-- Detecting C compiler ABI info
-- Detecting C compiler ABI info - done
-- Check for working C compiler: /home/shanmukh/.espressif/tools/xtensa-esp-elf/esp-14.2.0_20251107/xtensa-esp-elf/bin/xtensa-esp32s3-elf-gcc - skipped
-- Detecting C compile features
-- Detecting C compile features - done
-- Detecting CXX compiler ABI info
-- Detecting CXX compiler ABI info - done
-- Check for working CXX compiler: /home/shanmukh/.espressif/tools/xtensa-esp-elf/esp-14.2.0_20251107/xtensa-esp-elf/bin/xtensa-esp32s3-elf-g++ - skipped
-- Detecting CXX compile features
-- Detecting CXX compile features - done
-- Building ESP-IDF components for target esp32s3
NOTICE: Skipping optional dependency: espressif/esp_hosted
NOTICE: Skipping optional dependency: espressif/esp_wifi_remote
NOTICE: Skipping optional dependency: espressif/lan867x
NOTICE: Processing 3 dependencies:
NOTICE: [1/3] espressif/mdns (1.1.0)
NOTICE: [2/3] espressif/tinyusb (e4c0ec3caab3d9c25374de7047653b9ced8f14ff)
NOTICE: [3/3] idf (5.5.2)
-- ESP-TEE is currently supported only on the esp32c6;esp32h2;esp32c5 SoCs
NOTICE: Skipping optional dependency: espressif/esp_hosted
NOTICE: Skipping optional dependency: espressif/esp_wifi_remote
NOTICE: Skipping optional dependency: espressif/lan867x
-- Project sdkconfig file /home/shanmukh/OSBuild/ports/esp32/build-ESP32_GENERIC_S3/submodules/sdkconfig
info: Choice ESPTOOLPY_FLASHSIZE has multiple active selections. The last one will be used: ESPTOOLPY_FLASHSIZE_16MB .
info: Choice SPIRAM_MODE has multiple active selections. The last one will be used: SPIRAM_MODE_OCT .
info: Choice ESPTOOLPY_FLASHMODE has multiple active selections. The last one will be used: ESPTOOLPY_FLASHMODE_QIO .
info: Choice ESPTOOLPY_FLASHFREQ has multiple active selections. The last one will be used: ESPTOOLPY_FLASHFREQ_80M .
Loading defaults file /home/shanmukh/OSBuild/ports/esp32/build-ESP32_GENERIC_S3/submodules/sdkconfig.combined...
/home/shanmukh/OSBuild/ports/esp32/build-ESP32_GENERIC_S3/submodules/sdkconfig.combined:114 CONFIG_PERIPH_CTRL_FUNC_IN_IRAM was replaced with CONFIG_ESP_PERIPH_CTRL_FUNC_IN_IRAM 
/home/shanmukh/OSBuild/ports/esp32/build-ESP32_GENERIC_S3/submodules/sdkconfig.combined:138 CONFIG_NEWLIB_NANO_FORMAT was replaced with CONFIG_LIBC_NEWLIB_NANO_FORMAT 
/home/shanmukh/OSBuild/ports/esp32/build-ESP32_GENERIC_S3/submodules/sdkconfig.combined:172 CONFIG_BT_NIMBLE_TASK_STACK_SIZE was replaced with CONFIG_BT_NIMBLE_HOST_TASK_STACK_SIZE 
warning: unknown kconfig symbol 'XTAL_FREQ_AUTO' assigned to 'y' in /home/shanmukh/OSBuild/ports/esp32/build-ESP32_GENERIC_S3/submodules/sdkconfig.combined
warning: unknown kconfig symbol 'BT_NIMBLE_STATIC_TO_DYNAMIC' assigned to 'n' in /home/shanmukh/OSBuild/ports/esp32/build-ESP32_GENERIC_S3/submodules/sdkconfig.combined
-- Compiler supported targets: xtensa-esp-elf
-- Found Python3: /home/shanmukh/.espressif/python_env/idf5.5_py3.12_env/bin/python (found version "3.12.3") found components: Interpreter 
-- Performing Test CMAKE_HAVE_LIBC_PTHREAD
-- Performing Test CMAKE_HAVE_LIBC_PTHREAD - Success
-- Found Threads: TRUE  
-- Performing Test C_COMPILER_SUPPORTS_WFORMAT_SIGNEDNESS
-- Performing Test C_COMPILER_SUPPORTS_WFORMAT_SIGNEDNESS - Success
-- USING O3
-- App "micropython" version: d5de551-dirty
-- Adding linker script /home/shanmukh/OSBuild/ports/esp32/build-ESP32_GENERIC_S3/submodules/esp-idf/esp_system/ld/memory.ld
-- Adding linker script /home/shanmukh/OSBuild/ports/esp32/build-ESP32_GENERIC_S3/submodules/esp-idf/esp_system/ld/sections.ld.in
-- Adding linker script /home/shanmukh/esp/esp-idf/components/esp_rom/esp32s3/ld/esp32s3.rom.ld
-- Adding linker script /home/shanmukh/esp/esp-idf/components/esp_rom/esp32s3/ld/esp32s3.rom.api.ld
-- Adding linker script /home/shanmukh/esp/esp-idf/components/esp_rom/esp32s3/ld/esp32s3.rom.bt_funcs.ld
-- Adding linker script /home/shanmukh/esp/esp-idf/components/esp_rom/esp32s3/ld/esp32s3.rom.libgcc.ld
-- Adding linker script /home/shanmukh/esp/esp-idf/components/esp_rom/esp32s3/ld/esp32s3.rom.wdt.ld
-- Adding linker script /home/shanmukh/esp/esp-idf/components/esp_rom/esp32s3/ld/esp32s3.rom.version.ld
-- Adding linker script /home/shanmukh/esp/esp-idf/components/esp_rom/esp32s3/ld/esp32s3.rom.ble_cca.ld
-- Adding linker script /home/shanmukh/esp/esp-idf/components/esp_rom/esp32s3/ld/esp32s3.rom.ble_test.ld
-- Adding linker script /home/shanmukh/esp/esp-idf/components/esp_rom/esp32s3/ld/esp32s3.rom.libc.ld
-- Adding linker script /home/shanmukh/esp/esp-idf/components/esp_rom/esp32s3/ld/esp32s3.rom.newlib.ld
-- Adding linker script /home/shanmukh/esp/esp-idf/components/soc/esp32s3/ld/esp32s3.peripherals.ld
Found User C Module(s): 
Updating submodules: lib/berkeley-db-1.xx lib/micropython-lib
-- Components: app_trace app_update bootloader bootloader_support bt cmock console cxx driver efuse esp-tls esp_adc esp_app_format esp_bootloader_format esp_coex esp_common esp_driver_ana_cmpr esp_driver_bitscrambler esp_driver_cam esp_driver_dac esp_driver_gpio esp_driver_gptimer esp_driver_i2c esp_driver_i2s esp_driver_isp esp_driver_jpeg esp_driver_ledc esp_driver_mcpwm esp_driver_parlio esp_driver_pcnt esp_driver_ppa esp_driver_rmt esp_driver_sdio esp_driver_sdm esp_driver_sdmmc esp_driver_sdspi esp_driver_spi esp_driver_touch_sens esp_driver_tsens esp_driver_twai esp_driver_uart esp_driver_usb_serial_jtag esp_eth esp_event esp_gdbstub esp_hid esp_http_client esp_http_server esp_https_ota esp_https_server esp_hw_support esp_lcd esp_local_ctrl esp_mm esp_netif esp_netif_stack esp_partition esp_phy esp_pm esp_psram esp_ringbuf esp_rom esp_security esp_system esp_timer esp_vfs_console esp_wifi espcoredump espressif__mdns espressif__tinyusb esptool_py fatfs freertos hal heap http_parser idf_test ieee802154 json log lwip main mbedtls mqtt newlib nvs_flash nvs_sec_provider openthread partition_table perfmon protobuf-c protocomm pthread rt sdmmc soc spi_flash spiffs tcp_transport touch_element ulp unity usb vfs wear_levelling wifi_provisioning wpa_supplicant xtensa
-- Component paths: /home/shanmukh/esp/esp-idf/components/app_trace /home/shanmukh/esp/esp-idf/components/app_update /home/shanmukh/esp/esp-idf/components/bootloader /home/shanmukh/esp/esp-idf/components/bootloader_support /home/shanmukh/esp/esp-idf/components/bt /home/shanmukh/esp/esp-idf/components/cmock /home/shanmukh/esp/esp-idf/components/console /home/shanmukh/esp/esp-idf/components/cxx /home/shanmukh/esp/esp-idf/components/driver /home/shanmukh/esp/esp-idf/components/efuse /home/shanmukh/esp/esp-idf/components/esp-tls /home/shanmukh/esp/esp-idf/components/esp_adc /home/shanmukh/esp/esp-idf/components/esp_app_format /home/shanmukh/esp/esp-idf/components/esp_bootloader_format /home/shanmukh/esp/esp-idf/components/esp_coex /home/shanmukh/esp/esp-idf/components/esp_common /home/shanmukh/esp/esp-idf/components/esp_driver_ana_cmpr /home/shanmukh/esp/esp-idf/components/esp_driver_bitscrambler /home/shanmukh/esp/esp-idf/components/esp_driver_cam /home/shanmukh/esp/esp-idf/components/esp_driver_dac /home/shanmukh/esp/esp-idf/components/esp_driver_gpio /home/shanmukh/esp/esp-idf/components/esp_driver_gptimer /home/shanmukh/esp/esp-idf/components/esp_driver_i2c /home/shanmukh/esp/esp-idf/components/esp_driver_i2s /home/shanmukh/esp/esp-idf/components/esp_driver_isp /home/shanmukh/esp/esp-idf/components/esp_driver_jpeg /home/shanmukh/esp/esp-idf/components/esp_driver_ledc /home/shanmukh/esp/esp-idf/components/esp_driver_mcpwm /home/shanmukh/esp/esp-idf/components/esp_driver_parlio /home/shanmukh/esp/esp-idf/components/esp_driver_pcnt /home/shanmukh/esp/esp-idf/components/esp_driver_ppa /home/shanmukh/esp/esp-idf/components/esp_driver_rmt /home/shanmukh/esp/esp-idf/components/esp_driver_sdio /home/shanmukh/esp/esp-idf/components/esp_driver_sdm /home/shanmukh/esp/esp-idf/components/esp_driver_sdmmc /home/shanmukh/esp/esp-idf/components/esp_driver_sdspi /home/shanmukh/esp/esp-idf/components/esp_driver_spi /home/shanmukh/esp/esp-idf/components/esp_driver_touch_sens /home/shanmukh/esp/esp-idf/components/esp_driver_tsens /home/shanmukh/esp/esp-idf/components/esp_driver_twai /home/shanmukh/esp/esp-idf/components/esp_driver_uart /home/shanmukh/esp/esp-idf/components/esp_driver_usb_serial_jtag /home/shanmukh/esp/esp-idf/components/esp_eth /home/shanmukh/esp/esp-idf/components/esp_event /home/shanmukh/esp/esp-idf/components/esp_gdbstub /home/shanmukh/esp/esp-idf/components/esp_hid /home/shanmukh/esp/esp-idf/components/esp_http_client /home/shanmukh/esp/esp-idf/components/esp_http_server /home/shanmukh/esp/esp-idf/components/esp_https_ota /home/shanmukh/esp/esp-idf/components/esp_https_server /home/shanmukh/esp/esp-idf/components/esp_hw_support /home/shanmukh/esp/esp-idf/components/esp_lcd /home/shanmukh/esp/esp-idf/components/esp_local_ctrl /home/shanmukh/esp/esp-idf/components/esp_mm /home/shanmukh/esp/esp-idf/components/esp_netif /home/shanmukh/esp/esp-idf/components/esp_netif_stack /home/shanmukh/esp/esp-idf/components/esp_partition /home/shanmukh/esp/esp-idf/components/esp_phy /home/shanmukh/esp/esp-idf/components/esp_pm /home/shanmukh/esp/esp-idf/components/esp_psram /home/shanmukh/esp/esp-idf/components/esp_ringbuf /home/shanmukh/esp/esp-idf/components/esp_rom /home/shanmukh/esp/esp-idf/components/esp_security /home/shanmukh/esp/esp-idf/components/esp_system /home/shanmukh/esp/esp-idf/components/esp_timer /home/shanmukh/esp/esp-idf/components/esp_vfs_console /home/shanmukh/esp/esp-idf/components/esp_wifi /home/shanmukh/esp/esp-idf/components/espcoredump /home/shanmukh/OSBuild/ports/esp32/managed_components/espressif__mdns /home/shanmukh/OSBuild/ports/esp32/managed_components/espressif__tinyusb /home/shanmukh/esp/esp-idf/components/esptool_py /home/shanmukh/esp/esp-idf/components/fatfs /home/shanmukh/esp/esp-idf/components/freertos /home/shanmukh/esp/esp-idf/components/hal /home/shanmukh/esp/esp-idf/components/heap /home/shanmukh/esp/esp-idf/components/http_parser /home/shanmukh/esp/esp-idf/components/idf_test /home/shanmukh/esp/esp-idf/components/ieee802154 /home/shanmukh/esp/esp-idf/components/json /home/shanmukh/esp/esp-idf/components/log /home/shanmukh/esp/esp-idf/components/lwip /home/shanmukh/OSBuild/ports/esp32/main /home/shanmukh/esp/esp-idf/components/mbedtls /home/shanmukh/esp/esp-idf/components/mqtt /home/shanmukh/esp/esp-idf/components/newlib /home/shanmukh/esp/esp-idf/components/nvs_flash /home/shanmukh/esp/esp-idf/components/nvs_sec_provider /home/shanmukh/esp/esp-idf/components/openthread /home/shanmukh/esp/esp-idf/components/partition_table /home/shanmukh/esp/esp-idf/components/perfmon /home/shanmukh/esp/esp-idf/components/protobuf-c /home/shanmukh/esp/esp-idf/components/protocomm /home/shanmukh/esp/esp-idf/components/pthread /home/shanmukh/esp/esp-idf/components/rt /home/shanmukh/esp/esp-idf/components/sdmmc /home/shanmukh/esp/esp-idf/components/soc /home/shanmukh/esp/esp-idf/components/spi_flash /home/shanmukh/esp/esp-idf/components/spiffs /home/shanmukh/esp/esp-idf/components/tcp_transport /home/shanmukh/esp/esp-idf/components/touch_element /home/shanmukh/esp/esp-idf/components/ulp /home/shanmukh/esp/esp-idf/components/unity /home/shanmukh/esp/esp-idf/components/usb /home/shanmukh/esp/esp-idf/components/vfs /home/shanmukh/esp/esp-idf/components/wear_levelling /home/shanmukh/esp/esp-idf/components/wifi_provisioning /home/shanmukh/esp/esp-idf/components/wpa_supplicant /home/shanmukh/esp/esp-idf/components/xtensa
Checking lockfile contents...
-- Configuring done (10.9s)
-- Generating done (0.6s)
-- Build files have been written to: /home/shanmukh/OSBuild/ports/esp32/build-ESP32_GENERIC_S3/submodules
# ── submodules done ──
[19:00:43] [CMD] make BOARD=ESP32_GENERIC_S3
Use make V=1 or set BUILD_VERBOSE in your environment to increase build verbosity.
Executing action: all (aliases: build)
Running cmake in directory /home/shanmukh/OSBuild/ports/esp32/build-ESP32_GENERIC_S3
Executing "cmake -G Ninja -DPYTHON_DEPS_CHECKED=1 -DPYTHON=/home/shanmukh/.espressif/python_env/idf5.5_py3.12_env/bin/python -DESP_PLATFORM=1 -DMICROPY_BOARD=ESP32_GENERIC_S3 -DMICROPY_BOARD_DIR=/home/shanmukh/OSBuild/ports/esp32/boards/ESP32_GENERIC_S3 -DCCACHE_ENABLE=0 /home/shanmukh/OSBuild/ports/esp32"...
-- Found Git: /usr/bin/git (found version "2.43.0") 
-- Minimal build - OFF
-- The C compiler identification is GNU 14.2.0
-- The CXX compiler identification is GNU 14.2.0
-- The ASM compiler identification is GNU
-- Found assembler: /home/shanmukh/.espressif/tools/xtensa-esp-elf/esp-14.2.0_20251107/xtensa-esp-elf/bin/xtensa-esp32s3-elf-gcc
-- Detecting C compiler ABI info
-- Detecting C compiler ABI info - done
-- Check for working C compiler: /home/shanmukh/.espressif/tools/xtensa-esp-elf/esp-14.2.0_20251107/xtensa-esp-elf/bin/xtensa-esp32s3-elf-gcc - skipped
-- Detecting C compile features
-- Detecting C compile features - done
-- Detecting CXX compiler ABI info
-- Detecting CXX compiler ABI info - done
-- Check for working CXX compiler: /home/shanmukh/.espressif/tools/xtensa-esp-elf/esp-14.2.0_20251107/xtensa-esp-elf/bin/xtensa-esp32s3-elf-g++ - skipped
-- Detecting CXX compile features
-- Detecting CXX compile features - done
-- Building ESP-IDF components for target esp32s3
NOTICE: Skipping optional dependency: espressif/esp_hosted
NOTICE: Skipping optional dependency: espressif/esp_wifi_remote
NOTICE: Skipping optional dependency: espressif/lan867x
NOTICE: Processing 3 dependencies:
NOTICE: [1/3] espressif/mdns (1.1.0)
NOTICE: [2/3] espressif/tinyusb (e4c0ec3caab3d9c25374de7047653b9ced8f14ff)
NOTICE: [3/3] idf (5.5.2)
-- ESP-TEE is currently supported only on the esp32c6;esp32h2;esp32c5 SoCs
NOTICE: Skipping optional dependency: espressif/esp_hosted
NOTICE: Skipping optional dependency: espressif/esp_wifi_remote
NOTICE: Skipping optional dependency: espressif/lan867x
-- Project sdkconfig file /home/shanmukh/OSBuild/ports/esp32/build-ESP32_GENERIC_S3/sdkconfig
info: Choice ESPTOOLPY_FLASHSIZE has multiple active selections. The last one will be used: ESPTOOLPY_FLASHSIZE_16MB .
info: Choice SPIRAM_MODE has multiple active selections. The last one will be used: SPIRAM_MODE_OCT .
info: Choice ESPTOOLPY_FLASHMODE has multiple active selections. The last one will be used: ESPTOOLPY_FLASHMODE_QIO .
info: Choice ESPTOOLPY_FLASHFREQ has multiple active selections. The last one will be used: ESPTOOLPY_FLASHFREQ_80M .
Loading defaults file /home/shanmukh/OSBuild/ports/esp32/build-ESP32_GENERIC_S3/sdkconfig.combined...
/home/shanmukh/OSBuild/ports/esp32/build-ESP32_GENERIC_S3/sdkconfig.combined:114 CONFIG_PERIPH_CTRL_FUNC_IN_IRAM was replaced with CONFIG_ESP_PERIPH_CTRL_FUNC_IN_IRAM 
/home/shanmukh/OSBuild/ports/esp32/build-ESP32_GENERIC_S3/sdkconfig.combined:138 CONFIG_NEWLIB_NANO_FORMAT was replaced with CONFIG_LIBC_NEWLIB_NANO_FORMAT 
/home/shanmukh/OSBuild/ports/esp32/build-ESP32_GENERIC_S3/sdkconfig.combined:172 CONFIG_BT_NIMBLE_TASK_STACK_SIZE was replaced with CONFIG_BT_NIMBLE_HOST_TASK_STACK_SIZE 
warning: unknown kconfig symbol 'XTAL_FREQ_AUTO' assigned to 'y' in /home/shanmukh/OSBuild/ports/esp32/build-ESP32_GENERIC_S3/sdkconfig.combined
warning: unknown kconfig symbol 'BT_NIMBLE_STATIC_TO_DYNAMIC' assigned to 'n' in /home/shanmukh/OSBuild/ports/esp32/build-ESP32_GENERIC_S3/sdkconfig.combined
-- Compiler supported targets: xtensa-esp-elf
-- Found Python3: /home/shanmukh/.espressif/python_env/idf5.5_py3.12_env/bin/python (found version "3.12.3") found components: Interpreter 
-- Performing Test CMAKE_HAVE_LIBC_PTHREAD
-- Performing Test CMAKE_HAVE_LIBC_PTHREAD - Success
-- Found Threads: TRUE  
-- Performing Test C_COMPILER_SUPPORTS_WFORMAT_SIGNEDNESS
-- Performing Test C_COMPILER_SUPPORTS_WFORMAT_SIGNEDNESS - Success
-- USING O3
-- App "micropython" version: d5de551-dirty
-- Adding linker script /home/shanmukh/OSBuild/ports/esp32/build-ESP32_GENERIC_S3/esp-idf/esp_system/ld/memory.ld
-- Adding linker script /home/shanmukh/OSBuild/ports/esp32/build-ESP32_GENERIC_S3/esp-idf/esp_system/ld/sections.ld.in
-- Adding linker script /home/shanmukh/esp/esp-idf/components/esp_rom/esp32s3/ld/esp32s3.rom.ld
-- Adding linker script /home/shanmukh/esp/esp-idf/components/esp_rom/esp32s3/ld/esp32s3.rom.api.ld
-- Adding linker script /home/shanmukh/esp/esp-idf/components/esp_rom/esp32s3/ld/esp32s3.rom.bt_funcs.ld
-- Adding linker script /home/shanmukh/esp/esp-idf/components/esp_rom/esp32s3/ld/esp32s3.rom.libgcc.ld
-- Adding linker script /home/shanmukh/esp/esp-idf/components/esp_rom/esp32s3/ld/esp32s3.rom.wdt.ld
-- Adding linker script /home/shanmukh/esp/esp-idf/components/esp_rom/esp32s3/ld/esp32s3.rom.version.ld
-- Adding linker script /home/shanmukh/esp/esp-idf/components/esp_rom/esp32s3/ld/esp32s3.rom.ble_cca.ld
-- Adding linker script /home/shanmukh/esp/esp-idf/components/esp_rom/esp32s3/ld/esp32s3.rom.ble_test.ld
-- Adding linker script /home/shanmukh/esp/esp-idf/components/esp_rom/esp32s3/ld/esp32s3.rom.libc.ld
-- Adding linker script /home/shanmukh/esp/esp-idf/components/esp_rom/esp32s3/ld/esp32s3.rom.newlib.ld
-- Adding linker script /home/shanmukh/esp/esp-idf/components/soc/esp32s3/ld/esp32s3.peripherals.ld
Found User C Module(s): 
-- Components: app_trace app_update bootloader bootloader_support bt cmock console cxx driver efuse esp-tls esp_adc esp_app_format esp_bootloader_format esp_coex esp_common esp_driver_ana_cmpr esp_driver_bitscrambler esp_driver_cam esp_driver_dac esp_driver_gpio esp_driver_gptimer esp_driver_i2c esp_driver_i2s esp_driver_isp esp_driver_jpeg esp_driver_ledc esp_driver_mcpwm esp_driver_parlio esp_driver_pcnt esp_driver_ppa esp_driver_rmt esp_driver_sdio esp_driver_sdm esp_driver_sdmmc esp_driver_sdspi esp_driver_spi esp_driver_touch_sens esp_driver_tsens esp_driver_twai esp_driver_uart esp_driver_usb_serial_jtag esp_eth esp_event esp_gdbstub esp_hid esp_http_client esp_http_server esp_https_ota esp_https_server esp_hw_support esp_lcd esp_local_ctrl esp_mm esp_netif esp_netif_stack esp_partition esp_phy esp_pm esp_psram esp_ringbuf esp_rom esp_security esp_system esp_timer esp_vfs_console esp_wifi espcoredump espressif__mdns espressif__tinyusb esptool_py fatfs freertos hal heap http_parser idf_test ieee802154 json log lwip main mbedtls mqtt newlib nvs_flash nvs_sec_provider openthread partition_table perfmon protobuf-c protocomm pthread rt sdmmc soc spi_flash spiffs tcp_transport touch_element ulp unity usb vfs wear_levelling wifi_provisioning wpa_supplicant xtensa
-- Component paths: /home/shanmukh/esp/esp-idf/components/app_trace /home/shanmukh/esp/esp-idf/components/app_update /home/shanmukh/esp/esp-idf/components/bootloader /home/shanmukh/esp/esp-idf/components/bootloader_support /home/shanmukh/esp/esp-idf/components/bt /home/shanmukh/esp/esp-idf/components/cmock /home/shanmukh/esp/esp-idf/components/console /home/shanmukh/esp/esp-idf/components/cxx /home/shanmukh/esp/esp-idf/components/driver /home/shanmukh/esp/esp-idf/components/efuse /home/shanmukh/esp/esp-idf/components/esp-tls /home/shanmukh/esp/esp-idf/components/esp_adc /home/shanmukh/esp/esp-idf/components/esp_app_format /home/shanmukh/esp/esp-idf/components/esp_bootloader_format /home/shanmukh/esp/esp-idf/components/esp_coex /home/shanmukh/esp/esp-idf/components/esp_common /home/shanmukh/esp/esp-idf/components/esp_driver_ana_cmpr /home/shanmukh/esp/esp-idf/components/esp_driver_bitscrambler /home/shanmukh/esp/esp-idf/components/esp_driver_cam /home/shanmukh/esp/esp-idf/components/esp_driver_dac /home/shanmukh/esp/esp-idf/components/esp_driver_gpio /home/shanmukh/esp/esp-idf/components/esp_driver_gptimer /home/shanmukh/esp/esp-idf/components/esp_driver_i2c /home/shanmukh/esp/esp-idf/components/esp_driver_i2s /home/shanmukh/esp/esp-idf/components/esp_driver_isp /home/shanmukh/esp/esp-idf/components/esp_driver_jpeg /home/shanmukh/esp/esp-idf/components/esp_driver_ledc /home/shanmukh/esp/esp-idf/components/esp_driver_mcpwm /home/shanmukh/esp/esp-idf/components/esp_driver_parlio /home/shanmukh/esp/esp-idf/components/esp_driver_pcnt /home/shanmukh/esp/esp-idf/components/esp_driver_ppa /home/shanmukh/esp/esp-idf/components/esp_driver_rmt /home/shanmukh/esp/esp-idf/components/esp_driver_sdio /home/shanmukh/esp/esp-idf/components/esp_driver_sdm /home/shanmukh/esp/esp-idf/components/esp_driver_sdmmc /home/shanmukh/esp/esp-idf/components/esp_driver_sdspi /home/shanmukh/esp/esp-idf/components/esp_driver_spi /home/shanmukh/esp/esp-idf/components/esp_driver_touch_sens /home/shanmukh/esp/esp-idf/components/esp_driver_tsens /home/shanmukh/esp/esp-idf/components/esp_driver_twai /home/shanmukh/esp/esp-idf/components/esp_driver_uart /home/shanmukh/esp/esp-idf/components/esp_driver_usb_serial_jtag /home/shanmukh/esp/esp-idf/components/esp_eth /home/shanmukh/esp/esp-idf/components/esp_event /home/shanmukh/esp/esp-idf/components/esp_gdbstub /home/shanmukh/esp/esp-idf/components/esp_hid /home/shanmukh/esp/esp-idf/components/esp_http_client /home/shanmukh/esp/esp-idf/components/esp_http_server /home/shanmukh/esp/esp-idf/components/esp_https_ota /home/shanmukh/esp/esp-idf/components/esp_https_server /home/shanmukh/esp/esp-idf/components/esp_hw_support /home/shanmukh/esp/esp-idf/components/esp_lcd /home/shanmukh/esp/esp-idf/components/esp_local_ctrl /home/shanmukh/esp/esp-idf/components/esp_mm /home/shanmukh/esp/esp-idf/components/esp_netif /home/shanmukh/esp/esp-idf/components/esp_netif_stack /home/shanmukh/esp/esp-idf/components/esp_partition /home/shanmukh/esp/esp-idf/components/esp_phy /home/shanmukh/esp/esp-idf/components/esp_pm /home/shanmukh/esp/esp-idf/components/esp_psram /home/shanmukh/esp/esp-idf/components/esp_ringbuf /home/shanmukh/esp/esp-idf/components/esp_rom /home/shanmukh/esp/esp-idf/components/esp_security /home/shanmukh/esp/esp-idf/components/esp_system /home/shanmukh/esp/esp-idf/components/esp_timer /home/shanmukh/esp/esp-idf/components/esp_vfs_console /home/shanmukh/esp/esp-idf/components/esp_wifi /home/shanmukh/esp/esp-idf/components/espcoredump /home/shanmukh/OSBuild/ports/esp32/managed_components/espressif__mdns /home/shanmukh/OSBuild/ports/esp32/managed_components/espressif__tinyusb /home/shanmukh/esp/esp-idf/components/esptool_py /home/shanmukh/esp/esp-idf/components/fatfs /home/shanmukh/esp/esp-idf/components/freertos /home/shanmukh/esp/esp-idf/components/hal /home/shanmukh/esp/esp-idf/components/heap /home/shanmukh/esp/esp-idf/components/http_parser /home/shanmukh/esp/esp-idf/components/idf_test /home/shanmukh/esp/esp-idf/components/ieee802154 /home/shanmukh/esp/esp-idf/components/json /home/shanmukh/esp/esp-idf/components/log /home/shanmukh/esp/esp-idf/components/lwip /home/shanmukh/OSBuild/ports/esp32/main /home/shanmukh/esp/esp-idf/components/mbedtls /home/shanmukh/esp/esp-idf/components/mqtt /home/shanmukh/esp/esp-idf/components/newlib /home/shanmukh/esp/esp-idf/components/nvs_flash /home/shanmukh/esp/esp-idf/components/nvs_sec_provider /home/shanmukh/esp/esp-idf/components/openthread /home/shanmukh/esp/esp-idf/components/partition_table /home/shanmukh/esp/esp-idf/components/perfmon /home/shanmukh/esp/esp-idf/components/protobuf-c /home/shanmukh/esp/esp-idf/components/protocomm /home/shanmukh/esp/esp-idf/components/pthread /home/shanmukh/esp/esp-idf/components/rt /home/shanmukh/esp/esp-idf/components/sdmmc /home/shanmukh/esp/esp-idf/components/soc /home/shanmukh/esp/esp-idf/components/spi_flash /home/shanmukh/esp/esp-idf/components/spiffs /home/shanmukh/esp/esp-idf/components/tcp_transport /home/shanmukh/esp/esp-idf/components/touch_element /home/shanmukh/esp/esp-idf/components/ulp /home/shanmukh/esp/esp-idf/components/unity /home/shanmukh/esp/esp-idf/components/usb /home/shanmukh/esp/esp-idf/components/vfs /home/shanmukh/esp/esp-idf/components/wear_levelling /home/shanmukh/esp/esp-idf/components/wifi_provisioning /home/shanmukh/esp/esp-idf/components/wpa_supplicant /home/shanmukh/esp/esp-idf/components/xtensa
Checking lockfile contents...
-- Configuring done (6.9s)
-- Generating done (0.6s)
-- Build files have been written to: /home/shanmukh/OSBuild/ports/esp32/build-ESP32_GENERIC_S3
Running ninja in directory /home/shanmukh/OSBuild/ports/esp32/build-ESP32_GENERIC_S3
Executing "ninja all"...
[1/1515] Generating project_elf_src_esp32s3.c
[2/1515] Generating ../../ota_data_initial.bin
[3/1515] Generating /home/shanmukh/OSBuild/ports/esp32/build-ESP32_GENERIC_S3/esp-idf/esp_system/ld/memory.ld linker script...
[4/1515] Generating /home/shanmukh/OSBuild/ports/esp32/build-ESP32_GENERIC_S3/esp-idf/esp_system/ld/sections.ld.in linker script...
[5/1515] Building C object esp-idf/xtensa/CMakeFiles/__idf_xtensa.dir/eri.c.obj
[6/1515] Generating ../../partition_table/partition-table.bin
Partition table binary generated. Contents:
*******************************************************************************
# ESP-IDF Partition Table
# Name, Type, SubType, Offset, Size, Flags
nvs,data,nvs,0x9000,16K,
otadata,data,ota,0xd000,8K,
phy_init,data,phy,0xf000,4K,
ota_0,app,ota_0,0x10000,2496K,
ota_1,app,ota_1,0x280000,2496K,
zfs,data,fat,0x4f0000,3M,
*******************************************************************************
[7/1515] Building ASM object esp-idf/xtensa/CMakeFiles/__idf_xtensa.dir/xtensa_context.S.obj
[8/1515] Building C object esp-idf/xtensa/CMakeFiles/__idf_xtensa.dir/xt_trax.c.obj
[9/1515] Building ASM object esp-idf/xtensa/CMakeFiles/__idf_xtensa.dir/xtensa_intr_asm.S.obj
[10/1515] Building ASM object esp-idf/xtensa/CMakeFiles/__idf_xtensa.dir/xtensa_vectors.S.obj
[11/1515] Building C object esp-idf/xtensa/CMakeFiles/__idf_xtensa.dir/xtensa_intr.c.obj
[12/1515] Building C object esp-idf/esp_driver_gpio/CMakeFiles/__idf_esp_driver_gpio.dir/src/gpio_glitch_filter_ops.c.obj
[13/1515] Building C object esp-idf/esp_driver_gpio/CMakeFiles/__idf_esp_driver_gpio.dir/src/rtc_io.c.obj
[14/1515] Building C object esp-idf/esp_driver_gpio/CMakeFiles/__idf_esp_driver_gpio.dir/src/dedic_gpio.c.obj
[15/1515] Building C object esp-idf/esp_driver_gpio/CMakeFiles/__idf_esp_driver_gpio.dir/src/gpio_pin_glitch_filter.c.obj
[16/1515] Building C object esp-idf/esp_driver_gpio/CMakeFiles/__idf_esp_driver_gpio.dir/src/gpio.c.obj
[17/1515] Building C object esp-idf/esp_pm/CMakeFiles/__idf_esp_pm.dir/pm_trace.c.obj
[18/1515] Building C object esp-idf/esp_pm/CMakeFiles/__idf_esp_pm.dir/pm_locks.c.obj
[19/1515] Building C object esp-idf/mbedtls/mbedtls/3rdparty/everest/CMakeFiles/everest.dir/library/everest.c.obj
[20/1515] Building C object esp-idf/mbedtls/mbedtls/3rdparty/everest/CMakeFiles/everest.dir/library/x25519.c.obj
[21/1515] Building C object esp-idf/mbedtls/mbedtls/3rdparty/everest/CMakeFiles/everest.dir/library/Hacl_Curve25519_joined.c.obj
[22/1515] Building C object esp-idf/mbedtls/mbedtls/3rdparty/p256-m/CMakeFiles/p256m.dir/p256-m_driver_entrypoints.c.obj
[23/1515] Building C object esp-idf/esp_pm/CMakeFiles/__idf_esp_pm.dir/pm_impl.c.obj
[24/1515] Building C object esp-idf/mbedtls/mbedtls/3rdparty/p256-m/CMakeFiles/p256m.dir/p256-m/p256-m.c.obj
[25/1515] Building C object esp-idf/mbedtls/mbedtls/library/CMakeFiles/mbedcrypto.dir/aesni.c.obj
[26/1515] Building C object esp-idf/mbedtls/mbedtls/library/CMakeFiles/mbedcrypto.dir/aesce.c.obj
[27/1515] Building C object esp-idf/mbedtls/mbedtls/library/CMakeFiles/mbedcrypto.dir/aes.c.obj
[28/1515] Building C object esp-idf/mbedtls/mbedtls/library/CMakeFiles/mbedcrypto.dir/asn1parse.c.obj
[29/1515] Building C object esp-idf/mbedtls/mbedtls/library/CMakeFiles/mbedcrypto.dir/aria.c.obj
[30/1515] Building C object esp-idf/mbedtls/mbedtls/library/CMakeFiles/mbedcrypto.dir/base64.c.obj
[31/1515] Building C object esp-idf/mbedtls/mbedtls/library/CMakeFiles/mbedcrypto.dir/asn1write.c.obj
[32/1515] Building C object esp-idf/mbedtls/mbedtls/library/CMakeFiles/mbedcrypto.dir/bignum_core.c.obj
[33/1515] Building C object esp-idf/mbedtls/mbedtls/library/CMakeFiles/mbedcrypto.dir/bignum_mod.c.obj
[34/1515] Building C object esp-idf/mbedtls/mbedtls/library/CMakeFiles/mbedcrypto.dir/bignum_mod_raw.c.obj
[35/1515] Building C object esp-idf/mbedtls/mbedtls/library/CMakeFiles/mbedcrypto.dir/block_cipher.c.obj
[36/1515] Building C object esp-idf/mbedtls/mbedtls/library/CMakeFiles/mbedcrypto.dir/camellia.c.obj
[37/1515] Building C object esp-idf/mbedtls/mbedtls/library/CMakeFiles/mbedcrypto.dir/bignum.c.obj
[38/1515] Building C object esp-idf/mbedtls/mbedtls/library/CMakeFiles/mbedcrypto.dir/ccm.c.obj
[39/1515] Building C object esp-idf/mbedtls/mbedtls/library/CMakeFiles/mbedcrypto.dir/chacha20.c.obj
[40/1515] Building C object esp-idf/mbedtls/mbedtls/library/CMakeFiles/mbedcrypto.dir/chachapoly.c.obj
[41/1515] Building C object esp-idf/mbedtls/mbedtls/library/CMakeFiles/mbedcrypto.dir/cipher_wrap.c.obj
[42/1515] Building C object esp-idf/mbedtls/mbedtls/library/CMakeFiles/mbedcrypto.dir/constant_time.c.obj
[43/1515] Building C object esp-idf/mbedtls/mbedtls/library/CMakeFiles/mbedcrypto.dir/cipher.c.obj
[44/1515] Building C object esp-idf/mbedtls/mbedtls/library/CMakeFiles/mbedcrypto.dir/cmac.c.obj
[45/1515] Building C object esp-idf/mbedtls/mbedtls/library/CMakeFiles/mbedcrypto.dir/des.c.obj
[46/1515] Building C object esp-idf/mbedtls/mbedtls/library/CMakeFiles/mbedcrypto.dir/dhm.c.obj
[47/1515] Building C object esp-idf/mbedtls/mbedtls/library/CMakeFiles/mbedcrypto.dir/ctr_drbg.c.obj
[48/1515] Building C object esp-idf/mbedtls/mbedtls/library/CMakeFiles/mbedcrypto.dir/ecdh.c.obj
[49/1515] Building C object esp-idf/mbedtls/mbedtls/library/CMakeFiles/mbedcrypto.dir/ecjpake.c.obj
[50/1515] Building C object esp-idf/mbedtls/mbedtls/library/CMakeFiles/mbedcrypto.dir/ecdsa.c.obj
[51/1515] Building C object esp-idf/mbedtls/mbedtls/library/CMakeFiles/mbedcrypto.dir/ecp_curves.c.obj
[52/1515] Building C object esp-idf/mbedtls/mbedtls/library/CMakeFiles/mbedcrypto.dir/ecp_curves_new.c.obj
[53/1515] Building C object esp-idf/mbedtls/mbedtls/library/CMakeFiles/mbedcrypto.dir/entropy.c.obj
[54/1515] Building C object esp-idf/mbedtls/mbedtls/library/CMakeFiles/mbedcrypto.dir/ecp.c.obj
[55/1515] Building C object esp-idf/mbedtls/mbedtls/library/CMakeFiles/mbedcrypto.dir/entropy_poll.c.obj
[56/1515] Building C object esp-idf/mbedtls/mbedtls/library/CMakeFiles/mbedcrypto.dir/error.c.obj
[57/1515] Building C object esp-idf/mbedtls/mbedtls/library/CMakeFiles/mbedcrypto.dir/hkdf.c.obj
[58/1515] Building C object esp-idf/mbedtls/mbedtls/library/CMakeFiles/mbedcrypto.dir/hmac_drbg.c.obj
[59/1515] Building C object esp-idf/mbedtls/mbedtls/library/CMakeFiles/mbedcrypto.dir/gcm.c.obj
[60/1515] Building C object esp-idf/mbedtls/mbedtls/library/CMakeFiles/mbedcrypto.dir/lms.c.obj
[61/1515] Building C object esp-idf/mbedtls/mbedtls/library/CMakeFiles/mbedcrypto.dir/lmots.c.obj
[62/1515] Building C object esp-idf/mbedtls/mbedtls/library/CMakeFiles/mbedcrypto.dir/md5.c.obj
[63/1515] Building C object esp-idf/mbedtls/mbedtls/library/CMakeFiles/mbedcrypto.dir/memory_buffer_alloc.c.obj
[64/1515] Building C object esp-idf/mbedtls/mbedtls/library/CMakeFiles/mbedcrypto.dir/nist_kw.c.obj
[65/1515] Building C object esp-idf/mbedtls/mbedtls/library/CMakeFiles/mbedcrypto.dir/md.c.obj
[66/1515] Building C object esp-idf/mbedtls/mbedtls/library/CMakeFiles/mbedcrypto.dir/padlock.c.obj
[67/1515] Building C object esp-idf/mbedtls/mbedtls/library/CMakeFiles/mbedcrypto.dir/pem.c.obj
[68/1515] Building C object esp-idf/mbedtls/mbedtls/library/CMakeFiles/mbedcrypto.dir/oid.c.obj
[69/1515] Building C object esp-idf/mbedtls/mbedtls/library/CMakeFiles/mbedcrypto.dir/pk_ecc.c.obj
[70/1515] Building C object esp-idf/mbedtls/mbedtls/library/CMakeFiles/mbedcrypto.dir/pk_wrap.c.obj
[71/1515] Building C object esp-idf/mbedtls/mbedtls/library/CMakeFiles/mbedcrypto.dir/pk.c.obj
[72/1515] Building C object esp-idf/mbedtls/mbedtls/library/CMakeFiles/mbedcrypto.dir/pkcs12.c.obj
[73/1515] Building C object esp-idf/mbedtls/mbedtls/library/CMakeFiles/mbedcrypto.dir/pkcs5.c.obj
[74/1515] Building C object esp-idf/mbedtls/mbedtls/library/CMakeFiles/mbedcrypto.dir/pkwrite.c.obj
[75/1515] Building C object esp-idf/mbedtls/mbedtls/library/CMakeFiles/mbedcrypto.dir/platform.c.obj
[76/1515] Building C object esp-idf/mbedtls/mbedtls/library/CMakeFiles/mbedcrypto.dir/pkparse.c.obj
[77/1515] Building C object esp-idf/mbedtls/mbedtls/library/CMakeFiles/mbedcrypto.dir/poly1305.c.obj
[78/1515] Building C object esp-idf/mbedtls/mbedtls/library/CMakeFiles/mbedcrypto.dir/platform_util.c.obj
[79/1515] Building C object esp-idf/mbedtls/mbedtls/library/CMakeFiles/mbedcrypto.dir/psa_crypto_aead.c.obj
[80/1515] Building C object esp-idf/mbedtls/mbedtls/library/CMakeFiles/mbedcrypto.dir/psa_crypto_cipher.c.obj
[81/1515] Building C object esp-idf/mbedtls/mbedtls/library/CMakeFiles/mbedcrypto.dir/psa_crypto_client.c.obj
[82/1515] Building C object esp-idf/mbedtls/mbedtls/library/CMakeFiles/mbedcrypto.dir/psa_crypto_driver_wrappers_no_static.c.obj
[83/1515] Building C object esp-idf/mbedtls/mbedtls/library/CMakeFiles/mbedcrypto.dir/psa_crypto_ecp.c.obj
[84/1515] Building C object esp-idf/mbedtls/mbedtls/library/CMakeFiles/mbedcrypto.dir/psa_crypto_ffdh.c.obj
[85/1515] Building C object esp-idf/mbedtls/mbedtls/library/CMakeFiles/mbedcrypto.dir/psa_crypto_hash.c.obj
[86/1515] Building C object esp-idf/mbedtls/mbedtls/library/CMakeFiles/mbedcrypto.dir/psa_crypto_mac.c.obj
[87/1515] Building C object esp-idf/mbedtls/mbedtls/library/CMakeFiles/mbedcrypto.dir/psa_crypto_pake.c.obj
[88/1515] Building C object esp-idf/mbedtls/mbedtls/library/CMakeFiles/mbedcrypto.dir/psa_crypto_rsa.c.obj
[89/1515] Building C object esp-idf/mbedtls/mbedtls/library/CMakeFiles/mbedcrypto.dir/psa_crypto_se.c.obj
[90/1515] Building C object esp-idf/mbedtls/mbedtls/library/CMakeFiles/mbedcrypto.dir/psa_crypto_slot_management.c.obj
[91/1515] Building C object esp-idf/mbedtls/mbedtls/library/CMakeFiles/mbedcrypto.dir/psa_crypto_storage.c.obj
[92/1515] Building C object esp-idf/mbedtls/mbedtls/library/CMakeFiles/mbedcrypto.dir/psa_its_file.c.obj
[93/1515] Building C object esp-idf/mbedtls/mbedtls/library/CMakeFiles/mbedcrypto.dir/psa_util.c.obj
[94/1515] Building C object esp-idf/mbedtls/mbedtls/library/CMakeFiles/mbedcrypto.dir/ripemd160.c.obj
[95/1515] Building C object esp-idf/mbedtls/mbedtls/library/CMakeFiles/mbedcrypto.dir/psa_crypto.c.obj
[96/1515] Building C object esp-idf/mbedtls/mbedtls/library/CMakeFiles/mbedcrypto.dir/rsa_alt_helpers.c.obj
[97/1515] Building C object esp-idf/mbedtls/mbedtls/library/CMakeFiles/mbedcrypto.dir/sha1.c.obj
[98/1515] Building C object esp-idf/mbedtls/mbedtls/library/CMakeFiles/mbedcrypto.dir/sha256.c.obj
[99/1515] Building C object esp-idf/mbedtls/mbedtls/library/CMakeFiles/mbedcrypto.dir/sha512.c.obj
[100/1515] Building C object esp-idf/mbedtls/mbedtls/library/CMakeFiles/mbedcrypto.dir/rsa.c.obj
[101/1515] Building C object esp-idf/mbedtls/mbedtls/library/CMakeFiles/mbedcrypto.dir/sha3.c.obj
[102/1515] Building C object esp-idf/mbedtls/mbedtls/library/CMakeFiles/mbedcrypto.dir/threading.c.obj
[103/1515] Building C object esp-idf/mbedtls/mbedtls/library/CMakeFiles/mbedcrypto.dir/timing.c.obj
[104/1515] Building C object esp-idf/mbedtls/mbedtls/library/CMakeFiles/mbedcrypto.dir/version.c.obj
[105/1515] Building C object esp-idf/mbedtls/mbedtls/library/CMakeFiles/mbedcrypto.dir/version_features.c.obj
[106/1515] Building C object esp-idf/mbedtls/mbedtls/library/CMakeFiles/mbedcrypto.dir/home/shanmukh/esp/esp-idf/components/mbedtls/port/sha/core/esp_sha_gdma_impl.c.obj
[107/1515] Building C object esp-idf/mbedtls/mbedtls/library/CMakeFiles/mbedcrypto.dir/home/shanmukh/esp/esp-idf/components/mbedtls/port/aes/dma/esp_aes_gdma_impl.c.obj
[108/1515] Building C object esp-idf/mbedtls/mbedtls/library/CMakeFiles/mbedcrypto.dir/home/shanmukh/esp/esp-idf/components/mbedtls/port/crypto_shared_gdma/esp_crypto_shared_gdma.c.obj
[109/1515] Building C object esp-idf/mbedtls/mbedtls/library/CMakeFiles/mbedcrypto.dir/home/shanmukh/esp/esp-idf/components/mbedtls/port/esp_hardware.c.obj
[110/1515] Building C object esp-idf/mbedtls/mbedtls/library/CMakeFiles/mbedcrypto.dir/home/shanmukh/esp/esp-idf/components/mbedtls/port/esp_mem.c.obj
[111/1515] Building C object esp-idf/mbedtls/mbedtls/library/CMakeFiles/mbedcrypto.dir/home/shanmukh/esp/esp-idf/components/mbedtls/port/aes/dma/esp_aes_dma_core.c.obj
[112/1515] Building C object esp-idf/mbedtls/mbedtls/library/CMakeFiles/mbedcrypto.dir/home/shanmukh/esp/esp-idf/components/mbedtls/port/esp_timing.c.obj
[113/1515] Building C object esp-idf/mbedtls/mbedtls/library/CMakeFiles/mbedcrypto.dir/home/shanmukh/esp/esp-idf/components/mbedtls/port/aes/esp_aes_common.c.obj
[114/1515] Building C object esp-idf/mbedtls/mbedtls/library/CMakeFiles/mbedcrypto.dir/home/shanmukh/esp/esp-idf/components/mbedtls/port/aes/esp_aes_xts.c.obj
[115/1515] Building C object esp-idf/mbedtls/mbedtls/library/CMakeFiles/mbedcrypto.dir/home/shanmukh/esp/esp-idf/components/mbedtls/port/sha/esp_sha.c.obj
[116/1515] Building C object esp-idf/mbedtls/mbedtls/library/CMakeFiles/mbedcrypto.dir/home/shanmukh/esp/esp-idf/components/mbedtls/port/aes/dma/esp_aes.c.obj
[117/1515] Building C object esp-idf/mbedtls/mbedtls/library/CMakeFiles/mbedcrypto.dir/home/shanmukh/esp/esp-idf/components/mbedtls/port/sha/core/sha.c.obj
[118/1515] Building C object esp-idf/mbedtls/mbedtls/library/CMakeFiles/mbedcrypto.dir/home/shanmukh/esp/esp-idf/components/mbedtls/port/esp_ds/esp_rsa_sign_alt.c.obj
[119/1515] Building C object esp-idf/mbedtls/mbedtls/library/CMakeFiles/mbedcrypto.dir/home/shanmukh/esp/esp-idf/components/mbedtls/port/esp_ds/esp_rsa_dec_alt.c.obj
[120/1515] Building C object esp-idf/mbedtls/mbedtls/library/CMakeFiles/mbedcrypto.dir/home/shanmukh/esp/esp-idf/components/mbedtls/port/esp_hmac_pbkdf2.c.obj
[121/1515] Building C object esp-idf/mbedtls/mbedtls/library/CMakeFiles/mbedcrypto.dir/home/shanmukh/esp/esp-idf/components/mbedtls/port/esp_ds/esp_ds_common.c.obj
[122/1515] Building C object esp-idf/mbedtls/mbedtls/library/CMakeFiles/mbedcrypto.dir/home/shanmukh/esp/esp-idf/components/mbedtls/port/bignum/bignum_alt.c.obj
[123/1515] Building C object esp-idf/mbedtls/mbedtls/library/CMakeFiles/mbedcrypto.dir/home/shanmukh/esp/esp-idf/components/mbedtls/port/sha/core/esp_sha1.c.obj
[124/1515] Building C object esp-idf/mbedtls/mbedtls/library/CMakeFiles/mbedcrypto.dir/home/shanmukh/esp/esp-idf/components/mbedtls/port/bignum/esp_bignum.c.obj
[125/1515] Building C object esp-idf/mbedtls/mbedtls/library/CMakeFiles/mbedcrypto.dir/home/shanmukh/esp/esp-idf/components/mbedtls/port/sha/core/esp_sha256.c.obj
[126/1515] Building C object esp-idf/mbedtls/mbedtls/library/CMakeFiles/mbedcrypto.dir/home/shanmukh/esp/esp-idf/components/mbedtls/port/sha/core/esp_sha512.c.obj
[127/1515] Building C object esp-idf/mbedtls/mbedtls/library/CMakeFiles/mbedcrypto.dir/home/shanmukh/esp/esp-idf/components/mbedtls/port/md/esp_md.c.obj
[128/1515] Building C object esp-idf/mbedtls/mbedtls/library/CMakeFiles/mbedcrypto.dir/home/shanmukh/esp/esp-idf/components/mbedtls/port/aes/esp_aes_gcm.c.obj
[129/1515] Building C object esp-idf/mbedtls/mbedtls/library/CMakeFiles/mbedx509.dir/pkcs7.c.obj
[130/1515] Building C object esp-idf/mbedtls/mbedtls/library/CMakeFiles/mbedx509.dir/x509_create.c.obj
[131/1515] Building C object esp-idf/mbedtls/mbedtls/library/CMakeFiles/mbedx509.dir/x509_crl.c.obj
[132/1515] Building C object esp-idf/mbedtls/mbedtls/library/CMakeFiles/mbedx509.dir/x509.c.obj
[133/1515] Building C object esp-idf/mbedtls/mbedtls/library/CMakeFiles/mbedx509.dir/x509_csr.c.obj
[134/1515] Building C object esp-idf/mbedtls/mbedtls/library/CMakeFiles/mbedx509.dir/x509write.c.obj
[135/1515] Building C object esp-idf/mbedtls/mbedtls/library/CMakeFiles/mbedx509.dir/x509write_crt.c.obj
[136/1515] Building C object esp-idf/mbedtls/mbedtls/library/CMakeFiles/mbedx509.dir/x509_crt.c.obj
[137/1515] Building C object esp-idf/mbedtls/mbedtls/library/CMakeFiles/mbedx509.dir/x509write_csr.c.obj
[138/1515] Building C object esp-idf/mbedtls/mbedtls/library/CMakeFiles/mbedtls.dir/debug.c.obj
[139/1515] Building C object esp-idf/mbedtls/mbedtls/library/CMakeFiles/mbedtls.dir/mps_reader.c.obj
[140/1515] Building C object esp-idf/mbedtls/mbedtls/library/CMakeFiles/mbedtls.dir/mps_trace.c.obj
[141/1515] Building C object esp-idf/mbedtls/mbedtls/library/CMakeFiles/mbedtls.dir/ssl_ciphersuites.c.obj
[142/1515] Building C object esp-idf/mbedtls/mbedtls/library/CMakeFiles/mbedtls.dir/ssl_cache.c.obj
[143/1515] Building C object esp-idf/mbedtls/mbedtls/library/CMakeFiles/mbedtls.dir/ssl_cookie.c.obj
[144/1515] Building C object esp-idf/mbedtls/mbedtls/library/CMakeFiles/mbedtls.dir/ssl_debug_helpers_generated.c.obj
[145/1515] Building C object esp-idf/mbedtls/mbedtls/library/CMakeFiles/mbedtls.dir/ssl_client.c.obj
[146/1515] Building C object esp-idf/mbedtls/mbedtls/library/CMakeFiles/mbedtls.dir/ssl_ticket.c.obj
[147/1515] Building C object esp-idf/mbedtls/mbedtls/library/CMakeFiles/mbedtls.dir/ssl_msg.c.obj
[148/1515] Building C object esp-idf/mbedtls/mbedtls/library/CMakeFiles/mbedtls.dir/ssl_tls.c.obj
[149/1515] Building C object esp-idf/mbedtls/mbedtls/library/CMakeFiles/mbedtls.dir/ssl_tls12_client.c.obj
[150/1515] Building C object esp-idf/mbedtls/mbedtls/library/CMakeFiles/mbedtls.dir/ssl_tls13_keys.c.obj
[151/1515] Building C object esp-idf/mbedtls/mbedtls/library/CMakeFiles/mbedtls.dir/ssl_tls13_server.c.obj
[152/1515] Building C object esp-idf/mbedtls/mbedtls/library/CMakeFiles/mbedtls.dir/ssl_tls13_client.c.obj
[153/1515] Building C object esp-idf/mbedtls/mbedtls/library/CMakeFiles/mbedtls.dir/ssl_tls13_generic.c.obj
[154/1515] Building C object esp-idf/mbedtls/mbedtls/library/CMakeFiles/mbedtls.dir/home/shanmukh/esp/esp-idf/components/mbedtls/port/mbedtls_debug.c.obj
[155/1515] Building C object esp-idf/mbedtls/mbedtls/library/CMakeFiles/mbedtls.dir/home/shanmukh/esp/esp-idf/components/mbedtls/port/esp_platform_time.c.obj
[156/1515] Building C object esp-idf/mbedtls/mbedtls/library/CMakeFiles/mbedtls.dir/ssl_tls12_server.c.obj
[157/1515] Creating directories for 'bootloader'
[158/1515] Building C object esp-idf/mbedtls/mbedtls/library/CMakeFiles/mbedtls.dir/home/shanmukh/esp/esp-idf/components/mbedtls/port/net_sockets.c.obj
[159/1515] No download step for 'bootloader'
[160/1515] No update step for 'bootloader'
[161/1515] No patch step for 'bootloader'
[162/1515] Building C object esp-idf/esp_app_format/CMakeFiles/__idf_esp_app_format.dir/esp_app_desc.c.obj
[163/1515] Building C object esp-idf/esp_bootloader_format/CMakeFiles/__idf_esp_bootloader_format.dir/esp_bootloader_desc.c.obj
[164/1515] Building C object esp-idf/app_update/CMakeFiles/__idf_app_update.dir/esp_ota_ops.c.obj
[165/1515] Building C object esp-idf/app_update/CMakeFiles/__idf_app_update.dir/esp_ota_app_desc.c.obj
[166/1515] Building C object esp-idf/esp_partition/CMakeFiles/__idf_esp_partition.dir/partition.c.obj
[167/1515] Building C object esp-idf/esp_partition/CMakeFiles/__idf_esp_partition.dir/partition_target.c.obj
[168/1515] Building C object esp-idf/efuse/CMakeFiles/__idf_efuse.dir/esp32s3/esp_efuse_table.c.obj
[169/1515] Building C object esp-idf/efuse/CMakeFiles/__idf_efuse.dir/esp32s3/esp_efuse_fields.c.obj
[170/1515] Building C object esp-idf/efuse/CMakeFiles/__idf_efuse.dir/esp32s3/esp_efuse_rtc_calib.c.obj
[171/1515] Building C object esp-idf/efuse/CMakeFiles/__idf_efuse.dir/esp32s3/esp_efuse_utility.c.obj
[172/1515] Building C object esp-idf/efuse/CMakeFiles/__idf_efuse.dir/src/esp_efuse_api.c.obj
[173/1515] Building C object esp-idf/efuse/CMakeFiles/__idf_efuse.dir/src/esp_efuse_fields.c.obj
[174/1515] Building C object esp-idf/efuse/CMakeFiles/__idf_efuse.dir/src/esp_efuse_utility.c.obj
[175/1515] Building C object esp-idf/efuse/CMakeFiles/__idf_efuse.dir/src/efuse_controller/keys/with_key_purposes/esp_efuse_api_key.c.obj
[176/1515] Building C object esp-idf/efuse/CMakeFiles/__idf_efuse.dir/src/esp_efuse_startup.c.obj
[177/1515] Building C object esp-idf/bootloader_support/CMakeFiles/__idf_bootloader_support.dir/src/bootloader_common.c.obj
[178/1515] Building C object esp-idf/bootloader_support/CMakeFiles/__idf_bootloader_support.dir/src/bootloader_common_loader.c.obj
[179/1515] Building C object esp-idf/bootloader_support/CMakeFiles/__idf_bootloader_support.dir/src/bootloader_clock_init.c.obj
[180/1515] Building C object esp-idf/bootloader_support/CMakeFiles/__idf_bootloader_support.dir/src/bootloader_mem.c.obj
[181/1515] Building C object esp-idf/bootloader_support/CMakeFiles/__idf_bootloader_support.dir/src/bootloader_random.c.obj
[182/1515] Building C object esp-idf/bootloader_support/CMakeFiles/__idf_bootloader_support.dir/src/bootloader_efuse.c.obj
[183/1515] Building C object esp-idf/bootloader_support/CMakeFiles/__idf_bootloader_support.dir/src/flash_encrypt.c.obj
[184/1515] Building C object esp-idf/bootloader_support/CMakeFiles/__idf_bootloader_support.dir/src/secure_boot.c.obj
[185/1515] Building C object esp-idf/bootloader_support/CMakeFiles/__idf_bootloader_support.dir/src/bootloader_random_esp32s3.c.obj
[186/1515] Building C object esp-idf/bootloader_support/CMakeFiles/__idf_bootloader_support.dir/bootloader_flash/src/bootloader_flash.c.obj
[187/1515] Performing configure step for 'bootloader'
-- Found Git: /usr/bin/git (found version "2.43.0") 
-- Minimal build - OFF
-- The C compiler identification is GNU 14.2.0
-- The CXX compiler identification is GNU 14.2.0
-- The ASM compiler identification is GNU
-- Found assembler: /home/shanmukh/.espressif/tools/xtensa-esp-elf/esp-14.2.0_20251107/xtensa-esp-elf/bin/xtensa-esp32s3-elf-gcc
-- Detecting C compiler ABI info
-- Detecting C compiler ABI info - done
-- Check for working C compiler: /home/shanmukh/.espressif/tools/xtensa-esp-elf/esp-14.2.0_20251107/xtensa-esp-elf/bin/xtensa-esp32s3-elf-gcc - skipped
-- Detecting C compile features
-- Detecting C compile features - done
-- Detecting CXX compiler ABI info
-- Detecting CXX compiler ABI info - done
-- Check for working CXX compiler: /home/shanmukh/.espressif/tools/xtensa-esp-elf/esp-14.2.0_20251107/xtensa-esp-elf/bin/xtensa-esp32s3-elf-g++ - skipped
-- Detecting CXX compile features
-- Detecting CXX compile features - done
-- Building ESP-IDF components for target esp32s3
-- ESP-TEE is currently supported only on the esp32c6;esp32h2;esp32c5 SoCs
-- Project sdkconfig file /home/shanmukh/OSBuild/ports/esp32/build-ESP32_GENERIC_S3/sdkconfig
-- Compiler supported targets: xtensa-esp-elf
-- Adding linker script /home/shanmukh/esp/esp-idf/components/soc/esp32s3/ld/esp32s3.peripherals.ld
-- Bootloader project name: "bootloader" version: 1
-- Adding linker script /home/shanmukh/esp/esp-idf/components/esp_rom/esp32s3/ld/esp32s3.rom.ld
-- Adding linker script /home/shanmukh/esp/esp-idf/components/esp_rom/esp32s3/ld/esp32s3.rom.api.ld
-- Adding linker script /home/shanmukh/esp/esp-idf/components/esp_rom/esp32s3/ld/esp32s3.rom.bt_funcs.ld
-- Adding linker script /home/shanmukh/esp/esp-idf/components/esp_rom/esp32s3/ld/esp32s3.rom.libgcc.ld
-- Adding linker script /home/shanmukh/esp/esp-idf/components/esp_rom/esp32s3/ld/esp32s3.rom.wdt.ld
-- Adding linker script /home/shanmukh/esp/esp-idf/components/esp_rom/esp32s3/ld/esp32s3.rom.version.ld
-- Adding linker script /home/shanmukh/esp/esp-idf/components/esp_rom/esp32s3/ld/esp32s3.rom.libc.ld
-- Adding linker script /home/shanmukh/esp/esp-idf/components/esp_rom/esp32s3/ld/esp32s3.rom.newlib.ld
-- Adding linker script /home/shanmukh/esp/esp-idf/components/bootloader/subproject/main/ld/esp32s3/bootloader.rom.ld
-- Components: bootloader bootloader_support efuse esp_app_format esp_bootloader_format esp_common esp_hw_support esp_rom esp_security esp_system esptool_py freertos hal log main micro-ecc newlib partition_table soc spi_flash xtensa
-- Component paths: /home/shanmukh/esp/esp-idf/components/bootloader /home/shanmukh/esp/esp-idf/components/bootloader_support /home/shanmukh/esp/esp-idf/components/efuse /home/shanmukh/esp/esp-idf/components/esp_app_format /home/shanmukh/esp/esp-idf/components/esp_bootloader_format /home/shanmukh/esp/esp-idf/components/esp_common /home/shanmukh/esp/esp-idf/components/esp_hw_support /home/shanmukh/esp/esp-idf/components/esp_rom /home/shanmukh/esp/esp-idf/components/esp_security /home/shanmukh/esp/esp-idf/components/esp_system /home/shanmukh/esp/esp-idf/components/esptool_py /home/shanmukh/esp/esp-idf/components/freertos /home/shanmukh/esp/esp-idf/components/hal /home/shanmukh/esp/esp-idf/components/log /home/shanmukh/esp/esp-idf/components/bootloader/subproject/main /home/shanmukh/esp/esp-idf/components/bootloader/subproject/components/micro-ecc /home/shanmukh/esp/esp-idf/components/newlib /home/shanmukh/esp/esp-idf/components/partition_table /home/shanmukh/esp/esp-idf/components/soc /home/shanmukh/esp/esp-idf/components/spi_flash /home/shanmukh/esp/esp-idf/components/xtensa
-- Adding linker script /home/shanmukh/esp/esp-idf/components/bootloader/subproject/main/ld/esp32s3/bootloader.ld
-- Configuring done (4.6s)
-- Generating done (0.1s)
-- Build files have been written to: /home/shanmukh/OSBuild/ports/esp32/build-ESP32_GENERIC_S3/bootloader
[188/1515] Building C object esp-idf/bootloader_support/CMakeFiles/__idf_bootloader_support.dir/bootloader_flash/src/flash_qio_mode.c.obj
[189/1515] Building C object esp-idf/bootloader_support/CMakeFiles/__idf_bootloader_support.dir/bootloader_flash/src/bootloader_flash_config_esp32s3.c.obj
[190/1515] Building C object esp-idf/bootloader_support/CMakeFiles/__idf_bootloader_support.dir/src/bootloader_utility.c.obj
[191/1515] Building C object esp-idf/bootloader_support/CMakeFiles/__idf_bootloader_support.dir/src/flash_partitions.c.obj
[192/1515] Building C object esp-idf/bootloader_support/CMakeFiles/__idf_bootloader_support.dir/src/esp_image_format.c.obj
[193/1515] Building C object esp-idf/bootloader_support/CMakeFiles/__idf_bootloader_support.dir/src/bootloader_sha.c.obj
[194/1515] Building C object esp-idf/bootloader_support/CMakeFiles/__idf_bootloader_support.dir/src/esp32s3/secure_boot_secure_features.c.obj
[195/1515] Building C object esp-idf/esp_mm/CMakeFiles/__idf_esp_mm.dir/esp_mmu_map.c.obj
[196/1515] Building C object esp-idf/esp_mm/CMakeFiles/__idf_esp_mm.dir/port/esp32s3/ext_mem_layout.c.obj
[197/1515] Building C object esp-idf/esp_mm/CMakeFiles/__idf_esp_mm.dir/esp_cache_msync.c.obj
[198/1515] Building C object esp-idf/esp_mm/CMakeFiles/__idf_esp_mm.dir/esp_cache_utils.c.obj
[199/1515] Building C object esp-idf/esp_mm/CMakeFiles/__idf_esp_mm.dir/heap_align_hw.c.obj
[200/1515] Building C object esp-idf/spi_flash/CMakeFiles/__idf_spi_flash.dir/flash_brownout_hook.c.obj
[201/1515] Building C object esp-idf/spi_flash/CMakeFiles/__idf_spi_flash.dir/esp32s3/spi_flash_oct_flash_init.c.obj
[202/1515] Building C object esp-idf/spi_flash/CMakeFiles/__idf_spi_flash.dir/spi_flash_hpm_enable.c.obj
[203/1515] Building C object esp-idf/spi_flash/CMakeFiles/__idf_spi_flash.dir/spi_flash_chip_drivers.c.obj
[204/1515] Building C object esp-idf/spi_flash/CMakeFiles/__idf_spi_flash.dir/spi_flash_chip_generic.c.obj
[205/1515] Building C object esp-idf/spi_flash/CMakeFiles/__idf_spi_flash.dir/spi_flash_chip_issi.c.obj
[206/1515] Building C object esp-idf/spi_flash/CMakeFiles/__idf_spi_flash.dir/spi_flash_chip_mxic.c.obj
[207/1515] Building C object esp-idf/spi_flash/CMakeFiles/__idf_spi_flash.dir/spi_flash_chip_gd.c.obj
[208/1515] Building C object esp-idf/spi_flash/CMakeFiles/__idf_spi_flash.dir/spi_flash_chip_winbond.c.obj
[209/1515] Building C object esp-idf/spi_flash/CMakeFiles/__idf_spi_flash.dir/spi_flash_chip_boya.c.obj
[210/1515] Building C object esp-idf/spi_flash/CMakeFiles/__idf_spi_flash.dir/spi_flash_chip_mxic_opi.c.obj
[211/1515] Building C object esp-idf/spi_flash/CMakeFiles/__idf_spi_flash.dir/spi_flash_chip_th.c.obj
[212/1515] Building C object esp-idf/spi_flash/CMakeFiles/__idf_spi_flash.dir/memspi_host_driver.c.obj
[213/1515] Building C object esp-idf/spi_flash/CMakeFiles/__idf_spi_flash.dir/cache_utils.c.obj
[214/1515] Building C object esp-idf/spi_flash/CMakeFiles/__idf_spi_flash.dir/flash_mmap.c.obj
[215/1515] Building C object esp-idf/spi_flash/CMakeFiles/__idf_spi_flash.dir/flash_ops.c.obj
[216/1515] Building C object esp-idf/spi_flash/CMakeFiles/__idf_spi_flash.dir/spi_flash_wrap.c.obj
[217/1515] Building C object esp-idf/spi_flash/CMakeFiles/__idf_spi_flash.dir/esp_flash_api.c.obj
[218/1515] Performing build step for 'bootloader'
[1/123] Generating project_elf_src_esp32s3.c
[2/123] Building C object esp-idf/xtensa/CMakeFiles/__idf_xtensa.dir/eri.c.obj
[3/123] Building C object CMakeFiles/bootloader.elf.dir/project_elf_src_esp32s3.c.obj
[4/123] Building C object esp-idf/xtensa/CMakeFiles/__idf_xtensa.dir/xt_trax.c.obj
[5/123] Building C object esp-idf/soc/CMakeFiles/__idf_soc.dir/lldesc.c.obj
[6/123] Building C object esp-idf/soc/CMakeFiles/__idf_soc.dir/esp32s3/interrupts.c.obj
[7/123] Building C object esp-idf/soc/CMakeFiles/__idf_soc.dir/dport_access_common.c.obj
[8/123] Building C object esp-idf/soc/CMakeFiles/__idf_soc.dir/esp32s3/uart_periph.c.obj
[9/123] Building C object esp-idf/soc/CMakeFiles/__idf_soc.dir/esp32s3/gpio_periph.c.obj
[10/123] Building C object esp-idf/soc/CMakeFiles/__idf_soc.dir/esp32s3/adc_periph.c.obj
[11/123] Building C object esp-idf/soc/CMakeFiles/__idf_soc.dir/esp32s3/dedic_gpio_periph.c.obj
[12/123] Building C object esp-idf/soc/CMakeFiles/__idf_soc.dir/esp32s3/gdma_periph.c.obj
[13/123] Building C object esp-idf/soc/CMakeFiles/__idf_soc.dir/esp32s3/spi_periph.c.obj
[14/123] Building C object esp-idf/soc/CMakeFiles/__idf_soc.dir/esp32s3/ledc_periph.c.obj
[15/123] Building C object esp-idf/soc/CMakeFiles/__idf_soc.dir/esp32s3/pcnt_periph.c.obj
[16/123] Building C object esp-idf/soc/CMakeFiles/__idf_soc.dir/esp32s3/rmt_periph.c.obj
[17/123] Building C object esp-idf/soc/CMakeFiles/__idf_soc.dir/esp32s3/sdm_periph.c.obj
[18/123] Building C object esp-idf/soc/CMakeFiles/__idf_soc.dir/esp32s3/i2s_periph.c.obj
[19/123] Building C object esp-idf/soc/CMakeFiles/__idf_soc.dir/esp32s3/i2c_periph.c.obj
[20/123] Building C object esp-idf/soc/CMakeFiles/__idf_soc.dir/esp32s3/temperature_sensor_periph.c.obj
[21/123] Building C object esp-idf/soc/CMakeFiles/__idf_soc.dir/esp32s3/timer_periph.c.obj
[22/123] Building C object esp-idf/soc/CMakeFiles/__idf_soc.dir/esp32s3/lcd_periph.c.obj
[23/123] Building C object esp-idf/soc/CMakeFiles/__idf_soc.dir/esp32s3/mpi_periph.c.obj
[24/123] Building C object esp-idf/soc/CMakeFiles/__idf_soc.dir/esp32s3/mcpwm_periph.c.obj
[25/123] Building C object esp-idf/soc/CMakeFiles/__idf_soc.dir/esp32s3/touch_sensor_periph.c.obj
[26/123] Building C object esp-idf/soc/CMakeFiles/__idf_soc.dir/esp32s3/sdmmc_periph.c.obj
[27/123] Building C object esp-idf/soc/CMakeFiles/__idf_soc.dir/esp32s3/twai_periph.c.obj
[28/123] Building C object esp-idf/soc/CMakeFiles/__idf_soc.dir/esp32s3/usb_dwc_periph.c.obj
[29/123] Building C object esp-idf/soc/CMakeFiles/__idf_soc.dir/esp32s3/wdt_periph.c.obj
[30/123] Building C object esp-idf/soc/CMakeFiles/__idf_soc.dir/esp32s3/cam_periph.c.obj
[31/123] Building C object esp-idf/soc/CMakeFiles/__idf_soc.dir/esp32s3/rtc_io_periph.c.obj
[32/123] Building C object esp-idf/soc/CMakeFiles/__idf_soc.dir/esp32s3/power_supply_periph.c.obj
[33/123] Building C object esp-idf/hal/CMakeFiles/__idf_hal.dir/hal_utils.c.obj
[34/123] Building C object esp-idf/hal/CMakeFiles/__idf_hal.dir/mpu_hal.c.obj
[35/123] Building C object esp-idf/hal/CMakeFiles/__idf_hal.dir/efuse_hal.c.obj
[36/123] Building C object esp-idf/hal/CMakeFiles/__idf_hal.dir/esp32s3/efuse_hal.c.obj
[37/123] Building C object esp-idf/hal/CMakeFiles/__idf_hal.dir/mmu_hal.c.obj
[38/123] Building C object esp-idf/hal/CMakeFiles/__idf_hal.dir/cache_hal.c.obj
[39/123] Building C object esp-idf/spi_flash/CMakeFiles/__idf_spi_flash.dir/spi_flash_wrap.c.obj
[40/123] Building C object esp-idf/esp_bootloader_format/CMakeFiles/__idf_esp_bootloader_format.dir/esp_bootloader_desc.c.obj
[41/123] Building C object esp-idf/bootloader_support/CMakeFiles/__idf_bootloader_support.dir/src/bootloader_common.c.obj
[42/123] Building C object esp-idf/micro-ecc/CMakeFiles/__idf_micro-ecc.dir/uECC_verify_antifault.c.obj
[43/123] Building C object esp-idf/bootloader_support/CMakeFiles/__idf_bootloader_support.dir/src/bootloader_clock_init.c.obj
[44/123] Building C object esp-idf/bootloader_support/CMakeFiles/__idf_bootloader_support.dir/src/bootloader_mem.c.obj
[45/123] Building C object esp-idf/bootloader_support/CMakeFiles/__idf_bootloader_support.dir/src/bootloader_random.c.obj
[46/123] Building C object esp-idf/bootloader_support/CMakeFiles/__idf_bootloader_support.dir/src/bootloader_common_loader.c.obj
[47/123] Building C object esp-idf/bootloader_support/CMakeFiles/__idf_bootloader_support.dir/src/bootloader_efuse.c.obj
[48/123] Building C object esp-idf/bootloader_support/CMakeFiles/__idf_bootloader_support.dir/src/secure_boot.c.obj
[49/123] Building C object esp-idf/bootloader_support/CMakeFiles/__idf_bootloader_support.dir/src/flash_encrypt.c.obj
[50/123] Building C object esp-idf/bootloader_support/CMakeFiles/__idf_bootloader_support.dir/src/bootloader_random_esp32s3.c.obj
[51/123] Building C object esp-idf/bootloader_support/CMakeFiles/__idf_bootloader_support.dir/bootloader_flash/src/flash_qio_mode.c.obj
[52/123] Building C object esp-idf/bootloader_support/CMakeFiles/__idf_bootloader_support.dir/bootloader_flash/src/bootloader_flash_config_esp32s3.c.obj
[53/123] Building C object esp-idf/bootloader_support/CMakeFiles/__idf_bootloader_support.dir/bootloader_flash/src/bootloader_flash.c.obj
[54/123] Building C object esp-idf/bootloader_support/CMakeFiles/__idf_bootloader_support.dir/src/flash_partitions.c.obj
[55/123] Building C object esp-idf/bootloader_support/CMakeFiles/__idf_bootloader_support.dir/src/bootloader_utility.c.obj
[56/123] Building C object esp-idf/bootloader_support/CMakeFiles/__idf_bootloader_support.dir/src/bootloader_sha.c.obj
[57/123] Building C object esp-idf/bootloader_support/CMakeFiles/__idf_bootloader_support.dir/src/esp_image_format.c.obj
[58/123] Building C object esp-idf/bootloader_support/CMakeFiles/__idf_bootloader_support.dir/src/bootloader_clock_loader.c.obj
[59/123] Building C object esp-idf/bootloader_support/CMakeFiles/__idf_bootloader_support.dir/src/bootloader_init.c.obj
[60/123] Building C object esp-idf/bootloader_support/CMakeFiles/__idf_bootloader_support.dir/src/bootloader_console_loader.c.obj
[61/123] Building C object esp-idf/bootloader_support/CMakeFiles/__idf_bootloader_support.dir/src/bootloader_console.c.obj
[62/123] Building C object esp-idf/bootloader_support/CMakeFiles/__idf_bootloader_support.dir/src/esp32s3/bootloader_soc.c.obj
[63/123] Building C object esp-idf/bootloader_support/CMakeFiles/__idf_bootloader_support.dir/src/bootloader_panic.c.obj
[64/123] Building C object esp-idf/efuse/CMakeFiles/__idf_efuse.dir/esp32s3/esp_efuse_table.c.obj
[65/123] Building C object esp-idf/bootloader_support/CMakeFiles/__idf_bootloader_support.dir/src/esp32s3/bootloader_esp32s3.c.obj
[66/123] Building C object esp-idf/efuse/CMakeFiles/__idf_efuse.dir/esp32s3/esp_efuse_fields.c.obj
[67/123] Building C object esp-idf/efuse/CMakeFiles/__idf_efuse.dir/esp32s3/esp_efuse_rtc_calib.c.obj
[68/123] Building C object esp-idf/efuse/CMakeFiles/__idf_efuse.dir/esp32s3/esp_efuse_utility.c.obj
[69/123] Building C object esp-idf/efuse/CMakeFiles/__idf_efuse.dir/src/esp_efuse_fields.c.obj
[70/123] Building C object esp-idf/efuse/CMakeFiles/__idf_efuse.dir/src/esp_efuse_api.c.obj
[71/123] Building C object esp-idf/efuse/CMakeFiles/__idf_efuse.dir/src/esp_efuse_utility.c.obj
[72/123] Building C object esp-idf/efuse/CMakeFiles/__idf_efuse.dir/src/efuse_controller/keys/with_key_purposes/esp_efuse_api_key.c.obj
[73/123] Building C object esp-idf/esp_system/CMakeFiles/__idf_esp_system.dir/esp_err.c.obj
[74/123] Building C object esp-idf/esp_hw_support/CMakeFiles/__idf_esp_hw_support.dir/cpu.c.obj
[75/123] Building C object esp-idf/esp_hw_support/CMakeFiles/__idf_esp_hw_support.dir/port/esp32s3/esp_cpu_intr.c.obj
[76/123] Building C object esp-idf/esp_hw_support/CMakeFiles/__idf_esp_hw_support.dir/esp_memory_utils.c.obj
[77/123] Building C object esp-idf/esp_hw_support/CMakeFiles/__idf_esp_hw_support.dir/port/esp32s3/cpu_region_protect.c.obj
[78/123] Building C object esp-idf/esp_hw_support/CMakeFiles/__idf_esp_hw_support.dir/port/esp32s3/rtc_clk_init.c.obj
[79/123] Building C object esp-idf/esp_hw_support/CMakeFiles/__idf_esp_hw_support.dir/port/esp32s3/rtc_clk.c.obj
[80/123] Building C object esp-idf/esp_hw_support/CMakeFiles/__idf_esp_hw_support.dir/port/esp32s3/rtc_init.c.obj
[81/123] Building C object esp-idf/esp_hw_support/CMakeFiles/__idf_esp_hw_support.dir/port/esp32s3/rtc_sleep.c.obj
[82/123] Building C object esp-idf/esp_hw_support/CMakeFiles/__idf_esp_hw_support.dir/port/esp32s3/rtc_time.c.obj
[83/123] Building C object esp-idf/esp_hw_support/CMakeFiles/__idf_esp_hw_support.dir/port/esp32s3/chip_info.c.obj
[84/123] Building C object esp-idf/esp_common/CMakeFiles/__idf_esp_common.dir/src/esp_err_to_name.c.obj
[85/123] Building C object esp-idf/esp_rom/CMakeFiles/__idf_esp_rom.dir/patches/esp_rom_sys.c.obj
[86/123] Building C object esp-idf/esp_rom/CMakeFiles/__idf_esp_rom.dir/patches/esp_rom_crc.c.obj
[87/123] Building C object esp-idf/esp_rom/CMakeFiles/__idf_esp_rom.dir/patches/esp_rom_uart.c.obj
[88/123] Building C object esp-idf/esp_rom/CMakeFiles/__idf_esp_rom.dir/patches/esp_rom_spiflash.c.obj
[89/123] Building C object esp-idf/esp_rom/CMakeFiles/__idf_esp_rom.dir/patches/esp_rom_efuse.c.obj
[90/123] Building C object esp-idf/esp_rom/CMakeFiles/__idf_esp_rom.dir/patches/esp_rom_print.c.obj
[91/123] Building ASM object esp-idf/esp_rom/CMakeFiles/__idf_esp_rom.dir/patches/esp_rom_longjmp.S.obj
[92/123] Building C object esp-idf/esp_rom/CMakeFiles/__idf_esp_rom.dir/patches/esp_rom_gpio.c.obj
[93/123] Building C object esp-idf/esp_rom/CMakeFiles/__idf_esp_rom.dir/patches/esp_rom_systimer.c.obj
[94/123] Building C object esp-idf/esp_rom/CMakeFiles/__idf_esp_rom.dir/patches/esp_rom_wdt.c.obj
[95/123] Building ASM object esp-idf/esp_rom/CMakeFiles/__idf_esp_rom.dir/patches/esp_rom_cache_writeback_esp32s3.S.obj
[96/123] Building C object esp-idf/esp_rom/CMakeFiles/__idf_esp_rom.dir/patches/esp_rom_cache_esp32s2_esp32s3.c.obj
[97/123] Building C object esp-idf/log/CMakeFiles/__idf_log.dir/src/noos/log_timestamp.c.obj
[98/123] Building C object esp-idf/log/CMakeFiles/__idf_log.dir/src/noos/log_lock.c.obj
[99/123] Building C object esp-idf/log/CMakeFiles/__idf_log.dir/src/log_timestamp_common.c.obj
[100/123] Building C object esp-idf/log/CMakeFiles/__idf_log.dir/src/noos/util.c.obj
[101/123] Building C object esp-idf/log/CMakeFiles/__idf_log.dir/src/util.c.obj
[102/123] Building C object esp-idf/log/CMakeFiles/__idf_log.dir/src/buffer/log_buffers.c.obj
[103/123] Building C object esp-idf/log/CMakeFiles/__idf_log.dir/src/log_format_text.c.obj
[104/123] Building C object esp-idf/log/CMakeFiles/__idf_log.dir/src/log_print.c.obj
[105/123] Building C object esp-idf/log/CMakeFiles/__idf_log.dir/src/log.c.obj
[106/123] Linking C static library esp-idf/log/liblog.a
[107/123] Building C object esp-idf/main/CMakeFiles/__idf_main.dir/bootloader_start.c.obj
[108/123] Linking C static library esp-idf/esp_rom/libesp_rom.a
[109/123] Linking C static library esp-idf/esp_common/libesp_common.a
[110/123] Linking C static library esp-idf/esp_hw_support/libesp_hw_support.a
[111/123] Linking C static library esp-idf/esp_system/libesp_system.a
[112/123] Linking C static library esp-idf/efuse/libefuse.a
[113/123] Linking C static library esp-idf/bootloader_support/libbootloader_support.a
[114/123] Linking C static library esp-idf/esp_bootloader_format/libesp_bootloader_format.a
[115/123] Linking C static library esp-idf/spi_flash/libspi_flash.a
[116/123] Linking C static library esp-idf/hal/libhal.a
[117/123] Linking C static library esp-idf/micro-ecc/libmicro-ecc.a
[118/123] Linking C static library esp-idf/soc/libsoc.a
[119/123] Linking C static library esp-idf/xtensa/libxtensa.a
[120/123] Linking C static library esp-idf/main/libmain.a
[121/123] Linking C executable bootloader.elf
[122/123] Generating binary image from built executable
esptool.py v4.12.0
Creating esp32s3 image...
Merged 2 ELF sections
Successfully created esp32s3 image.
Generated /home/shanmukh/OSBuild/ports/esp32/build-ESP32_GENERIC_S3/bootloader/bootloader.bin
[123/123] cd /home/shanmukh/OSBuild/ports/esp32/build-ESP32_GENERIC_S3/bootloader/esp-idf/esptool_py && /home/shanmukh/.espressif/python_env/idf5.5_py3.12_env/bin/python /home/shanmukh/esp/esp-idf/components/partition_table/check_sizes.py --offset 0x8000 bootloader 0x0 /home/shanmukh/OSBuild/ports/esp32/build-ESP32_GENERIC_S3/bootloader/bootloader.bin
Bootloader binary size 0x4b20 bytes. 0x34e0 bytes (41%) free.
[219/1515] No install step for 'bootloader'
[220/1515] Completed 'bootloader'
[221/1515] Building C object esp-idf/spi_flash/CMakeFiles/__idf_spi_flash.dir/esp_flash_spi_init.c.obj
[222/1515] Building C object esp-idf/spi_flash/CMakeFiles/__idf_spi_flash.dir/spi_flash_os_func_noos.c.obj
[223/1515] Building C object esp-idf/esp_system/CMakeFiles/__idf_esp_system.dir/esp_err.c.obj
[224/1515] Building C object esp-idf/spi_flash/CMakeFiles/__idf_spi_flash.dir/spi_flash_os_func_app.c.obj
[225/1515] Building C object esp-idf/esp_system/CMakeFiles/__idf_esp_system.dir/crosscore_int.c.obj
[226/1515] Building C object esp-idf/esp_system/CMakeFiles/__idf_esp_system.dir/esp_system_console.c.obj
[227/1515] Building C object esp-idf/esp_system/CMakeFiles/__idf_esp_system.dir/esp_ipc.c.obj
[228/1515] Building C object esp-idf/esp_system/CMakeFiles/__idf_esp_system.dir/int_wdt.c.obj
[229/1515] Building C object esp-idf/esp_system/CMakeFiles/__idf_esp_system.dir/freertos_hooks.c.obj
[230/1515] Building C object esp-idf/esp_system/CMakeFiles/__idf_esp_system.dir/esp_system.c.obj
[231/1515] Building C object esp-idf/esp_system/CMakeFiles/__idf_esp_system.dir/startup.c.obj
[232/1515] Building C object esp-idf/esp_system/CMakeFiles/__idf_esp_system.dir/panic.c.obj
[233/1515] Building C object esp-idf/esp_system/CMakeFiles/__idf_esp_system.dir/system_time.c.obj
[234/1515] Building C object esp-idf/esp_system/CMakeFiles/__idf_esp_system.dir/stack_check.c.obj
[235/1515] Building C object esp-idf/esp_system/CMakeFiles/__idf_esp_system.dir/startup_funcs.c.obj
[236/1515] Building C object esp-idf/esp_system/CMakeFiles/__idf_esp_system.dir/ubsan.c.obj
[237/1515] Building C object esp-idf/esp_system/CMakeFiles/__idf_esp_system.dir/xt_wdt.c.obj
[238/1515] Building C object esp-idf/esp_system/CMakeFiles/__idf_esp_system.dir/task_wdt/task_wdt_impl_timergroup.c.obj
[239/1515] Building C object esp-idf/esp_system/CMakeFiles/__idf_esp_system.dir/task_wdt/task_wdt.c.obj
[240/1515] Building C object esp-idf/esp_system/CMakeFiles/__idf_esp_system.dir/port/cpu_start.c.obj
[241/1515] Building C object esp-idf/esp_system/CMakeFiles/__idf_esp_system.dir/port/esp_system_chip.c.obj
[242/1515] Building C object esp-idf/esp_system/CMakeFiles/__idf_esp_system.dir/port/panic_handler.c.obj
[243/1515] Building C object esp-idf/esp_system/CMakeFiles/__idf_esp_system.dir/port/esp_ipc_isr.c.obj
[244/1515] Building C object esp-idf/esp_system/CMakeFiles/__idf_esp_system.dir/port/image_process.c.obj
[245/1515] Building ASM object esp-idf/esp_system/CMakeFiles/__idf_esp_system.dir/port/arch/xtensa/esp_ipc_isr_handler.S.obj
[246/1515] Building C object esp-idf/esp_system/CMakeFiles/__idf_esp_system.dir/port/arch/xtensa/esp_ipc_isr_port.c.obj
[247/1515] Building ASM object esp-idf/esp_system/CMakeFiles/__idf_esp_system.dir/port/arch/xtensa/esp_ipc_isr_routines.S.obj
[248/1515] Building ASM object esp-idf/esp_system/CMakeFiles/__idf_esp_system.dir/port/arch/xtensa/panic_handler_asm.S.obj
[249/1515] Building C object esp-idf/esp_system/CMakeFiles/__idf_esp_system.dir/port/arch/xtensa/expression_with_stack.c.obj
[250/1515] Building ASM object esp-idf/esp_system/CMakeFiles/__idf_esp_system.dir/port/arch/xtensa/expression_with_stack_asm.S.obj
[251/1515] Building C object esp-idf/esp_system/CMakeFiles/__idf_esp_system.dir/port/arch/xtensa/panic_arch.c.obj
[252/1515] Building ASM object esp-idf/esp_system/CMakeFiles/__idf_esp_system.dir/port/arch/xtensa/debug_helpers_asm.S.obj
[253/1515] Building C object esp-idf/esp_system/CMakeFiles/__idf_esp_system.dir/port/arch/xtensa/debug_stubs.c.obj
[254/1515] Building C object esp-idf/esp_system/CMakeFiles/__idf_esp_system.dir/port/arch/xtensa/trax.c.obj
[255/1515] Building ASM object esp-idf/esp_system/CMakeFiles/__idf_esp_system.dir/port/soc/esp32s3/highint_hdl.S.obj
[256/1515] Building C object esp-idf/esp_system/CMakeFiles/__idf_esp_system.dir/port/arch/xtensa/debug_helpers.c.obj
[257/1515] Building C object esp-idf/esp_system/CMakeFiles/__idf_esp_system.dir/port/soc/esp32s3/reset_reason.c.obj
[258/1515] Building C object esp-idf/esp_system/CMakeFiles/__idf_esp_system.dir/port/soc/esp32s3/clk.c.obj
[259/1515] Building C object esp-idf/esp_system/CMakeFiles/__idf_esp_system.dir/port/soc/esp32s3/system_internal.c.obj
[260/1515] Building C object esp-idf/esp_system/CMakeFiles/__idf_esp_system.dir/port/soc/esp32s3/apb_backup_dma.c.obj
[261/1515] Building C object esp-idf/esp_system/CMakeFiles/__idf_esp_system.dir/port/soc/esp32s3/cache_err_int.c.obj
[262/1515] Building C object esp-idf/esp_rom/CMakeFiles/__idf_esp_rom.dir/patches/esp_rom_sys.c.obj
[263/1515] Building C object esp-idf/esp_common/CMakeFiles/__idf_esp_common.dir/src/esp_err_to_name.c.obj
[264/1515] Building C object esp-idf/esp_rom/CMakeFiles/__idf_esp_rom.dir/patches/esp_rom_crc.c.obj
[265/1515] Building C object esp-idf/esp_rom/CMakeFiles/__idf_esp_rom.dir/patches/esp_rom_uart.c.obj
[266/1515] Building C object esp-idf/esp_rom/CMakeFiles/__idf_esp_rom.dir/patches/esp_rom_print.c.obj
[267/1515] Building C object esp-idf/esp_rom/CMakeFiles/__idf_esp_rom.dir/patches/esp_rom_spiflash.c.obj
[268/1515] Building C object esp-idf/esp_rom/CMakeFiles/__idf_esp_rom.dir/patches/esp_rom_efuse.c.obj
[269/1515] Building ASM object esp-idf/esp_rom/CMakeFiles/__idf_esp_rom.dir/patches/esp_rom_longjmp.S.obj
[270/1515] Building C object esp-idf/esp_rom/CMakeFiles/__idf_esp_rom.dir/patches/esp_rom_gpio.c.obj
[271/1515] Building C object esp-idf/esp_rom/CMakeFiles/__idf_esp_rom.dir/patches/esp_rom_systimer.c.obj
[272/1515] Building C object esp-idf/esp_rom/CMakeFiles/__idf_esp_rom.dir/patches/esp_rom_wdt.c.obj
[273/1515] Building ASM object esp-idf/esp_rom/CMakeFiles/__idf_esp_rom.dir/patches/esp_rom_cache_writeback_esp32s3.S.obj
[274/1515] Building C object esp-idf/esp_rom/CMakeFiles/__idf_esp_rom.dir/patches/esp_rom_cache_esp32s2_esp32s3.c.obj
[275/1515] Building C object esp-idf/hal/CMakeFiles/__idf_hal.dir/mpu_hal.c.obj
[276/1515] Building C object esp-idf/hal/CMakeFiles/__idf_hal.dir/hal_utils.c.obj
[277/1515] Building C object esp-idf/hal/CMakeFiles/__idf_hal.dir/efuse_hal.c.obj
[278/1515] Building C object esp-idf/hal/CMakeFiles/__idf_hal.dir/esp32s3/efuse_hal.c.obj
[279/1515] Building C object esp-idf/hal/CMakeFiles/__idf_hal.dir/mmu_hal.c.obj
[280/1515] Building C object esp-idf/hal/CMakeFiles/__idf_hal.dir/color_hal.c.obj
[281/1515] Building C object esp-idf/hal/CMakeFiles/__idf_hal.dir/cache_hal.c.obj
[282/1515] Building C object esp-idf/hal/CMakeFiles/__idf_hal.dir/spi_flash_hal.c.obj
[283/1515] Building C object esp-idf/hal/CMakeFiles/__idf_hal.dir/spi_flash_encrypt_hal_iram.c.obj
[284/1515] Building C object esp-idf/hal/CMakeFiles/__idf_hal.dir/esp32s3/clk_tree_hal.c.obj
[285/1515] Building C object esp-idf/hal/CMakeFiles/__idf_hal.dir/spi_flash_hal_iram.c.obj
[286/1515] Building C object esp-idf/hal/CMakeFiles/__idf_hal.dir/systimer_hal.c.obj
[287/1515] Building C object esp-idf/hal/CMakeFiles/__idf_hal.dir/uart_hal.c.obj
[288/1515] Building C object esp-idf/hal/CMakeFiles/__idf_hal.dir/uart_hal_iram.c.obj
[289/1515] Building C object esp-idf/hal/CMakeFiles/__idf_hal.dir/gpio_hal.c.obj
[290/1515] Building C object esp-idf/hal/CMakeFiles/__idf_hal.dir/rtc_io_hal.c.obj
[291/1515] Building C object esp-idf/hal/CMakeFiles/__idf_hal.dir/timer_hal.c.obj
[292/1515] Building C object esp-idf/hal/CMakeFiles/__idf_hal.dir/ledc_hal.c.obj
[293/1515] Building C object esp-idf/hal/CMakeFiles/__idf_hal.dir/ledc_hal_iram.c.obj
[294/1515] Building C object esp-idf/hal/CMakeFiles/__idf_hal.dir/i2c_hal.c.obj
[295/1515] Building C object esp-idf/hal/CMakeFiles/__idf_hal.dir/i2c_hal_iram.c.obj
[296/1515] Building C object esp-idf/hal/CMakeFiles/__idf_hal.dir/pcnt_hal.c.obj
[297/1515] Building C object esp-idf/hal/CMakeFiles/__idf_hal.dir/rmt_hal.c.obj
[298/1515] Building C object esp-idf/hal/CMakeFiles/__idf_hal.dir/uhci_hal.c.obj
[299/1515] Building C object esp-idf/hal/CMakeFiles/__idf_hal.dir/mcpwm_hal.c.obj
[300/1515] Building C object esp-idf/hal/CMakeFiles/__idf_hal.dir/gdma_hal_top.c.obj
[301/1515] Building C object esp-idf/hal/CMakeFiles/__idf_hal.dir/gdma_hal_ahb_v1.c.obj
[302/1515] Building C object esp-idf/hal/CMakeFiles/__idf_hal.dir/twai_hal_v1.c.obj
[303/1515] Building C object esp-idf/hal/CMakeFiles/__idf_hal.dir/sdm_hal.c.obj
[304/1515] Building C object esp-idf/hal/CMakeFiles/__idf_hal.dir/sdmmc_hal.c.obj
[305/1515] Building C object esp-idf/hal/CMakeFiles/__idf_hal.dir/i2s_hal.c.obj
[306/1515] Building C object esp-idf/hal/CMakeFiles/__idf_hal.dir/adc_hal_common.c.obj
[307/1515] Building C object esp-idf/hal/CMakeFiles/__idf_hal.dir/adc_oneshot_hal.c.obj
[308/1515] Building C object esp-idf/hal/CMakeFiles/__idf_hal.dir/lcd_hal.c.obj
[309/1515] Building C object esp-idf/hal/CMakeFiles/__idf_hal.dir/adc_hal.c.obj
[310/1515] Building C object esp-idf/hal/CMakeFiles/__idf_hal.dir/mpi_hal.c.obj
[311/1515] Building C object esp-idf/hal/CMakeFiles/__idf_hal.dir/sha_hal.c.obj
[312/1515] Building C object esp-idf/hal/CMakeFiles/__idf_hal.dir/aes_hal.c.obj
[313/1515] Building C object esp-idf/hal/CMakeFiles/__idf_hal.dir/brownout_hal.c.obj
[314/1515] Building C object esp-idf/hal/CMakeFiles/__idf_hal.dir/spi_hal.c.obj
[315/1515] Building C object esp-idf/hal/CMakeFiles/__idf_hal.dir/spi_slave_hal.c.obj
[316/1515] Building C object esp-idf/hal/CMakeFiles/__idf_hal.dir/spi_slave_hal_iram.c.obj
[317/1515] Building C object esp-idf/hal/CMakeFiles/__idf_hal.dir/spi_hal_iram.c.obj
[318/1515] Building C object esp-idf/hal/CMakeFiles/__idf_hal.dir/spi_flash_hal_gpspi.c.obj
[319/1515] Building C object esp-idf/hal/CMakeFiles/__idf_hal.dir/hmac_hal.c.obj
[320/1515] Building C object esp-idf/hal/CMakeFiles/__idf_hal.dir/spi_slave_hd_hal.c.obj
[321/1515] Building C object esp-idf/hal/CMakeFiles/__idf_hal.dir/ds_hal.c.obj
[322/1515] Building C object esp-idf/hal/CMakeFiles/__idf_hal.dir/cam_hal.c.obj
[323/1515] Building C object esp-idf/hal/CMakeFiles/__idf_hal.dir/usb_serial_jtag_hal.c.obj
[324/1515] Building C object esp-idf/hal/CMakeFiles/__idf_hal.dir/usb_wrap_hal.c.obj
[325/1515] Building C object esp-idf/hal/CMakeFiles/__idf_hal.dir/esp32s3/touch_sensor_hal.c.obj
[326/1515] Building C object esp-idf/hal/CMakeFiles/__idf_hal.dir/usb_dwc_hal.c.obj
[327/1515] Building C object esp-idf/hal/CMakeFiles/__idf_hal.dir/touch_sens_hal.c.obj
[328/1515] Building C object esp-idf/hal/CMakeFiles/__idf_hal.dir/touch_sensor_hal.c.obj
[329/1515] Building C object esp-idf/hal/CMakeFiles/__idf_hal.dir/xt_wdt_hal.c.obj
[330/1515] Building C object esp-idf/hal/CMakeFiles/__idf_hal.dir/esp32s3/rtc_cntl_hal.c.obj
[331/1515] Building C object esp-idf/log/CMakeFiles/__idf_log.dir/src/os/log_timestamp.c.obj
[332/1515] Building C object esp-idf/log/CMakeFiles/__idf_log.dir/src/log_timestamp_common.c.obj
[333/1515] Building C object esp-idf/log/CMakeFiles/__idf_log.dir/src/os/log_lock.c.obj
[334/1515] Building C object esp-idf/log/CMakeFiles/__idf_log.dir/src/os/util.c.obj
[335/1515] Building C object esp-idf/log/CMakeFiles/__idf_log.dir/src/util.c.obj
[336/1515] Building C object esp-idf/log/CMakeFiles/__idf_log.dir/src/buffer/log_buffers.c.obj
[337/1515] Building C object esp-idf/log/CMakeFiles/__idf_log.dir/src/log_print.c.obj
[338/1515] Building C object esp-idf/log/CMakeFiles/__idf_log.dir/src/log_format_text.c.obj
[339/1515] Building C object esp-idf/log/CMakeFiles/__idf_log.dir/src/log.c.obj
[340/1515] Building C object esp-idf/log/CMakeFiles/__idf_log.dir/src/os/log_write.c.obj
[341/1515] Building C object esp-idf/log/CMakeFiles/__idf_log.dir/src/log_level/log_level.c.obj
[342/1515] Building C object esp-idf/log/CMakeFiles/__idf_log.dir/src/log_level/tag_log_level/tag_log_level.c.obj
[343/1515] Building C object esp-idf/log/CMakeFiles/__idf_log.dir/src/log_level/tag_log_level/linked_list/log_linked_list.c.obj
[344/1515] Building C object esp-idf/log/CMakeFiles/__idf_log.dir/src/log_level/tag_log_level/cache/log_binary_heap.c.obj
[345/1515] Building C object esp-idf/heap/CMakeFiles/__idf_heap.dir/heap_caps_base.c.obj
[346/1515] Building C object esp-idf/heap/CMakeFiles/__idf_heap.dir/heap_caps_init.c.obj
[347/1515] Building C object esp-idf/heap/CMakeFiles/__idf_heap.dir/heap_caps.c.obj
[348/1515] Building C object esp-idf/heap/CMakeFiles/__idf_heap.dir/multi_heap.c.obj
[349/1515] Building C object esp-idf/heap/CMakeFiles/__idf_heap.dir/port/memory_layout_utils.c.obj
[350/1515] Building C object esp-idf/heap/CMakeFiles/__idf_heap.dir/port/esp32s3/memory_layout.c.obj
[351/1515] Building C object esp-idf/soc/CMakeFiles/__idf_soc.dir/lldesc.c.obj
[352/1515] Building C object esp-idf/soc/CMakeFiles/__idf_soc.dir/dport_access_common.c.obj
[353/1515] Building C object esp-idf/soc/CMakeFiles/__idf_soc.dir/esp32s3/interrupts.c.obj
[354/1515] Building C object esp-idf/soc/CMakeFiles/__idf_soc.dir/esp32s3/gpio_periph.c.obj
[355/1515] Building C object esp-idf/soc/CMakeFiles/__idf_soc.dir/esp32s3/uart_periph.c.obj
[356/1515] Building C object esp-idf/soc/CMakeFiles/__idf_soc.dir/esp32s3/adc_periph.c.obj
[357/1515] Building C object esp-idf/soc/CMakeFiles/__idf_soc.dir/esp32s3/dedic_gpio_periph.c.obj
[358/1515] Building C object esp-idf/soc/CMakeFiles/__idf_soc.dir/esp32s3/gdma_periph.c.obj
[359/1515] Building C object esp-idf/soc/CMakeFiles/__idf_soc.dir/esp32s3/spi_periph.c.obj
[360/1515] Building C object esp-idf/soc/CMakeFiles/__idf_soc.dir/esp32s3/ledc_periph.c.obj
[361/1515] Building C object esp-idf/soc/CMakeFiles/__idf_soc.dir/esp32s3/pcnt_periph.c.obj
[362/1515] Building C object esp-idf/soc/CMakeFiles/__idf_soc.dir/esp32s3/rmt_periph.c.obj
[363/1515] Building C object esp-idf/soc/CMakeFiles/__idf_soc.dir/esp32s3/sdm_periph.c.obj
[364/1515] Building C object esp-idf/soc/CMakeFiles/__idf_soc.dir/esp32s3/i2s_periph.c.obj
[365/1515] Building C object esp-idf/soc/CMakeFiles/__idf_soc.dir/esp32s3/i2c_periph.c.obj
[366/1515] Building C object esp-idf/heap/CMakeFiles/__idf_heap.dir/tlsf/tlsf.c.obj
[367/1515] Building C object esp-idf/soc/CMakeFiles/__idf_soc.dir/esp32s3/temperature_sensor_periph.c.obj
[368/1515] Building C object esp-idf/soc/CMakeFiles/__idf_soc.dir/esp32s3/lcd_periph.c.obj
[369/1515] Building C object esp-idf/soc/CMakeFiles/__idf_soc.dir/esp32s3/timer_periph.c.obj
[370/1515] Building C object esp-idf/soc/CMakeFiles/__idf_soc.dir/esp32s3/mcpwm_periph.c.obj
FAILED: esp-idf/soc/CMakeFiles/__idf_soc.dir/esp32s3/mcpwm_periph.c.obj 
/home/shanmukh/.espressif/tools/xtensa-esp-elf/esp-14.2.0_20251107/xtensa-esp-elf/bin/xtensa-esp32s3-elf-gcc -DESP_PLATFORM -DIDF_VER=\"v5.5.2\" -DNDEBUG -DSOC_MMU_PAGE_SIZE=CONFIG_MMU_PAGE_SIZE -DSOC_XTAL_FREQ_MHZ=CONFIG_XTAL_FREQ -D_GLIBCXX_HAVE_POSIX_SEMAPHORE -D_GLIBCXX_USE_POSIX_SEMAPHORE -D_GNU_SOURCE -D_POSIX_READER_WRITER_LOCKS -I/home/shanmukh/OSBuild/ports/esp32/build-ESP32_GENERIC_S3/config -I/home/shanmukh/esp/esp-idf/components/soc/include -I/home/shanmukh/esp/esp-idf/components/soc/esp32s3 -I/home/shanmukh/esp/esp-idf/components/soc/esp32s3/include -I/home/shanmukh/esp/esp-idf/components/soc/esp32s3/register -I/home/shanmukh/esp/esp-idf/components/newlib/platform_include -I/home/shanmukh/esp/esp-idf/components/freertos/config/include -I/home/shanmukh/esp/esp-idf/components/freertos/config/include/freertos -I/home/shanmukh/esp/esp-idf/components/freertos/config/xtensa/include -I/home/shanmukh/esp/esp-idf/components/freertos/FreeRTOS-Kernel/include -I/home/shanmukh/esp/esp-idf/components/freertos/FreeRTOS-Kernel/portable/xtensa/include -I/home/shanmukh/esp/esp-idf/components/freertos/FreeRTOS-Kernel/portable/xtensa/include/freertos -I/home/shanmukh/esp/esp-idf/components/freertos/esp_additions/include -I/home/shanmukh/esp/esp-idf/components/esp_hw_support/include -I/home/shanmukh/esp/esp-idf/components/esp_hw_support/include/soc -I/home/shanmukh/esp/esp-idf/components/esp_hw_support/include/soc/esp32s3 -I/home/shanmukh/esp/esp-idf/components/esp_hw_support/dma/include -I/home/shanmukh/esp/esp-idf/components/esp_hw_support/ldo/include -I/home/shanmukh/esp/esp-idf/components/esp_hw_support/debug_probe/include -I/home/shanmukh/esp/esp-idf/components/esp_hw_support/mspi_timing_tuning/include -I/home/shanmukh/esp/esp-idf/components/esp_hw_support/mspi_timing_tuning/tuning_scheme_impl/include -I/home/shanmukh/esp/esp-idf/components/esp_hw_support/power_supply/include -I/home/shanmukh/esp/esp-idf/components/esp_hw_support/port/esp32s3/. -I/home/shanmukh/esp/esp-idf/components/esp_hw_support/port/esp32s3/include -I/home/shanmukh/esp/esp-idf/components/esp_hw_support/mspi_timing_tuning/port/esp32s3/. -I/home/shanmukh/esp/esp-idf/components/esp_hw_support/mspi_timing_tuning/port/esp32s3/include -I/home/shanmukh/esp/esp-idf/components/heap/include -I/home/shanmukh/esp/esp-idf/components/heap/tlsf -I/home/shanmukh/esp/esp-idf/components/log/include -I/home/shanmukh/esp/esp-idf/components/hal/platform_port/include -I/home/shanmukh/esp/esp-idf/components/hal/esp32s3/include -I/home/shanmukh/esp/esp-idf/components/hal/include -I/home/shanmukh/esp/esp-idf/components/esp_rom/include -I/home/shanmukh/esp/esp-idf/components/esp_rom/esp32s3/include -I/home/shanmukh/esp/esp-idf/components/esp_rom/esp32s3/include/esp32s3 -I/home/shanmukh/esp/esp-idf/components/esp_rom/esp32s3 -I/home/shanmukh/esp/esp-idf/components/esp_common/include -I/home/shanmukh/esp/esp-idf/components/esp_system/include -I/home/shanmukh/esp/esp-idf/components/esp_system/port/soc -I/home/shanmukh/esp/esp-idf/components/esp_system/port/include/private -I/home/shanmukh/esp/esp-idf/components/xtensa/esp32s3/include -I/home/shanmukh/esp/esp-idf/components/xtensa/include -I/home/shanmukh/esp/esp-idf/components/xtensa/deprecated_include -I/home/shanmukh/esp/esp-idf/components/lwip/include -I/home/shanmukh/esp/esp-idf/components/lwip/include/apps -I/home/shanmukh/esp/esp-idf/components/lwip/include/apps/sntp -I/home/shanmukh/esp/esp-idf/components/lwip/lwip/src/include -I/home/shanmukh/esp/esp-idf/components/lwip/port/include -I/home/shanmukh/esp/esp-idf/components/lwip/port/freertos/include -I/home/shanmukh/esp/esp-idf/components/lwip/port/esp32xx/include -I/home/shanmukh/esp/esp-idf/components/lwip/port/esp32xx/include/arch -I/home/shanmukh/esp/esp-idf/components/lwip/port/esp32xx/include/sys -mlongcalls  -fno-builtin-memcpy -fno-builtin-memset -fno-builtin-bzero -fno-builtin-stpcpy -fno-builtin-strncpy -fdiagnostics-color=always -ffunction-sections -fdata-sections -Wall -Werror=all -Wno-error=unused-function -Wno-error=unused-variable -Wno-error=unused-but-set-variable -Wno-error=deprecated-declarations -Wextra -Wno-error=extra -Wno-unused-parameter -Wno-sign-compare -Wno-enum-conversion -gdwarf-4 -ggdb -mdisable-hardware-atomics -O2 -fmacro-prefix-map=/home/shanmukh/OSBuild/ports/esp32=. -fmacro-prefix-map=/home/shanmukh/esp/esp-idf=/IDF -fstrict-volatile-bitfields -fno-jump-tables -fno-tree-switch-conversion -std=gnu17 -Wno-old-style-declaration -MD -MT esp-idf/soc/CMakeFiles/__idf_soc.dir/esp32s3/mcpwm_periph.c.obj -MF esp-idf/soc/CMakeFiles/__idf_soc.dir/esp32s3/mcpwm_periph.c.obj.d -o esp-idf/soc/CMakeFiles/__idf_soc.dir/esp32s3/mcpwm_periph.c.obj -c /home/shanmukh/esp/esp-idf/components/soc/esp32s3/mcpwm_periph.c
In file included from /home/shanmukh/esp/esp-idf/components/esp_common/include/esp_assert.h:9,
                 from /home/shanmukh/esp/esp-idf/components/soc/esp32s3/include/soc/soc.h:11,
                 from /home/shanmukh/esp/esp-idf/components/soc/esp32s3/mcpwm_periph.c:7:
/home/shanmukh/esp/esp-idf/components/newlib/platform_include/assert.h:11:10: fatal error: sdkconfig.h: No such file or directory
   11 | #include <sdkconfig.h>
      |          ^~~~~~~~~~~~~
compilation terminated.
[371/1515] Building C object esp-idf/soc/CMakeFiles/__idf_soc.dir/esp32s3/mpi_periph.c.obj
FAILED: esp-idf/soc/CMakeFiles/__idf_soc.dir/esp32s3/mpi_periph.c.obj 
/home/shanmukh/.espressif/tools/xtensa-esp-elf/esp-14.2.0_20251107/xtensa-esp-elf/bin/xtensa-esp32s3-elf-gcc -DESP_PLATFORM -DIDF_VER=\"v5.5.2\" -DNDEBUG -DSOC_MMU_PAGE_SIZE=CONFIG_MMU_PAGE_SIZE -DSOC_XTAL_FREQ_MHZ=CONFIG_XTAL_FREQ -D_GLIBCXX_HAVE_POSIX_SEMAPHORE -D_GLIBCXX_USE_POSIX_SEMAPHORE -D_GNU_SOURCE -D_POSIX_READER_WRITER_LOCKS -I/home/shanmukh/OSBuild/ports/esp32/build-ESP32_GENERIC_S3/config -I/home/shanmukh/esp/esp-idf/components/soc/include -I/home/shanmukh/esp/esp-idf/components/soc/esp32s3 -I/home/shanmukh/esp/esp-idf/components/soc/esp32s3/include -I/home/shanmukh/esp/esp-idf/components/soc/esp32s3/register -I/home/shanmukh/esp/esp-idf/components/newlib/platform_include -I/home/shanmukh/esp/esp-idf/components/freertos/config/include -I/home/shanmukh/esp/esp-idf/components/freertos/config/include/freertos -I/home/shanmukh/esp/esp-idf/components/freertos/config/xtensa/include -I/home/shanmukh/esp/esp-idf/components/freertos/FreeRTOS-Kernel/include -I/home/shanmukh/esp/esp-idf/components/freertos/FreeRTOS-Kernel/portable/xtensa/include -I/home/shanmukh/esp/esp-idf/components/freertos/FreeRTOS-Kernel/portable/xtensa/include/freertos -I/home/shanmukh/esp/esp-idf/components/freertos/esp_additions/include -I/home/shanmukh/esp/esp-idf/components/esp_hw_support/include -I/home/shanmukh/esp/esp-idf/components/esp_hw_support/include/soc -I/home/shanmukh/esp/esp-idf/components/esp_hw_support/include/soc/esp32s3 -I/home/shanmukh/esp/esp-idf/components/esp_hw_support/dma/include -I/home/shanmukh/esp/esp-idf/components/esp_hw_support/ldo/include -I/home/shanmukh/esp/esp-idf/components/esp_hw_support/debug_probe/include -I/home/shanmukh/esp/esp-idf/components/esp_hw_support/mspi_timing_tuning/include -I/home/shanmukh/esp/esp-idf/components/esp_hw_support/mspi_timing_tuning/tuning_scheme_impl/include -I/home/shanmukh/esp/esp-idf/components/esp_hw_support/power_supply/include -I/home/shanmukh/esp/esp-idf/components/esp_hw_support/port/esp32s3/. -I/home/shanmukh/esp/esp-idf/components/esp_hw_support/port/esp32s3/include -I/home/shanmukh/esp/esp-idf/components/esp_hw_support/mspi_timing_tuning/port/esp32s3/. -I/home/shanmukh/esp/esp-idf/components/esp_hw_support/mspi_timing_tuning/port/esp32s3/include -I/home/shanmukh/esp/esp-idf/components/heap/include -I/home/shanmukh/esp/esp-idf/components/heap/tlsf -I/home/shanmukh/esp/esp-idf/components/log/include -I/home/shanmukh/esp/esp-idf/components/hal/platform_port/include -I/home/shanmukh/esp/esp-idf/components/hal/esp32s3/include -I/home/shanmukh/esp/esp-idf/components/hal/include -I/home/shanmukh/esp/esp-idf/components/esp_rom/include -I/home/shanmukh/esp/esp-idf/components/esp_rom/esp32s3/include -I/home/shanmukh/esp/esp-idf/components/esp_rom/esp32s3/include/esp32s3 -I/home/shanmukh/esp/esp-idf/components/esp_rom/esp32s3 -I/home/shanmukh/esp/esp-idf/components/esp_common/include -I/home/shanmukh/esp/esp-idf/components/esp_system/include -I/home/shanmukh/esp/esp-idf/components/esp_system/port/soc -I/home/shanmukh/esp/esp-idf/components/esp_system/port/include/private -I/home/shanmukh/esp/esp-idf/components/xtensa/esp32s3/include -I/home/shanmukh/esp/esp-idf/components/xtensa/include -I/home/shanmukh/esp/esp-idf/components/xtensa/deprecated_include -I/home/shanmukh/esp/esp-idf/components/lwip/include -I/home/shanmukh/esp/esp-idf/components/lwip/include/apps -I/home/shanmukh/esp/esp-idf/components/lwip/include/apps/sntp -I/home/shanmukh/esp/esp-idf/components/lwip/lwip/src/include -I/home/shanmukh/esp/esp-idf/components/lwip/port/include -I/home/shanmukh/esp/esp-idf/components/lwip/port/freertos/include -I/home/shanmukh/esp/esp-idf/components/lwip/port/esp32xx/include -I/home/shanmukh/esp/esp-idf/components/lwip/port/esp32xx/include/arch -I/home/shanmukh/esp/esp-idf/components/lwip/port/esp32xx/include/sys -mlongcalls  -fno-builtin-memcpy -fno-builtin-memset -fno-builtin-bzero -fno-builtin-stpcpy -fno-builtin-strncpy -fdiagnostics-color=always -ffunction-sections -fdata-sections -Wall -Werror=all -Wno-error=unused-function -Wno-error=unused-variable -Wno-error=unused-but-set-variable -Wno-error=deprecated-declarations -Wextra -Wno-error=extra -Wno-unused-parameter -Wno-sign-compare -Wno-enum-conversion -gdwarf-4 -ggdb -mdisable-hardware-atomics -O2 -fmacro-prefix-map=/home/shanmukh/OSBuild/ports/esp32=. -fmacro-prefix-map=/home/shanmukh/esp/esp-idf=/IDF -fstrict-volatile-bitfields -fno-jump-tables -fno-tree-switch-conversion -std=gnu17 -Wno-old-style-declaration -MD -MT esp-idf/soc/CMakeFiles/__idf_soc.dir/esp32s3/mpi_periph.c.obj -MF esp-idf/soc/CMakeFiles/__idf_soc.dir/esp32s3/mpi_periph.c.obj.d -o esp-idf/soc/CMakeFiles/__idf_soc.dir/esp32s3/mpi_periph.c.obj -c /home/shanmukh/esp/esp-idf/components/soc/esp32s3/mpi_periph.c
In file included from /home/shanmukh/esp/esp-idf/components/esp_common/include/esp_assert.h:9,
                 from /home/shanmukh/esp/esp-idf/components/soc/esp32s3/include/soc/soc.h:11,
                 from /home/shanmukh/esp/esp-idf/components/soc/esp32s3/include/soc/hwcrypto_reg.h:9,
                 from /home/shanmukh/esp/esp-idf/components/soc/esp32s3/mpi_periph.c:7:
/home/shanmukh/esp/esp-idf/components/newlib/platform_include/assert.h:11:10: fatal error: sdkconfig.h: No such file or directory
   11 | #include <sdkconfig.h>
      |          ^~~~~~~~~~~~~
compilation terminated.
ninja: build stopped: subcommand failed.
Traceback (most recent call last):
  File "/home/shanmukh/esp/esp-idf/tools/idf.py", line 934, in <module>
    main()
  File "/home/shanmukh/esp/esp-idf/tools/idf.py", line 813, in main
    cli(argv, prog_name=PROG, complete_var=SHELL_COMPLETE_VAR)
  File "/home/shanmukh/.espressif/python_env/idf5.5_py3.12_env/lib/python3.12/site-packages/click/core.py", line 1161, in __call__
    return self.main(*args, **kwargs)
           ^^^^^^^^^^^^^^^^^^^^^^^^^^
  File "/home/shanmukh/.espressif/python_env/idf5.5_py3.12_env/lib/python3.12/site-packages/click/core.py", line 1082, in main
    rv = self.invoke(ctx)
         ^^^^^^^^^^^^^^^^
  File "/home/shanmukh/.espressif/python_env/idf5.5_py3.12_env/lib/python3.12/site-packages/click/core.py", line 1729, in invoke
    return _process_result(rv)
           ^^^^^^^^^^^^^^^^^^^
  File "/home/shanmukh/.espressif/python_env/idf5.5_py3.12_env/lib/python3.12/site-packages/click/core.py", line 1666, in _process_result
    value = ctx.invoke(self._result_callback, value, **ctx.params)
            ^^^^^^^^^^^^^^^^^^^^^^^^^^^^^^^^^^^^^^^^^^^^^^^^^^^^^^
  File "/home/shanmukh/.espressif/python_env/idf5.5_py3.12_env/lib/python3.12/site-packages/click/core.py", line 788, in invoke
    return __callback(*args, **kwargs)
           ^^^^^^^^^^^^^^^^^^^^^^^^^^^
  File "/home/shanmukh/esp/esp-idf/tools/idf.py", line 709, in execute_tasks
    task(ctx, global_args, task.action_args)
  File "/home/shanmukh/esp/esp-idf/tools/idf.py", line 239, in __call__
    self.callback(self.name, context, global_args, **action_args)
  File "/home/shanmukh/esp/esp-idf/tools/idf_py_actions/core_ext.py", line 51, in build_target
    run_target(target_name, args, force_progression=GENERATORS[args.generator].get('force_progression', False))
  File "/home/shanmukh/esp/esp-idf/tools/idf_py_actions/tools.py", line 548, in run_target
    RunTool(
  File "/home/shanmukh/esp/esp-idf/tools/idf_py_actions/tools.py", line 354, in __call__
    for hint in generate_hints(stderr_output_file, stdout_output_file):
  File "/home/shanmukh/esp/esp-idf/tools/idf_py_actions/tools.py", line 273, in generate_hints
    with open(file_name, 'r', encoding='utf-8') as file:
         ^^^^^^^^^^^^^^^^^^^^^^^^^^^^^^^^^^^^^^
FileNotFoundError: [Errno 2] No such file or directory: '/home/shanmukh/OSBuild/ports/esp32/build-ESP32_GENERIC_S3/log/idf_py_stderr_output_137687'
-e See [1;31mhttps://github.com/micropython/micropython/wiki/Build-Troubleshooting[0m
make: *** [Makefile:77: all] Error 1

# Finished: 2026-08-07 13:31:54 UTC  Duration: 71s  RC: 2
