# ZENO OS Firmware Manager — Clean Build Log
# Started  : 2026-08-05 05:47:39 UTC
# Board    : ZENO_FORGE
====================================================
Zeno OS Build Configuration
====================================================
Board            : Zeno Forge
Flash            : 8 MiB
Flash Mode       : DIO
PSRAM            : Quad SPI (QSPI)
Partition Table  : partitions-8MiB-zeno.csv
FPGA Support     : Enabled
====================================================
# IDF      : /home/shanmukh/esp/esp-idf
# Type     : CLEAN
# ─────────────────────────────────────────────

[11:17:39] [INFO] Removed /home/shanmukh/OSBuild/ports/esp32/build-ZENO_FORGE
[11:17:39] [CMD] make BOARD=ZENO_FORGE submodules
# ── make submodules ──
Use make V=1 or set BUILD_VERBOSE in your environment to increase build verbosity.
Executing action: reconfigure
Running cmake in directory /home/shanmukh/OSBuild/ports/esp32/build-ZENO_FORGE/submodules
Executing "cmake -G Ninja -DPYTHON_DEPS_CHECKED=1 -DPYTHON=/home/shanmukh/.espressif/python_env/idf5.5_py3.12_env/bin/python -DESP_PLATFORM=1 -DMICROPY_BOARD=ZENO_FORGE -DMICROPY_BOARD_DIR=/home/shanmukh/OSBuild/ports/esp32/boards/ZENO_FORGE -DUPDATE_SUBMODULES=1 -DCCACHE_ENABLE=0 /home/shanmukh/OSBuild/ports/esp32"...
-- Found Git: /usr/bin/git (found version "2.43.0") 
-- Minimal build - OFF
-- The C compiler identification is GNU 14.2.0
-- The CXX compiler identification is GNU 14.2.0
-- The ASM compiler identification is GNU
-- Found assembler: /home/shanmukh/.espressif/tools/xtensa-esp-elf/esp-14.2.0_20251107/xtensa-esp-elf/bin/xtensa-esp32s3-elf-gcc
-- Detecting C compiler ABI info
-- Detecting C compiler ABI info - done
-- Check for working C compiler: /home/shanmukh/.espressif/tools/xtensa-esp-elf/esp-14.2.0_20251107/xtensa-esp-elf/bin/xtensa-esp32s3-elf-gcc - skipped
-- Detecting C compile features
-- Detecting C compile features - done
-- Detecting CXX compiler ABI info
-- Detecting CXX compiler ABI info - done
-- Check for working CXX compiler: /home/shanmukh/.espressif/tools/xtensa-esp-elf/esp-14.2.0_20251107/xtensa-esp-elf/bin/xtensa-esp32s3-elf-g++ - skipped
-- Detecting CXX compile features
-- Detecting CXX compile features - done
-- Building ESP-IDF components for target esp32s3
NOTICE: Skipping optional dependency: espressif/esp_hosted
NOTICE: Skipping optional dependency: espressif/esp_wifi_remote
NOTICE: Skipping optional dependency: espressif/lan867x
NOTICE: Processing 3 dependencies:
NOTICE: [1/3] espressif/mdns (1.1.0)
NOTICE: [2/3] espressif/tinyusb (e4c0ec3caab3d9c25374de7047653b9ced8f14ff)
NOTICE: [3/3] idf (5.5.2)
-- ESP-TEE is currently supported only on the esp32c6;esp32h2;esp32c5 SoCs
NOTICE: Skipping optional dependency: espressif/esp_hosted
NOTICE: Skipping optional dependency: espressif/esp_wifi_remote
NOTICE: Skipping optional dependency: espressif/lan867x
-- Project sdkconfig file /home/shanmukh/OSBuild/ports/esp32/build-ZENO_FORGE/submodules/sdkconfig
info: Choice ESPTOOLPY_FLASHSIZE has multiple active selections. The last one will be used: ESPTOOLPY_FLASHSIZE_8MB .
info: Choice SPIRAM_MODE has multiple active selections. The last one will be used: SPIRAM_MODE_QUAD .
info: Choice ESPTOOLPY_FLASHMODE has multiple active selections. The last one will be used: ESPTOOLPY_FLASHMODE_QIO .
info: Choice ESPTOOLPY_FLASHFREQ has multiple active selections. The last one will be used: ESPTOOLPY_FLASHFREQ_80M .
Loading defaults file /home/shanmukh/OSBuild/ports/esp32/build-ZENO_FORGE/submodules/sdkconfig.combined...
/home/shanmukh/OSBuild/ports/esp32/build-ZENO_FORGE/submodules/sdkconfig.combined:114 CONFIG_PERIPH_CTRL_FUNC_IN_IRAM was replaced with CONFIG_ESP_PERIPH_CTRL_FUNC_IN_IRAM 
/home/shanmukh/OSBuild/ports/esp32/build-ZENO_FORGE/submodules/sdkconfig.combined:138 CONFIG_NEWLIB_NANO_FORMAT was replaced with CONFIG_LIBC_NEWLIB_NANO_FORMAT 
/home/shanmukh/OSBuild/ports/esp32/build-ZENO_FORGE/submodules/sdkconfig.combined:172 CONFIG_BT_NIMBLE_TASK_STACK_SIZE was replaced with CONFIG_BT_NIMBLE_HOST_TASK_STACK_SIZE 
warning: unknown kconfig symbol 'XTAL_FREQ_AUTO' assigned to 'y' in /home/shanmukh/OSBuild/ports/esp32/build-ZENO_FORGE/submodules/sdkconfig.combined
warning: unknown kconfig symbol 'BT_NIMBLE_STATIC_TO_DYNAMIC' assigned to 'n' in /home/shanmukh/OSBuild/ports/esp32/build-ZENO_FORGE/submodules/sdkconfig.combined
-- Compiler supported targets: xtensa-esp-elf
-- Found Python3: /home/shanmukh/.espressif/python_env/idf5.5_py3.12_env/bin/python (found version "3.12.3") found components: Interpreter 
-- Performing Test CMAKE_HAVE_LIBC_PTHREAD
-- Performing Test CMAKE_HAVE_LIBC_PTHREAD - Success
-- Found Threads: TRUE  
-- Performing Test C_COMPILER_SUPPORTS_WFORMAT_SIGNEDNESS
-- Performing Test C_COMPILER_SUPPORTS_WFORMAT_SIGNEDNESS - Success
-- USING O3
-- App "micropython" version: 621c326-dirty
-- Adding linker script /home/shanmukh/OSBuild/ports/esp32/build-ZENO_FORGE/submodules/esp-idf/esp_system/ld/memory.ld
-- Adding linker script /home/shanmukh/OSBuild/ports/esp32/build-ZENO_FORGE/submodules/esp-idf/esp_system/ld/sections.ld.in
-- Adding linker script /home/shanmukh/esp/esp-idf/components/esp_rom/esp32s3/ld/esp32s3.rom.ld
-- Adding linker script /home/shanmukh/esp/esp-idf/components/esp_rom/esp32s3/ld/esp32s3.rom.api.ld
-- Adding linker script /home/shanmukh/esp/esp-idf/components/esp_rom/esp32s3/ld/esp32s3.rom.bt_funcs.ld
-- Adding linker script /home/shanmukh/esp/esp-idf/components/esp_rom/esp32s3/ld/esp32s3.rom.libgcc.ld
-- Adding linker script /home/shanmukh/esp/esp-idf/components/esp_rom/esp32s3/ld/esp32s3.rom.wdt.ld
-- Adding linker script /home/shanmukh/esp/esp-idf/components/esp_rom/esp32s3/ld/esp32s3.rom.version.ld
-- Adding linker script /home/shanmukh/esp/esp-idf/components/esp_rom/esp32s3/ld/esp32s3.rom.ble_cca.ld
-- Adding linker script /home/shanmukh/esp/esp-idf/components/esp_rom/esp32s3/ld/esp32s3.rom.ble_test.ld
-- Adding linker script /home/shanmukh/esp/esp-idf/components/esp_rom/esp32s3/ld/esp32s3.rom.libc.ld
-- Adding linker script /home/shanmukh/esp/esp-idf/components/esp_rom/esp32s3/ld/esp32s3.rom.newlib.ld
-- Adding linker script /home/shanmukh/esp/esp-idf/components/soc/esp32s3/ld/esp32s3.peripherals.ld
Found User C Module(s): 
Updating submodules: lib/berkeley-db-1.xx lib/micropython-lib
-- Components: app_trace app_update bootloader bootloader_support bt cmock console cxx driver efuse esp-tls esp_adc esp_app_format esp_bootloader_format esp_coex esp_common esp_driver_ana_cmpr esp_driver_bitscrambler esp_driver_cam esp_driver_dac esp_driver_gpio esp_driver_gptimer esp_driver_i2c esp_driver_i2s esp_driver_isp esp_driver_jpeg esp_driver_ledc esp_driver_mcpwm esp_driver_parlio esp_driver_pcnt esp_driver_ppa esp_driver_rmt esp_driver_sdio esp_driver_sdm esp_driver_sdmmc esp_driver_sdspi esp_driver_spi esp_driver_touch_sens esp_driver_tsens esp_driver_twai esp_driver_uart esp_driver_usb_serial_jtag esp_eth esp_event esp_gdbstub esp_hid esp_http_client esp_http_server esp_https_ota esp_https_server esp_hw_support esp_lcd esp_local_ctrl esp_mm esp_netif esp_netif_stack esp_partition esp_phy esp_pm esp_psram esp_ringbuf esp_rom esp_security esp_system esp_timer esp_vfs_console esp_wifi espcoredump espressif__mdns espressif__tinyusb esptool_py fatfs freertos hal heap http_parser idf_test ieee802154 json log lwip main mbedtls mqtt newlib nvs_flash nvs_sec_provider openthread partition_table perfmon protobuf-c protocomm pthread rt sdmmc soc spi_flash spiffs tcp_transport touch_element ulp unity usb vfs wear_levelling wifi_provisioning wpa_supplicant xtensa
-- Component paths: /home/shanmukh/esp/esp-idf/components/app_trace /home/shanmukh/esp/esp-idf/components/app_update /home/shanmukh/esp/esp-idf/components/bootloader /home/shanmukh/esp/esp-idf/components/bootloader_support /home/shanmukh/esp/esp-idf/components/bt /home/shanmukh/esp/esp-idf/components/cmock /home/shanmukh/esp/esp-idf/components/console /home/shanmukh/esp/esp-idf/components/cxx /home/shanmukh/esp/esp-idf/components/driver /home/shanmukh/esp/esp-idf/components/efuse /home/shanmukh/esp/esp-idf/components/esp-tls /home/shanmukh/esp/esp-idf/components/esp_adc /home/shanmukh/esp/esp-idf/components/esp_app_format /home/shanmukh/esp/esp-idf/components/esp_bootloader_format /home/shanmukh/esp/esp-idf/components/esp_coex /home/shanmukh/esp/esp-idf/components/esp_common /home/shanmukh/esp/esp-idf/components/esp_driver_ana_cmpr /home/shanmukh/esp/esp-idf/components/esp_driver_bitscrambler /home/shanmukh/esp/esp-idf/components/esp_driver_cam /home/shanmukh/esp/esp-idf/components/esp_driver_dac /home/shanmukh/esp/esp-idf/components/esp_driver_gpio /home/shanmukh/esp/esp-idf/components/esp_driver_gptimer /home/shanmukh/esp/esp-idf/components/esp_driver_i2c /home/shanmukh/esp/esp-idf/components/esp_driver_i2s /home/shanmukh/esp/esp-idf/components/esp_driver_isp /home/shanmukh/esp/esp-idf/components/esp_driver_jpeg /home/shanmukh/esp/esp-idf/components/esp_driver_ledc /home/shanmukh/esp/esp-idf/components/esp_driver_mcpwm /home/shanmukh/esp/esp-idf/components/esp_driver_parlio /home/shanmukh/esp/esp-idf/components/esp_driver_pcnt /home/shanmukh/esp/esp-idf/components/esp_driver_ppa /home/shanmukh/esp/esp-idf/components/esp_driver_rmt /home/shanmukh/esp/esp-idf/components/esp_driver_sdio /home/shanmukh/esp/esp-idf/components/esp_driver_sdm /home/shanmukh/esp/esp-idf/components/esp_driver_sdmmc /home/shanmukh/esp/esp-idf/components/esp_driver_sdspi /home/shanmukh/esp/esp-idf/components/esp_driver_spi /home/shanmukh/esp/esp-idf/components/esp_driver_touch_sens /home/shanmukh/esp/esp-idf/components/esp_driver_tsens /home/shanmukh/esp/esp-idf/components/esp_driver_twai /home/shanmukh/esp/esp-idf/components/esp_driver_uart /home/shanmukh/esp/esp-idf/components/esp_driver_usb_serial_jtag /home/shanmukh/esp/esp-idf/components/esp_eth /home/shanmukh/esp/esp-idf/components/esp_event /home/shanmukh/esp/esp-idf/components/esp_gdbstub /home/shanmukh/esp/esp-idf/components/esp_hid /home/shanmukh/esp/esp-idf/components/esp_http_client /home/shanmukh/esp/esp-idf/components/esp_http_server /home/shanmukh/esp/esp-idf/components/esp_https_ota /home/shanmukh/esp/esp-idf/components/esp_https_server /home/shanmukh/esp/esp-idf/components/esp_hw_support /home/shanmukh/esp/esp-idf/components/esp_lcd /home/shanmukh/esp/esp-idf/components/esp_local_ctrl /home/shanmukh/esp/esp-idf/components/esp_mm /home/shanmukh/esp/esp-idf/components/esp_netif /home/shanmukh/esp/esp-idf/components/esp_netif_stack /home/shanmukh/esp/esp-idf/components/esp_partition /home/shanmukh/esp/esp-idf/components/esp_phy /home/shanmukh/esp/esp-idf/components/esp_pm /home/shanmukh/esp/esp-idf/components/esp_psram /home/shanmukh/esp/esp-idf/components/esp_ringbuf /home/shanmukh/esp/esp-idf/components/esp_rom /home/shanmukh/esp/esp-idf/components/esp_security /home/shanmukh/esp/esp-idf/components/esp_system /home/shanmukh/esp/esp-idf/components/esp_timer /home/shanmukh/esp/esp-idf/components/esp_vfs_console /home/shanmukh/esp/esp-idf/components/esp_wifi /home/shanmukh/esp/esp-idf/components/espcoredump /home/shanmukh/OSBuild/ports/esp32/managed_components/espressif__mdns /home/shanmukh/OSBuild/ports/esp32/managed_components/espressif__tinyusb /home/shanmukh/esp/esp-idf/components/esptool_py /home/shanmukh/esp/esp-idf/components/fatfs /home/shanmukh/esp/esp-idf/components/freertos /home/shanmukh/esp/esp-idf/components/hal /home/shanmukh/esp/esp-idf/components/heap /home/shanmukh/esp/esp-idf/components/http_parser /home/shanmukh/esp/esp-idf/components/idf_test /home/shanmukh/esp/esp-idf/components/ieee802154 /home/shanmukh/esp/esp-idf/components/json /home/shanmukh/esp/esp-idf/components/log /home/shanmukh/esp/esp-idf/components/lwip /home/shanmukh/OSBuild/ports/esp32/main /home/shanmukh/esp/esp-idf/components/mbedtls /home/shanmukh/esp/esp-idf/components/mqtt /home/shanmukh/esp/esp-idf/components/newlib /home/shanmukh/esp/esp-idf/components/nvs_flash /home/shanmukh/esp/esp-idf/components/nvs_sec_provider /home/shanmukh/esp/esp-idf/components/openthread /home/shanmukh/esp/esp-idf/components/partition_table /home/shanmukh/esp/esp-idf/components/perfmon /home/shanmukh/esp/esp-idf/components/protobuf-c /home/shanmukh/esp/esp-idf/components/protocomm /home/shanmukh/esp/esp-idf/components/pthread /home/shanmukh/esp/esp-idf/components/rt /home/shanmukh/esp/esp-idf/components/sdmmc /home/shanmukh/esp/esp-idf/components/soc /home/shanmukh/esp/esp-idf/components/spi_flash /home/shanmukh/esp/esp-idf/components/spiffs /home/shanmukh/esp/esp-idf/components/tcp_transport /home/shanmukh/esp/esp-idf/components/touch_element /home/shanmukh/esp/esp-idf/components/ulp /home/shanmukh/esp/esp-idf/components/unity /home/shanmukh/esp/esp-idf/components/usb /home/shanmukh/esp/esp-idf/components/vfs /home/shanmukh/esp/esp-idf/components/wear_levelling /home/shanmukh/esp/esp-idf/components/wifi_provisioning /home/shanmukh/esp/esp-idf/components/wpa_supplicant /home/shanmukh/esp/esp-idf/components/xtensa
Checking lockfile contents...
-- Configuring done (6.7s)
-- Generating done (0.4s)
-- Build files have been written to: /home/shanmukh/OSBuild/ports/esp32/build-ZENO_FORGE/submodules
# ── submodules done ──
[11:17:47] [CMD] make BOARD=ZENO_FORGE
Use make V=1 or set BUILD_VERBOSE in your environment to increase build verbosity.
Executing action: all (aliases: build)
Running cmake in directory /home/shanmukh/OSBuild/ports/esp32/build-ZENO_FORGE
Executing "cmake -G Ninja -DPYTHON_DEPS_CHECKED=1 -DPYTHON=/home/shanmukh/.espressif/python_env/idf5.5_py3.12_env/bin/python -DESP_PLATFORM=1 -DMICROPY_BOARD=ZENO_FORGE -DMICROPY_BOARD_DIR=/home/shanmukh/OSBuild/ports/esp32/boards/ZENO_FORGE -DCCACHE_ENABLE=0 /home/shanmukh/OSBuild/ports/esp32"...
-- Found Git: /usr/bin/git (found version "2.43.0") 
-- Minimal build - OFF
-- The C compiler identification is GNU 14.2.0
-- The CXX compiler identification is GNU 14.2.0
-- The ASM compiler identification is GNU
-- Found assembler: /home/shanmukh/.espressif/tools/xtensa-esp-elf/esp-14.2.0_20251107/xtensa-esp-elf/bin/xtensa-esp32s3-elf-gcc
-- Detecting C compiler ABI info
-- Detecting C compiler ABI info - done
-- Check for working C compiler: /home/shanmukh/.espressif/tools/xtensa-esp-elf/esp-14.2.0_20251107/xtensa-esp-elf/bin/xtensa-esp32s3-elf-gcc - skipped
-- Detecting C compile features
-- Detecting C compile features - done
-- Detecting CXX compiler ABI info
-- Detecting CXX compiler ABI info - done
-- Check for working CXX compiler: /home/shanmukh/.espressif/tools/xtensa-esp-elf/esp-14.2.0_20251107/xtensa-esp-elf/bin/xtensa-esp32s3-elf-g++ - skipped
-- Detecting CXX compile features
-- Detecting CXX compile features - done
-- Building ESP-IDF components for target esp32s3
NOTICE: Skipping optional dependency: espressif/esp_hosted
NOTICE: Skipping optional dependency: espressif/esp_wifi_remote
NOTICE: Skipping optional dependency: espressif/lan867x
NOTICE: Processing 3 dependencies:
NOTICE: [1/3] espressif/mdns (1.1.0)
NOTICE: [2/3] espressif/tinyusb (e4c0ec3caab3d9c25374de7047653b9ced8f14ff)
NOTICE: [3/3] idf (5.5.2)
-- ESP-TEE is currently supported only on the esp32c6;esp32h2;esp32c5 SoCs
NOTICE: Skipping optional dependency: espressif/esp_hosted
NOTICE: Skipping optional dependency: espressif/esp_wifi_remote
NOTICE: Skipping optional dependency: espressif/lan867x
-- Project sdkconfig file /home/shanmukh/OSBuild/ports/esp32/build-ZENO_FORGE/sdkconfig
info: Choice ESPTOOLPY_FLASHSIZE has multiple active selections. The last one will be used: ESPTOOLPY_FLASHSIZE_8MB .
info: Choice SPIRAM_MODE has multiple active selections. The last one will be used: SPIRAM_MODE_QUAD .
info: Choice ESPTOOLPY_FLASHMODE has multiple active selections. The last one will be used: ESPTOOLPY_FLASHMODE_QIO .
info: Choice ESPTOOLPY_FLASHFREQ has multiple active selections. The last one will be used: ESPTOOLPY_FLASHFREQ_80M .
Loading defaults file /home/shanmukh/OSBuild/ports/esp32/build-ZENO_FORGE/sdkconfig.combined...
/home/shanmukh/OSBuild/ports/esp32/build-ZENO_FORGE/sdkconfig.combined:114 CONFIG_PERIPH_CTRL_FUNC_IN_IRAM was replaced with CONFIG_ESP_PERIPH_CTRL_FUNC_IN_IRAM 
/home/shanmukh/OSBuild/ports/esp32/build-ZENO_FORGE/sdkconfig.combined:138 CONFIG_NEWLIB_NANO_FORMAT was replaced with CONFIG_LIBC_NEWLIB_NANO_FORMAT 
/home/shanmukh/OSBuild/ports/esp32/build-ZENO_FORGE/sdkconfig.combined:172 CONFIG_BT_NIMBLE_TASK_STACK_SIZE was replaced with CONFIG_BT_NIMBLE_HOST_TASK_STACK_SIZE 
warning: unknown kconfig symbol 'XTAL_FREQ_AUTO' assigned to 'y' in /home/shanmukh/OSBuild/ports/esp32/build-ZENO_FORGE/sdkconfig.combined
warning: unknown kconfig symbol 'BT_NIMBLE_STATIC_TO_DYNAMIC' assigned to 'n' in /home/shanmukh/OSBuild/ports/esp32/build-ZENO_FORGE/sdkconfig.combined
-- Compiler supported targets: xtensa-esp-elf
-- Found Python3: /home/shanmukh/.espressif/python_env/idf5.5_py3.12_env/bin/python (found version "3.12.3") found components: Interpreter 
-- Performing Test CMAKE_HAVE_LIBC_PTHREAD
-- Performing Test CMAKE_HAVE_LIBC_PTHREAD - Success
-- Found Threads: TRUE  
-- Performing Test C_COMPILER_SUPPORTS_WFORMAT_SIGNEDNESS
-- Performing Test C_COMPILER_SUPPORTS_WFORMAT_SIGNEDNESS - Success
-- USING O3
-- App "micropython" version: 621c326-dirty
-- Adding linker script /home/shanmukh/OSBuild/ports/esp32/build-ZENO_FORGE/esp-idf/esp_system/ld/memory.ld
-- Adding linker script /home/shanmukh/OSBuild/ports/esp32/build-ZENO_FORGE/esp-idf/esp_system/ld/sections.ld.in
-- Adding linker script /home/shanmukh/esp/esp-idf/components/esp_rom/esp32s3/ld/esp32s3.rom.ld
-- Adding linker script /home/shanmukh/esp/esp-idf/components/esp_rom/esp32s3/ld/esp32s3.rom.api.ld
-- Adding linker script /home/shanmukh/esp/esp-idf/components/esp_rom/esp32s3/ld/esp32s3.rom.bt_funcs.ld
-- Adding linker script /home/shanmukh/esp/esp-idf/components/esp_rom/esp32s3/ld/esp32s3.rom.libgcc.ld
-- Adding linker script /home/shanmukh/esp/esp-idf/components/esp_rom/esp32s3/ld/esp32s3.rom.wdt.ld
-- Adding linker script /home/shanmukh/esp/esp-idf/components/esp_rom/esp32s3/ld/esp32s3.rom.version.ld
-- Adding linker script /home/shanmukh/esp/esp-idf/components/esp_rom/esp32s3/ld/esp32s3.rom.ble_cca.ld
-- Adding linker script /home/shanmukh/esp/esp-idf/components/esp_rom/esp32s3/ld/esp32s3.rom.ble_test.ld
-- Adding linker script /home/shanmukh/esp/esp-idf/components/esp_rom/esp32s3/ld/esp32s3.rom.libc.ld
-- Adding linker script /home/shanmukh/esp/esp-idf/components/esp_rom/esp32s3/ld/esp32s3.rom.newlib.ld
-- Adding linker script /home/shanmukh/esp/esp-idf/components/soc/esp32s3/ld/esp32s3.peripherals.ld
Found User C Module(s): 
-- Components: app_trace app_update bootloader bootloader_support bt cmock console cxx driver efuse esp-tls esp_adc esp_app_format esp_bootloader_format esp_coex esp_common esp_driver_ana_cmpr esp_driver_bitscrambler esp_driver_cam esp_driver_dac esp_driver_gpio esp_driver_gptimer esp_driver_i2c esp_driver_i2s esp_driver_isp esp_driver_jpeg esp_driver_ledc esp_driver_mcpwm esp_driver_parlio esp_driver_pcnt esp_driver_ppa esp_driver_rmt esp_driver_sdio esp_driver_sdm esp_driver_sdmmc esp_driver_sdspi esp_driver_spi esp_driver_touch_sens esp_driver_tsens esp_driver_twai esp_driver_uart esp_driver_usb_serial_jtag esp_eth esp_event esp_gdbstub esp_hid esp_http_client esp_http_server esp_https_ota esp_https_server esp_hw_support esp_lcd esp_local_ctrl esp_mm esp_netif esp_netif_stack esp_partition esp_phy esp_pm esp_psram esp_ringbuf esp_rom esp_security esp_system esp_timer esp_vfs_console esp_wifi espcoredump espressif__mdns espressif__tinyusb esptool_py fatfs freertos hal heap http_parser idf_test ieee802154 json log lwip main mbedtls mqtt newlib nvs_flash nvs_sec_provider openthread partition_table perfmon protobuf-c protocomm pthread rt sdmmc soc spi_flash spiffs tcp_transport touch_element ulp unity usb vfs wear_levelling wifi_provisioning wpa_supplicant xtensa
-- Component paths: /home/shanmukh/esp/esp-idf/components/app_trace /home/shanmukh/esp/esp-idf/components/app_update /home/shanmukh/esp/esp-idf/components/bootloader /home/shanmukh/esp/esp-idf/components/bootloader_support /home/shanmukh/esp/esp-idf/components/bt /home/shanmukh/esp/esp-idf/components/cmock /home/shanmukh/esp/esp-idf/components/console /home/shanmukh/esp/esp-idf/components/cxx /home/shanmukh/esp/esp-idf/components/driver /home/shanmukh/esp/esp-idf/components/efuse /home/shanmukh/esp/esp-idf/components/esp-tls /home/shanmukh/esp/esp-idf/components/esp_adc /home/shanmukh/esp/esp-idf/components/esp_app_format /home/shanmukh/esp/esp-idf/components/esp_bootloader_format /home/shanmukh/esp/esp-idf/components/esp_coex /home/shanmukh/esp/esp-idf/components/esp_common /home/shanmukh/esp/esp-idf/components/esp_driver_ana_cmpr /home/shanmukh/esp/esp-idf/components/esp_driver_bitscrambler /home/shanmukh/esp/esp-idf/components/esp_driver_cam /home/shanmukh/esp/esp-idf/components/esp_driver_dac /home/shanmukh/esp/esp-idf/components/esp_driver_gpio /home/shanmukh/esp/esp-idf/components/esp_driver_gptimer /home/shanmukh/esp/esp-idf/components/esp_driver_i2c /home/shanmukh/esp/esp-idf/components/esp_driver_i2s /home/shanmukh/esp/esp-idf/components/esp_driver_isp /home/shanmukh/esp/esp-idf/components/esp_driver_jpeg /home/shanmukh/esp/esp-idf/components/esp_driver_ledc /home/shanmukh/esp/esp-idf/components/esp_driver_mcpwm /home/shanmukh/esp/esp-idf/components/esp_driver_parlio /home/shanmukh/esp/esp-idf/components/esp_driver_pcnt /home/shanmukh/esp/esp-idf/components/esp_driver_ppa /home/shanmukh/esp/esp-idf/components/esp_driver_rmt /home/shanmukh/esp/esp-idf/components/esp_driver_sdio /home/shanmukh/esp/esp-idf/components/esp_driver_sdm /home/shanmukh/esp/esp-idf/components/esp_driver_sdmmc /home/shanmukh/esp/esp-idf/components/esp_driver_sdspi /home/shanmukh/esp/esp-idf/components/esp_driver_spi /home/shanmukh/esp/esp-idf/components/esp_driver_touch_sens /home/shanmukh/esp/esp-idf/components/esp_driver_tsens /home/shanmukh/esp/esp-idf/components/esp_driver_twai /home/shanmukh/esp/esp-idf/components/esp_driver_uart /home/shanmukh/esp/esp-idf/components/esp_driver_usb_serial_jtag /home/shanmukh/esp/esp-idf/components/esp_eth /home/shanmukh/esp/esp-idf/components/esp_event /home/shanmukh/esp/esp-idf/components/esp_gdbstub /home/shanmukh/esp/esp-idf/components/esp_hid /home/shanmukh/esp/esp-idf/components/esp_http_client /home/shanmukh/esp/esp-idf/components/esp_http_server /home/shanmukh/esp/esp-idf/components/esp_https_ota /home/shanmukh/esp/esp-idf/components/esp_https_server /home/shanmukh/esp/esp-idf/components/esp_hw_support /home/shanmukh/esp/esp-idf/components/esp_lcd /home/shanmukh/esp/esp-idf/components/esp_local_ctrl /home/shanmukh/esp/esp-idf/components/esp_mm /home/shanmukh/esp/esp-idf/components/esp_netif /home/shanmukh/esp/esp-idf/components/esp_netif_stack /home/shanmukh/esp/esp-idf/components/esp_partition /home/shanmukh/esp/esp-idf/components/esp_phy /home/shanmukh/esp/esp-idf/components/esp_pm /home/shanmukh/esp/esp-idf/components/esp_psram /home/shanmukh/esp/esp-idf/components/esp_ringbuf /home/shanmukh/esp/esp-idf/components/esp_rom /home/shanmukh/esp/esp-idf/components/esp_security /home/shanmukh/esp/esp-idf/components/esp_system /home/shanmukh/esp/esp-idf/components/esp_timer /home/shanmukh/esp/esp-idf/components/esp_vfs_console /home/shanmukh/esp/esp-idf/components/esp_wifi /home/shanmukh/esp/esp-idf/components/espcoredump /home/shanmukh/OSBuild/ports/esp32/managed_components/espressif__mdns /home/shanmukh/OSBuild/ports/esp32/managed_components/espressif__tinyusb /home/shanmukh/esp/esp-idf/components/esptool_py /home/shanmukh/esp/esp-idf/components/fatfs /home/shanmukh/esp/esp-idf/components/freertos /home/shanmukh/esp/esp-idf/components/hal /home/shanmukh/esp/esp-idf/components/heap /home/shanmukh/esp/esp-idf/components/http_parser /home/shanmukh/esp/esp-idf/components/idf_test /home/shanmukh/esp/esp-idf/components/ieee802154 /home/shanmukh/esp/esp-idf/components/json /home/shanmukh/esp/esp-idf/components/log /home/shanmukh/esp/esp-idf/components/lwip /home/shanmukh/OSBuild/ports/esp32/main /home/shanmukh/esp/esp-idf/components/mbedtls /home/shanmukh/esp/esp-idf/components/mqtt /home/shanmukh/esp/esp-idf/components/newlib /home/shanmukh/esp/esp-idf/components/nvs_flash /home/shanmukh/esp/esp-idf/components/nvs_sec_provider /home/shanmukh/esp/esp-idf/components/openthread /home/shanmukh/esp/esp-idf/components/partition_table /home/shanmukh/esp/esp-idf/components/perfmon /home/shanmukh/esp/esp-idf/components/protobuf-c /home/shanmukh/esp/esp-idf/components/protocomm /home/shanmukh/esp/esp-idf/components/pthread /home/shanmukh/esp/esp-idf/components/rt /home/shanmukh/esp/esp-idf/components/sdmmc /home/shanmukh/esp/esp-idf/components/soc /home/shanmukh/esp/esp-idf/components/spi_flash /home/shanmukh/esp/esp-idf/components/spiffs /home/shanmukh/esp/esp-idf/components/tcp_transport /home/shanmukh/esp/esp-idf/components/touch_element /home/shanmukh/esp/esp-idf/components/ulp /home/shanmukh/esp/esp-idf/components/unity /home/shanmukh/esp/esp-idf/components/usb /home/shanmukh/esp/esp-idf/components/vfs /home/shanmukh/esp/esp-idf/components/wear_levelling /home/shanmukh/esp/esp-idf/components/wifi_provisioning /home/shanmukh/esp/esp-idf/components/wpa_supplicant /home/shanmukh/esp/esp-idf/components/xtensa
Checking lockfile contents...
-- Configuring done (5.7s)
-- Generating done (0.5s)
-- Build files have been written to: /home/shanmukh/OSBuild/ports/esp32/build-ZENO_FORGE
Running ninja in directory /home/shanmukh/OSBuild/ports/esp32/build-ZENO_FORGE
Executing "ninja all"...
[1/1515] Generating project_elf_src_esp32s3.c
[2/1515] Generating ../../ota_data_initial.bin
[3/1515] Generating /home/shanmukh/OSBuild/ports/esp32/build-ZENO_FORGE/esp-idf/esp_system/ld/memory.ld linker script...
[4/1515] Generating /home/shanmukh/OSBuild/ports/esp32/build-ZENO_FORGE/esp-idf/esp_system/ld/sections.ld.in linker script...
[5/1515] Building C object esp-idf/xtensa/CMakeFiles/__idf_xtensa.dir/eri.c.obj
[6/1515] Generating ../../partition_table/partition-table.bin
Partition table binary generated. Contents:
*******************************************************************************
# ESP-IDF Partition Table
# Name, Type, SubType, Offset, Size, Flags
nvs,data,nvs,0x9000,16K,
otadata,data,ota,0xd000,8K,
phy_init,data,phy,0xf000,4K,
ota_0,app,ota_0,0x10000,3M,
zfs,data,fat,0x310000,2M,
userdata,data,fat,0x510000,3008K,
*******************************************************************************
[7/1515] Building ASM object esp-idf/xtensa/CMakeFiles/__idf_xtensa.dir/xtensa_context.S.obj
[8/1515] Building ASM object esp-idf/xtensa/CMakeFiles/__idf_xtensa.dir/xtensa_intr_asm.S.obj
[9/1515] Building C object esp-idf/xtensa/CMakeFiles/__idf_xtensa.dir/xt_trax.c.obj
[10/1515] Building ASM object esp-idf/xtensa/CMakeFiles/__idf_xtensa.dir/xtensa_vectors.S.obj
[11/1515] Building C object esp-idf/xtensa/CMakeFiles/__idf_xtensa.dir/xtensa_intr.c.obj
[12/1515] Building C object esp-idf/esp_driver_gpio/CMakeFiles/__idf_esp_driver_gpio.dir/src/gpio_glitch_filter_ops.c.obj
[13/1515] Building C object esp-idf/esp_driver_gpio/CMakeFiles/__idf_esp_driver_gpio.dir/src/rtc_io.c.obj
[14/1515] Building C object esp-idf/esp_driver_gpio/CMakeFiles/__idf_esp_driver_gpio.dir/src/dedic_gpio.c.obj
[15/1515] Building C object esp-idf/esp_driver_gpio/CMakeFiles/__idf_esp_driver_gpio.dir/src/gpio_pin_glitch_filter.c.obj
[16/1515] Building C object esp-idf/esp_driver_gpio/CMakeFiles/__idf_esp_driver_gpio.dir/src/gpio.c.obj
[17/1515] Building C object esp-idf/esp_pm/CMakeFiles/__idf_esp_pm.dir/pm_trace.c.obj
[18/1515] Building C object esp-idf/esp_pm/CMakeFiles/__idf_esp_pm.dir/pm_locks.c.obj
[19/1515] Building C object esp-idf/mbedtls/mbedtls/3rdparty/everest/CMakeFiles/everest.dir/library/everest.c.obj
[20/1515] Building C object esp-idf/mbedtls/mbedtls/3rdparty/everest/CMakeFiles/everest.dir/library/x25519.c.obj
[21/1515] Building C object esp-idf/mbedtls/mbedtls/3rdparty/everest/CMakeFiles/everest.dir/library/Hacl_Curve25519_joined.c.obj
[22/1515] Building C object esp-idf/mbedtls/mbedtls/3rdparty/p256-m/CMakeFiles/p256m.dir/p256-m_driver_entrypoints.c.obj
[23/1515] Building C object esp-idf/esp_pm/CMakeFiles/__idf_esp_pm.dir/pm_impl.c.obj
[24/1515] Building C object esp-idf/mbedtls/mbedtls/3rdparty/p256-m/CMakeFiles/p256m.dir/p256-m/p256-m.c.obj
[25/1515] Building C object esp-idf/mbedtls/mbedtls/library/CMakeFiles/mbedcrypto.dir/aesni.c.obj
[26/1515] Building C object esp-idf/mbedtls/mbedtls/library/CMakeFiles/mbedcrypto.dir/aesce.c.obj
[27/1515] Building C object esp-idf/mbedtls/mbedtls/library/CMakeFiles/mbedcrypto.dir/aes.c.obj
[28/1515] Building C object esp-idf/mbedtls/mbedtls/library/CMakeFiles/mbedcrypto.dir/asn1parse.c.obj
[29/1515] Building C object esp-idf/mbedtls/mbedtls/library/CMakeFiles/mbedcrypto.dir/aria.c.obj
[30/1515] Building C object esp-idf/mbedtls/mbedtls/library/CMakeFiles/mbedcrypto.dir/base64.c.obj
[31/1515] Building C object esp-idf/mbedtls/mbedtls/library/CMakeFiles/mbedcrypto.dir/asn1write.c.obj
[32/1515] Building C object esp-idf/mbedtls/mbedtls/library/CMakeFiles/mbedcrypto.dir/bignum_core.c.obj
[33/1515] Building C object esp-idf/mbedtls/mbedtls/library/CMakeFiles/mbedcrypto.dir/bignum_mod.c.obj
[34/1515] Building C object esp-idf/mbedtls/mbedtls/library/CMakeFiles/mbedcrypto.dir/bignum_mod_raw.c.obj
[35/1515] Building C object esp-idf/mbedtls/mbedtls/library/CMakeFiles/mbedcrypto.dir/block_cipher.c.obj
[36/1515] Building C object esp-idf/mbedtls/mbedtls/library/CMakeFiles/mbedcrypto.dir/camellia.c.obj
[37/1515] Building C object esp-idf/mbedtls/mbedtls/library/CMakeFiles/mbedcrypto.dir/bignum.c.obj
[38/1515] Building C object esp-idf/mbedtls/mbedtls/library/CMakeFiles/mbedcrypto.dir/ccm.c.obj
[39/1515] Building C object esp-idf/mbedtls/mbedtls/library/CMakeFiles/mbedcrypto.dir/chacha20.c.obj
[40/1515] Building C object esp-idf/mbedtls/mbedtls/library/CMakeFiles/mbedcrypto.dir/chachapoly.c.obj
[41/1515] Building C object esp-idf/mbedtls/mbedtls/library/CMakeFiles/mbedcrypto.dir/cipher_wrap.c.obj
[42/1515] Building C object esp-idf/mbedtls/mbedtls/library/CMakeFiles/mbedcrypto.dir/constant_time.c.obj
[43/1515] Building C object esp-idf/mbedtls/mbedtls/library/CMakeFiles/mbedcrypto.dir/cipher.c.obj
[44/1515] Building C object esp-idf/mbedtls/mbedtls/library/CMakeFiles/mbedcrypto.dir/cmac.c.obj
[45/1515] Building C object esp-idf/mbedtls/mbedtls/library/CMakeFiles/mbedcrypto.dir/des.c.obj
[46/1515] Building C object esp-idf/mbedtls/mbedtls/library/CMakeFiles/mbedcrypto.dir/dhm.c.obj
[47/1515] Building C object esp-idf/mbedtls/mbedtls/library/CMakeFiles/mbedcrypto.dir/ctr_drbg.c.obj
[48/1515] Building C object esp-idf/mbedtls/mbedtls/library/CMakeFiles/mbedcrypto.dir/ecdh.c.obj
[49/1515] Building C object esp-idf/mbedtls/mbedtls/library/CMakeFiles/mbedcrypto.dir/ecjpake.c.obj
[50/1515] Building C object esp-idf/mbedtls/mbedtls/library/CMakeFiles/mbedcrypto.dir/ecdsa.c.obj
[51/1515] Building C object esp-idf/mbedtls/mbedtls/library/CMakeFiles/mbedcrypto.dir/ecp_curves.c.obj
[52/1515] Building C object esp-idf/mbedtls/mbedtls/library/CMakeFiles/mbedcrypto.dir/ecp_curves_new.c.obj
[53/1515] Building C object esp-idf/mbedtls/mbedtls/library/CMakeFiles/mbedcrypto.dir/entropy.c.obj
[54/1515] Building C object esp-idf/mbedtls/mbedtls/library/CMakeFiles/mbedcrypto.dir/ecp.c.obj
[55/1515] Building C object esp-idf/mbedtls/mbedtls/library/CMakeFiles/mbedcrypto.dir/entropy_poll.c.obj
[56/1515] Building C object esp-idf/mbedtls/mbedtls/library/CMakeFiles/mbedcrypto.dir/error.c.obj
[57/1515] Building C object esp-idf/mbedtls/mbedtls/library/CMakeFiles/mbedcrypto.dir/hkdf.c.obj
[58/1515] Building C object esp-idf/mbedtls/mbedtls/library/CMakeFiles/mbedcrypto.dir/hmac_drbg.c.obj
[59/1515] Building C object esp-idf/mbedtls/mbedtls/library/CMakeFiles/mbedcrypto.dir/gcm.c.obj
[60/1515] Building C object esp-idf/mbedtls/mbedtls/library/CMakeFiles/mbedcrypto.dir/lms.c.obj
[61/1515] Building C object esp-idf/mbedtls/mbedtls/library/CMakeFiles/mbedcrypto.dir/lmots.c.obj
[62/1515] Building C object esp-idf/mbedtls/mbedtls/library/CMakeFiles/mbedcrypto.dir/md5.c.obj
[63/1515] Building C object esp-idf/mbedtls/mbedtls/library/CMakeFiles/mbedcrypto.dir/memory_buffer_alloc.c.obj
[64/1515] Building C object esp-idf/mbedtls/mbedtls/library/CMakeFiles/mbedcrypto.dir/nist_kw.c.obj
[65/1515] Building C object esp-idf/mbedtls/mbedtls/library/CMakeFiles/mbedcrypto.dir/md.c.obj
[66/1515] Building C object esp-idf/mbedtls/mbedtls/library/CMakeFiles/mbedcrypto.dir/padlock.c.obj
[67/1515] Building C object esp-idf/mbedtls/mbedtls/library/CMakeFiles/mbedcrypto.dir/pem.c.obj
[68/1515] Building C object esp-idf/mbedtls/mbedtls/library/CMakeFiles/mbedcrypto.dir/oid.c.obj
[69/1515] Building C object esp-idf/mbedtls/mbedtls/library/CMakeFiles/mbedcrypto.dir/pk_ecc.c.obj
[70/1515] Building C object esp-idf/mbedtls/mbedtls/library/CMakeFiles/mbedcrypto.dir/pk_wrap.c.obj
[71/1515] Building C object esp-idf/mbedtls/mbedtls/library/CMakeFiles/mbedcrypto.dir/pk.c.obj
[72/1515] Building C object esp-idf/mbedtls/mbedtls/library/CMakeFiles/mbedcrypto.dir/pkcs12.c.obj
[73/1515] Building C object esp-idf/mbedtls/mbedtls/library/CMakeFiles/mbedcrypto.dir/pkcs5.c.obj
[74/1515] Building C object esp-idf/mbedtls/mbedtls/library/CMakeFiles/mbedcrypto.dir/pkwrite.c.obj
[75/1515] Building C object esp-idf/mbedtls/mbedtls/library/CMakeFiles/mbedcrypto.dir/platform.c.obj
[76/1515] Building C object esp-idf/mbedtls/mbedtls/library/CMakeFiles/mbedcrypto.dir/pkparse.c.obj
[77/1515] Building C object esp-idf/mbedtls/mbedtls/library/CMakeFiles/mbedcrypto.dir/poly1305.c.obj
[78/1515] Building C object esp-idf/mbedtls/mbedtls/library/CMakeFiles/mbedcrypto.dir/platform_util.c.obj
[79/1515] Building C object esp-idf/mbedtls/mbedtls/library/CMakeFiles/mbedcrypto.dir/psa_crypto_aead.c.obj
[80/1515] Building C object esp-idf/mbedtls/mbedtls/library/CMakeFiles/mbedcrypto.dir/psa_crypto_cipher.c.obj
[81/1515] Building C object esp-idf/mbedtls/mbedtls/library/CMakeFiles/mbedcrypto.dir/psa_crypto_client.c.obj
[82/1515] Building C object esp-idf/mbedtls/mbedtls/library/CMakeFiles/mbedcrypto.dir/psa_crypto_driver_wrappers_no_static.c.obj
[83/1515] Building C object esp-idf/mbedtls/mbedtls/library/CMakeFiles/mbedcrypto.dir/psa_crypto_ecp.c.obj
[84/1515] Building C object esp-idf/mbedtls/mbedtls/library/CMakeFiles/mbedcrypto.dir/psa_crypto_ffdh.c.obj
[85/1515] Building C object esp-idf/mbedtls/mbedtls/library/CMakeFiles/mbedcrypto.dir/psa_crypto_hash.c.obj
[86/1515] Building C object esp-idf/mbedtls/mbedtls/library/CMakeFiles/mbedcrypto.dir/psa_crypto_mac.c.obj
[87/1515] Building C object esp-idf/mbedtls/mbedtls/library/CMakeFiles/mbedcrypto.dir/psa_crypto_pake.c.obj
[88/1515] Building C object esp-idf/mbedtls/mbedtls/library/CMakeFiles/mbedcrypto.dir/psa_crypto_rsa.c.obj
[89/1515] Building C object esp-idf/mbedtls/mbedtls/library/CMakeFiles/mbedcrypto.dir/psa_crypto_se.c.obj
[90/1515] Building C object esp-idf/mbedtls/mbedtls/library/CMakeFiles/mbedcrypto.dir/psa_crypto_slot_management.c.obj
[91/1515] Building C object esp-idf/mbedtls/mbedtls/library/CMakeFiles/mbedcrypto.dir/psa_crypto_storage.c.obj
[92/1515] Building C object esp-idf/mbedtls/mbedtls/library/CMakeFiles/mbedcrypto.dir/psa_its_file.c.obj
[93/1515] Building C object esp-idf/mbedtls/mbedtls/library/CMakeFiles/mbedcrypto.dir/psa_util.c.obj
[94/1515] Building C object esp-idf/mbedtls/mbedtls/library/CMakeFiles/mbedcrypto.dir/ripemd160.c.obj
[95/1515] Building C object esp-idf/mbedtls/mbedtls/library/CMakeFiles/mbedcrypto.dir/psa_crypto.c.obj
[96/1515] Building C object esp-idf/mbedtls/mbedtls/library/CMakeFiles/mbedcrypto.dir/rsa_alt_helpers.c.obj
[97/1515] Building C object esp-idf/mbedtls/mbedtls/library/CMakeFiles/mbedcrypto.dir/sha1.c.obj
[98/1515] Building C object esp-idf/mbedtls/mbedtls/library/CMakeFiles/mbedcrypto.dir/sha256.c.obj
[99/1515] Building C object esp-idf/mbedtls/mbedtls/library/CMakeFiles/mbedcrypto.dir/sha512.c.obj
[100/1515] Building C object esp-idf/mbedtls/mbedtls/library/CMakeFiles/mbedcrypto.dir/rsa.c.obj
[101/1515] Building C object esp-idf/mbedtls/mbedtls/library/CMakeFiles/mbedcrypto.dir/sha3.c.obj
[102/1515] Building C object esp-idf/mbedtls/mbedtls/library/CMakeFiles/mbedcrypto.dir/threading.c.obj
[103/1515] Building C object esp-idf/mbedtls/mbedtls/library/CMakeFiles/mbedcrypto.dir/timing.c.obj
[104/1515] Building C object esp-idf/mbedtls/mbedtls/library/CMakeFiles/mbedcrypto.dir/version.c.obj
[105/1515] Building C object esp-idf/mbedtls/mbedtls/library/CMakeFiles/mbedcrypto.dir/version_features.c.obj
[106/1515] Building C object esp-idf/mbedtls/mbedtls/library/CMakeFiles/mbedcrypto.dir/home/shanmukh/esp/esp-idf/components/mbedtls/port/sha/core/esp_sha_gdma_impl.c.obj
[107/1515] Building C object esp-idf/mbedtls/mbedtls/library/CMakeFiles/mbedcrypto.dir/home/shanmukh/esp/esp-idf/components/mbedtls/port/aes/dma/esp_aes_gdma_impl.c.obj
[108/1515] Building C object esp-idf/mbedtls/mbedtls/library/CMakeFiles/mbedcrypto.dir/home/shanmukh/esp/esp-idf/components/mbedtls/port/crypto_shared_gdma/esp_crypto_shared_gdma.c.obj
[109/1515] Building C object esp-idf/mbedtls/mbedtls/library/CMakeFiles/mbedcrypto.dir/home/shanmukh/esp/esp-idf/components/mbedtls/port/esp_hardware.c.obj
[110/1515] Building C object esp-idf/mbedtls/mbedtls/library/CMakeFiles/mbedcrypto.dir/home/shanmukh/esp/esp-idf/components/mbedtls/port/esp_mem.c.obj
[111/1515] Building C object esp-idf/mbedtls/mbedtls/library/CMakeFiles/mbedcrypto.dir/home/shanmukh/esp/esp-idf/components/mbedtls/port/aes/dma/esp_aes_dma_core.c.obj
[112/1515] Building C object esp-idf/mbedtls/mbedtls/library/CMakeFiles/mbedcrypto.dir/home/shanmukh/esp/esp-idf/components/mbedtls/port/esp_timing.c.obj
[113/1515] Building C object esp-idf/mbedtls/mbedtls/library/CMakeFiles/mbedcrypto.dir/home/shanmukh/esp/esp-idf/components/mbedtls/port/aes/esp_aes_common.c.obj
[114/1515] Building C object esp-idf/mbedtls/mbedtls/library/CMakeFiles/mbedcrypto.dir/home/shanmukh/esp/esp-idf/components/mbedtls/port/aes/esp_aes_xts.c.obj
[115/1515] Building C object esp-idf/mbedtls/mbedtls/library/CMakeFiles/mbedcrypto.dir/home/shanmukh/esp/esp-idf/components/mbedtls/port/sha/esp_sha.c.obj
[116/1515] Building C object esp-idf/mbedtls/mbedtls/library/CMakeFiles/mbedcrypto.dir/home/shanmukh/esp/esp-idf/components/mbedtls/port/aes/dma/esp_aes.c.obj
[117/1515] Building C object esp-idf/mbedtls/mbedtls/library/CMakeFiles/mbedcrypto.dir/home/shanmukh/esp/esp-idf/components/mbedtls/port/sha/core/sha.c.obj
[118/1515] Building C object esp-idf/mbedtls/mbedtls/library/CMakeFiles/mbedcrypto.dir/home/shanmukh/esp/esp-idf/components/mbedtls/port/esp_ds/esp_rsa_sign_alt.c.obj
[119/1515] Building C object esp-idf/mbedtls/mbedtls/library/CMakeFiles/mbedcrypto.dir/home/shanmukh/esp/esp-idf/components/mbedtls/port/esp_ds/esp_rsa_dec_alt.c.obj
[120/1515] Building C object esp-idf/mbedtls/mbedtls/library/CMakeFiles/mbedcrypto.dir/home/shanmukh/esp/esp-idf/components/mbedtls/port/esp_hmac_pbkdf2.c.obj
[121/1515] Building C object esp-idf/mbedtls/mbedtls/library/CMakeFiles/mbedcrypto.dir/home/shanmukh/esp/esp-idf/components/mbedtls/port/esp_ds/esp_ds_common.c.obj
[122/1515] Building C object esp-idf/mbedtls/mbedtls/library/CMakeFiles/mbedcrypto.dir/home/shanmukh/esp/esp-idf/components/mbedtls/port/bignum/bignum_alt.c.obj
[123/1515] Building C object esp-idf/mbedtls/mbedtls/library/CMakeFiles/mbedcrypto.dir/home/shanmukh/esp/esp-idf/components/mbedtls/port/bignum/esp_bignum.c.obj
[124/1515] Building C object esp-idf/mbedtls/mbedtls/library/CMakeFiles/mbedcrypto.dir/home/shanmukh/esp/esp-idf/components/mbedtls/port/sha/core/esp_sha1.c.obj
[125/1515] Building C object esp-idf/mbedtls/mbedtls/library/CMakeFiles/mbedcrypto.dir/home/shanmukh/esp/esp-idf/components/mbedtls/port/sha/core/esp_sha256.c.obj
[126/1515] Building C object esp-idf/mbedtls/mbedtls/library/CMakeFiles/mbedcrypto.dir/home/shanmukh/esp/esp-idf/components/mbedtls/port/sha/core/esp_sha512.c.obj
[127/1515] Building C object esp-idf/mbedtls/mbedtls/library/CMakeFiles/mbedcrypto.dir/home/shanmukh/esp/esp-idf/components/mbedtls/port/md/esp_md.c.obj
[128/1515] Building C object esp-idf/mbedtls/mbedtls/library/CMakeFiles/mbedcrypto.dir/home/shanmukh/esp/esp-idf/components/mbedtls/port/aes/esp_aes_gcm.c.obj
[129/1515] Building C object esp-idf/mbedtls/mbedtls/library/CMakeFiles/mbedx509.dir/pkcs7.c.obj
[130/1515] Building C object esp-idf/mbedtls/mbedtls/library/CMakeFiles/mbedx509.dir/x509_create.c.obj
[131/1515] Building C object esp-idf/mbedtls/mbedtls/library/CMakeFiles/mbedx509.dir/x509_crl.c.obj
[132/1515] Building C object esp-idf/mbedtls/mbedtls/library/CMakeFiles/mbedx509.dir/x509.c.obj
[133/1515] Building C object esp-idf/mbedtls/mbedtls/library/CMakeFiles/mbedx509.dir/x509_csr.c.obj
[134/1515] Building C object esp-idf/mbedtls/mbedtls/library/CMakeFiles/mbedx509.dir/x509write.c.obj
[135/1515] Building C object esp-idf/mbedtls/mbedtls/library/CMakeFiles/mbedx509.dir/x509write_crt.c.obj
[136/1515] Building C object esp-idf/mbedtls/mbedtls/library/CMakeFiles/mbedx509.dir/x509_crt.c.obj
[137/1515] Building C object esp-idf/mbedtls/mbedtls/library/CMakeFiles/mbedtls.dir/debug.c.obj
[138/1515] Building C object esp-idf/mbedtls/mbedtls/library/CMakeFiles/mbedx509.dir/x509write_csr.c.obj
[139/1515] Building C object esp-idf/mbedtls/mbedtls/library/CMakeFiles/mbedtls.dir/mps_reader.c.obj
[140/1515] Building C object esp-idf/mbedtls/mbedtls/library/CMakeFiles/mbedtls.dir/mps_trace.c.obj
[141/1515] Building C object esp-idf/mbedtls/mbedtls/library/CMakeFiles/mbedtls.dir/ssl_ciphersuites.c.obj
[142/1515] Building C object esp-idf/mbedtls/mbedtls/library/CMakeFiles/mbedtls.dir/ssl_cache.c.obj
[143/1515] Building C object esp-idf/mbedtls/mbedtls/library/CMakeFiles/mbedtls.dir/ssl_cookie.c.obj
[144/1515] Building C object esp-idf/mbedtls/mbedtls/library/CMakeFiles/mbedtls.dir/ssl_debug_helpers_generated.c.obj
[145/1515] Building C object esp-idf/mbedtls/mbedtls/library/CMakeFiles/mbedtls.dir/ssl_client.c.obj
[146/1515] Building C object esp-idf/mbedtls/mbedtls/library/CMakeFiles/mbedtls.dir/ssl_ticket.c.obj
[147/1515] Building C object esp-idf/mbedtls/mbedtls/library/CMakeFiles/mbedtls.dir/ssl_msg.c.obj
[148/1515] Building C object esp-idf/mbedtls/mbedtls/library/CMakeFiles/mbedtls.dir/ssl_tls.c.obj
[149/1515] Building C object esp-idf/mbedtls/mbedtls/library/CMakeFiles/mbedtls.dir/ssl_tls12_client.c.obj
[150/1515] Building C object esp-idf/mbedtls/mbedtls/library/CMakeFiles/mbedtls.dir/ssl_tls13_keys.c.obj
[151/1515] Building C object esp-idf/mbedtls/mbedtls/library/CMakeFiles/mbedtls.dir/ssl_tls13_server.c.obj
[152/1515] Building C object esp-idf/mbedtls/mbedtls/library/CMakeFiles/mbedtls.dir/ssl_tls13_client.c.obj
[153/1515] Building C object esp-idf/mbedtls/mbedtls/library/CMakeFiles/mbedtls.dir/ssl_tls13_generic.c.obj
[154/1515] Building C object esp-idf/mbedtls/mbedtls/library/CMakeFiles/mbedtls.dir/home/shanmukh/esp/esp-idf/components/mbedtls/port/mbedtls_debug.c.obj
[155/1515] Building C object esp-idf/mbedtls/mbedtls/library/CMakeFiles/mbedtls.dir/home/shanmukh/esp/esp-idf/components/mbedtls/port/esp_platform_time.c.obj
[156/1515] Building C object esp-idf/mbedtls/mbedtls/library/CMakeFiles/mbedtls.dir/ssl_tls12_server.c.obj
[157/1515] Creating directories for 'bootloader'
[158/1515] Building C object esp-idf/mbedtls/mbedtls/library/CMakeFiles/mbedtls.dir/home/shanmukh/esp/esp-idf/components/mbedtls/port/net_sockets.c.obj
[159/1515] No download step for 'bootloader'
[160/1515] No update step for 'bootloader'
[161/1515] No patch step for 'bootloader'
[162/1515] Building C object esp-idf/esp_app_format/CMakeFiles/__idf_esp_app_format.dir/esp_app_desc.c.obj
[163/1515] Building C object esp-idf/esp_bootloader_format/CMakeFiles/__idf_esp_bootloader_format.dir/esp_bootloader_desc.c.obj
[164/1515] Building C object esp-idf/app_update/CMakeFiles/__idf_app_update.dir/esp_ota_ops.c.obj
[165/1515] Building C object esp-idf/app_update/CMakeFiles/__idf_app_update.dir/esp_ota_app_desc.c.obj
[166/1515] Building C object esp-idf/esp_partition/CMakeFiles/__idf_esp_partition.dir/partition.c.obj
[167/1515] Building C object esp-idf/esp_partition/CMakeFiles/__idf_esp_partition.dir/partition_target.c.obj
[168/1515] Building C object esp-idf/efuse/CMakeFiles/__idf_efuse.dir/esp32s3/esp_efuse_table.c.obj
[169/1515] Building C object esp-idf/efuse/CMakeFiles/__idf_efuse.dir/esp32s3/esp_efuse_fields.c.obj
[170/1515] Building C object esp-idf/efuse/CMakeFiles/__idf_efuse.dir/esp32s3/esp_efuse_rtc_calib.c.obj
[171/1515] Building C object esp-idf/efuse/CMakeFiles/__idf_efuse.dir/esp32s3/esp_efuse_utility.c.obj
[172/1515] Building C object esp-idf/efuse/CMakeFiles/__idf_efuse.dir/src/esp_efuse_api.c.obj
[173/1515] Building C object esp-idf/efuse/CMakeFiles/__idf_efuse.dir/src/esp_efuse_fields.c.obj
[174/1515] Building C object esp-idf/efuse/CMakeFiles/__idf_efuse.dir/src/esp_efuse_utility.c.obj
[175/1515] Building C object esp-idf/efuse/CMakeFiles/__idf_efuse.dir/src/efuse_controller/keys/with_key_purposes/esp_efuse_api_key.c.obj
[176/1515] Building C object esp-idf/efuse/CMakeFiles/__idf_efuse.dir/src/esp_efuse_startup.c.obj
[177/1515] Building C object esp-idf/bootloader_support/CMakeFiles/__idf_bootloader_support.dir/src/bootloader_common.c.obj
[178/1515] Building C object esp-idf/bootloader_support/CMakeFiles/__idf_bootloader_support.dir/src/bootloader_common_loader.c.obj
[179/1515] Building C object esp-idf/bootloader_support/CMakeFiles/__idf_bootloader_support.dir/src/bootloader_clock_init.c.obj
[180/1515] Building C object esp-idf/bootloader_support/CMakeFiles/__idf_bootloader_support.dir/src/bootloader_mem.c.obj
[181/1515] Building C object esp-idf/bootloader_support/CMakeFiles/__idf_bootloader_support.dir/src/bootloader_random.c.obj
[182/1515] Building C object esp-idf/bootloader_support/CMakeFiles/__idf_bootloader_support.dir/src/bootloader_efuse.c.obj
[183/1515] Building C object esp-idf/bootloader_support/CMakeFiles/__idf_bootloader_support.dir/src/flash_encrypt.c.obj
[184/1515] Building C object esp-idf/bootloader_support/CMakeFiles/__idf_bootloader_support.dir/src/secure_boot.c.obj
[185/1515] Building C object esp-idf/bootloader_support/CMakeFiles/__idf_bootloader_support.dir/src/bootloader_random_esp32s3.c.obj
[186/1515] Building C object esp-idf/bootloader_support/CMakeFiles/__idf_bootloader_support.dir/bootloader_flash/src/bootloader_flash.c.obj
[187/1515] Building C object esp-idf/bootloader_support/CMakeFiles/__idf_bootloader_support.dir/bootloader_flash/src/flash_qio_mode.c.obj
[188/1515] Performing configure step for 'bootloader'
-- Found Git: /usr/bin/git (found version "2.43.0") 
-- Minimal build - OFF
-- The C compiler identification is GNU 14.2.0
-- The CXX compiler identification is GNU 14.2.0
-- The ASM compiler identification is GNU
-- Found assembler: /home/shanmukh/.espressif/tools/xtensa-esp-elf/esp-14.2.0_20251107/xtensa-esp-elf/bin/xtensa-esp32s3-elf-gcc
-- Detecting C compiler ABI info
-- Detecting C compiler ABI info - done
-- Check for working C compiler: /home/shanmukh/.espressif/tools/xtensa-esp-elf/esp-14.2.0_20251107/xtensa-esp-elf/bin/xtensa-esp32s3-elf-gcc - skipped
-- Detecting C compile features
-- Detecting C compile features - done
-- Detecting CXX compiler ABI info
-- Detecting CXX compiler ABI info - done
-- Check for working CXX compiler: /home/shanmukh/.espressif/tools/xtensa-esp-elf/esp-14.2.0_20251107/xtensa-esp-elf/bin/xtensa-esp32s3-elf-g++ - skipped
-- Detecting CXX compile features
-- Detecting CXX compile features - done
-- Building ESP-IDF components for target esp32s3
-- ESP-TEE is currently supported only on the esp32c6;esp32h2;esp32c5 SoCs
-- Project sdkconfig file /home/shanmukh/OSBuild/ports/esp32/build-ZENO_FORGE/sdkconfig
-- Compiler supported targets: xtensa-esp-elf
-- Adding linker script /home/shanmukh/esp/esp-idf/components/soc/esp32s3/ld/esp32s3.peripherals.ld
-- Bootloader project name: "bootloader" version: 1
-- Adding linker script /home/shanmukh/esp/esp-idf/components/esp_rom/esp32s3/ld/esp32s3.rom.ld
-- Adding linker script /home/shanmukh/esp/esp-idf/components/esp_rom/esp32s3/ld/esp32s3.rom.api.ld
-- Adding linker script /home/shanmukh/esp/esp-idf/components/esp_rom/esp32s3/ld/esp32s3.rom.bt_funcs.ld
-- Adding linker script /home/shanmukh/esp/esp-idf/components/esp_rom/esp32s3/ld/esp32s3.rom.libgcc.ld
-- Adding linker script /home/shanmukh/esp/esp-idf/components/esp_rom/esp32s3/ld/esp32s3.rom.wdt.ld
-- Adding linker script /home/shanmukh/esp/esp-idf/components/esp_rom/esp32s3/ld/esp32s3.rom.version.ld
-- Adding linker script /home/shanmukh/esp/esp-idf/components/esp_rom/esp32s3/ld/esp32s3.rom.libc.ld
-- Adding linker script /home/shanmukh/esp/esp-idf/components/esp_rom/esp32s3/ld/esp32s3.rom.newlib.ld
-- Adding linker script /home/shanmukh/esp/esp-idf/components/bootloader/subproject/main/ld/esp32s3/bootloader.rom.ld
-- Components: bootloader bootloader_support efuse esp_app_format esp_bootloader_format esp_common esp_hw_support esp_rom esp_security esp_system esptool_py freertos hal log main micro-ecc newlib partition_table soc spi_flash xtensa
-- Component paths: /home/shanmukh/esp/esp-idf/components/bootloader /home/shanmukh/esp/esp-idf/components/bootloader_support /home/shanmukh/esp/esp-idf/components/efuse /home/shanmukh/esp/esp-idf/components/esp_app_format /home/shanmukh/esp/esp-idf/components/esp_bootloader_format /home/shanmukh/esp/esp-idf/components/esp_common /home/shanmukh/esp/esp-idf/components/esp_hw_support /home/shanmukh/esp/esp-idf/components/esp_rom /home/shanmukh/esp/esp-idf/components/esp_security /home/shanmukh/esp/esp-idf/components/esp_system /home/shanmukh/esp/esp-idf/components/esptool_py /home/shanmukh/esp/esp-idf/components/freertos /home/shanmukh/esp/esp-idf/components/hal /home/shanmukh/esp/esp-idf/components/log /home/shanmukh/esp/esp-idf/components/bootloader/subproject/main /home/shanmukh/esp/esp-idf/components/bootloader/subproject/components/micro-ecc /home/shanmukh/esp/esp-idf/components/newlib /home/shanmukh/esp/esp-idf/components/partition_table /home/shanmukh/esp/esp-idf/components/soc /home/shanmukh/esp/esp-idf/components/spi_flash /home/shanmukh/esp/esp-idf/components/xtensa
-- Adding linker script /home/shanmukh/esp/esp-idf/components/bootloader/subproject/main/ld/esp32s3/bootloader.ld
-- Configuring done (4.8s)
-- Generating done (0.0s)
-- Build files have been written to: /home/shanmukh/OSBuild/ports/esp32/build-ZENO_FORGE/bootloader
[189/1515] Building C object esp-idf/bootloader_support/CMakeFiles/__idf_bootloader_support.dir/bootloader_flash/src/bootloader_flash_config_esp32s3.c.obj
[190/1515] Building C object esp-idf/bootloader_support/CMakeFiles/__idf_bootloader_support.dir/src/bootloader_utility.c.obj
[191/1515] Building C object esp-idf/bootloader_support/CMakeFiles/__idf_bootloader_support.dir/src/flash_partitions.c.obj
make: *** [Makefile:77: all] Hangup
