# ZENO OS Firmware Manager — Clean Build Log
# Started  : 2026-06-23 03:32:56 UTC
# Board    : ESP32_GENERIC_S3
# IDF      : /home/shanmukh/esp/esp-idf
# Type     : CLEAN
# ─────────────────────────────────────────────

[09:02:56] [CMD] make BOARD=ESP32_GENERIC_S3 submodules
# ── make submodules ──
Use make V=1 or set BUILD_VERBOSE in your environment to increase build verbosity.
Executing action: reconfigure
Running cmake in directory /home/shanmukh/OSBuild/ports/esp32/build-ESP32_GENERIC_S3/submodules
Executing "cmake -G Ninja -DPYTHON_DEPS_CHECKED=1 -DPYTHON=/home/shanmukh/.espressif/python_env/idf5.5_py3.12_env/bin/python -DESP_PLATFORM=1 -DMICROPY_BOARD=ESP32_GENERIC_S3 -DMICROPY_BOARD_DIR=/home/shanmukh/OSBuild/ports/esp32/boards/ESP32_GENERIC_S3 -DUPDATE_SUBMODULES=1 -DCCACHE_ENABLE=0 /home/shanmukh/OSBuild/ports/esp32"...
-- Found Git: /usr/bin/git (found version "2.43.0") 
-- Minimal build - OFF
-- The C compiler identification is GNU 14.2.0
-- The CXX compiler identification is GNU 14.2.0
-- The ASM compiler identification is GNU
-- Found assembler: /home/shanmukh/.espressif/tools/xtensa-esp-elf/esp-14.2.0_20251107/xtensa-esp-elf/bin/xtensa-esp32s3-elf-gcc
-- Detecting C compiler ABI info
-- Detecting C compiler ABI info - done
-- Check for working C compiler: /home/shanmukh/.espressif/tools/xtensa-esp-elf/esp-14.2.0_20251107/xtensa-esp-elf/bin/xtensa-esp32s3-elf-gcc - skipped
-- Detecting C compile features
-- Detecting C compile features - done
-- Detecting CXX compiler ABI info
-- Detecting CXX compiler ABI info - done
-- Check for working CXX compiler: /home/shanmukh/.espressif/tools/xtensa-esp-elf/esp-14.2.0_20251107/xtensa-esp-elf/bin/xtensa-esp32s3-elf-g++ - skipped
-- Detecting CXX compile features
-- Detecting CXX compile features - done
-- Building ESP-IDF components for target esp32s3
NOTICE: Skipping optional dependency: espressif/esp_hosted
NOTICE: Skipping optional dependency: espressif/esp_wifi_remote
NOTICE: Skipping optional dependency: espressif/lan867x
NOTICE: Processing 3 dependencies:
NOTICE: [1/3] espressif/mdns (1.1.0)
NOTICE: [2/3] espressif/tinyusb (e4c0ec3caab3d9c25374de7047653b9ced8f14ff)
NOTICE: [3/3] idf (5.5.2)
CMake Error at /home/shanmukh/esp/esp-idf/tools/cmake/component.cmake:229 (message):
  CMake Warning (dev) at build_properties.temp.cmake:8:

    Syntax Warning in cmake code at column 106

  

    Argument not separated from preceding token by whitespace.

  Call Stack (most recent call first):

    /home/shanmukh/esp/esp-idf/tools/cmake/scripts/component_get_requirements.cmake:3 (include)

  This warning is for project developers.  Use -Wno-dev to suppress it.



  CMake Error at /home/shanmukh/OSBuild/ports/esp32/esp32_common.cmake:110:

    Parse error.  Function missing ending ")".  End of file reached.

  Call Stack (most recent call first):

    /home/shanmukh/OSBuild/ports/esp32/main/CMakeLists.txt:11 (include)
    /home/shanmukh/esp/esp-idf/tools/cmake/scripts/component_get_requirements.cmake:107 (include)
    /home/shanmukh/esp/esp-idf/tools/cmake/scripts/component_get_requirements.cmake:160 (__component_get_requirements)

  



  CMake Error at /home/shanmukh/OSBuild/ports/esp32/main/CMakeLists.txt:11
  (include):

    include could not load requested file:

  

      /home/shanmukh/OSBuild/ports/esp32/esp32_common.cmake

  Call Stack (most recent call first):

    /home/shanmukh/esp/esp-idf/tools/cmake/scripts/component_get_requirements.cmake:107 (include)
    /home/shanmukh/esp/esp-idf/tools/cmake/scripts/component_get_requirements.cmake:160 (__component_get_requirements)

  



Call Stack (most recent call first):
  /home/shanmukh/esp/esp-idf/tools/cmake/build.cmake:664 (__component_get_requirements)
  /home/shanmukh/esp/esp-idf/tools/cmake/project.cmake:740 (idf_build_process)
  CMakeLists.txt:70 (project)


-- Configuring incomplete, errors occurred!
cmake failed with exit code 1, output of the command is in the /home/shanmukh/OSBuild/ports/esp32/build-ESP32_GENERIC_S3/submodules/log/idf_py_stderr_output_11756 and /home/shanmukh/OSBuild/ports/esp32/build-ESP32_GENERIC_S3/submodules/log/idf_py_stdout_output_11756
make: *** [Makefile:115: submodules] Error 2
# ── submodules done ──
[09:03:40] [CMD] make BOARD=ESP32_GENERIC_S3
Use make V=1 or set BUILD_VERBOSE in your environment to increase build verbosity.
Executing action: all (aliases: build)
Running cmake in directory /home/shanmukh/OSBuild/ports/esp32/build-ESP32_GENERIC_S3
Executing "cmake -G Ninja -DPYTHON_DEPS_CHECKED=1 -DPYTHON=/home/shanmukh/.espressif/python_env/idf5.5_py3.12_env/bin/python -DESP_PLATFORM=1 -DMICROPY_BOARD=ESP32_GENERIC_S3 -DMICROPY_BOARD_DIR=/home/shanmukh/OSBuild/ports/esp32/boards/ESP32_GENERIC_S3 -DCCACHE_ENABLE=0 /home/shanmukh/OSBuild/ports/esp32"...
-- Found Git: /usr/bin/git (found version "2.43.0") 
-- Minimal build - OFF
-- The C compiler identification is GNU 14.2.0
-- The CXX compiler identification is GNU 14.2.0
-- The ASM compiler identification is GNU
-- Found assembler: /home/shanmukh/.espressif/tools/xtensa-esp-elf/esp-14.2.0_20251107/xtensa-esp-elf/bin/xtensa-esp32s3-elf-gcc
-- Detecting C compiler ABI info
-- Detecting C compiler ABI info - done
-- Check for working C compiler: /home/shanmukh/.espressif/tools/xtensa-esp-elf/esp-14.2.0_20251107/xtensa-esp-elf/bin/xtensa-esp32s3-elf-gcc - skipped
-- Detecting C compile features
-- Detecting C compile features - done
-- Detecting CXX compiler ABI info
-- Detecting CXX compiler ABI info - done
-- Check for working CXX compiler: /home/shanmukh/.espressif/tools/xtensa-esp-elf/esp-14.2.0_20251107/xtensa-esp-elf/bin/xtensa-esp32s3-elf-g++ - skipped
-- Detecting CXX compile features
-- Detecting CXX compile features - done
-- Building ESP-IDF components for target esp32s3
NOTICE: Skipping optional dependency: espressif/esp_hosted
NOTICE: Skipping optional dependency: espressif/esp_wifi_remote
NOTICE: Skipping optional dependency: espressif/lan867x
NOTICE: Processing 3 dependencies:
NOTICE: [1/3] espressif/mdns (1.1.0)
NOTICE: [2/3] espressif/tinyusb (e4c0ec3caab3d9c25374de7047653b9ced8f14ff)
NOTICE: [3/3] idf (5.5.2)
CMake Error at /home/shanmukh/esp/esp-idf/tools/cmake/component.cmake:229 (message):
  CMake Warning (dev) at build_properties.temp.cmake:8:

    Syntax Warning in cmake code at column 106

  

    Argument not separated from preceding token by whitespace.

  Call Stack (most recent call first):

    /home/shanmukh/esp/esp-idf/tools/cmake/scripts/component_get_requirements.cmake:3 (include)

  This warning is for project developers.  Use -Wno-dev to suppress it.



  CMake Error at /home/shanmukh/OSBuild/ports/esp32/esp32_common.cmake:110:

    Parse error.  Function missing ending ")".  End of file reached.

  Call Stack (most recent call first):

    /home/shanmukh/OSBuild/ports/esp32/main/CMakeLists.txt:11 (include)
    /home/shanmukh/esp/esp-idf/tools/cmake/scripts/component_get_requirements.cmake:107 (include)
    /home/shanmukh/esp/esp-idf/tools/cmake/scripts/component_get_requirements.cmake:160 (__component_get_requirements)

  



  CMake Error at /home/shanmukh/OSBuild/ports/esp32/main/CMakeLists.txt:11
  (include):

    include could not load requested file:

  

      /home/shanmukh/OSBuild/ports/esp32/esp32_common.cmake

  Call Stack (most recent call first):

    /home/shanmukh/esp/esp-idf/tools/cmake/scripts/component_get_requirements.cmake:107 (include)
    /home/shanmukh/esp/esp-idf/tools/cmake/scripts/component_get_requirements.cmake:160 (__component_get_requirements)

  



Call Stack (most recent call first):
  /home/shanmukh/esp/esp-idf/tools/cmake/build.cmake:664 (__component_get_requirements)
  /home/shanmukh/esp/esp-idf/tools/cmake/project.cmake:740 (idf_build_process)
  CMakeLists.txt:70 (project)


-- Configuring incomplete, errors occurred!
cmake failed with exit code 1, output of the command is in the /home/shanmukh/OSBuild/ports/esp32/build-ESP32_GENERIC_S3/log/idf_py_stderr_output_12112 and /home/shanmukh/OSBuild/ports/esp32/build-ESP32_GENERIC_S3/log/idf_py_stdout_output_12112
-e See [1;31mhttps://github.com/micropython/micropython/wiki/Build-Troubleshooting[0m
make: *** [Makefile:77: all] Error 1

# Finished: 2026-06-23 03:34:28 UTC  Duration: 48s  RC: 2
