# ZENO OS Firmware Manager — Flash Log
# Started  : 2026-06-18 08:44:37 UTC
# Port     : /dev/ttyACM0
# Baud     : 921600
# Board    : ESP32_GENERIC_S3
# ────────────────────────────────────────────

# Command: python3
-m
esptool
--chip
esp32s3
-b
921600
--port
/dev/ttyACM0
write_flash
--flash_mode
dio
--flash_size
16MB
--flash_freq
80m
0x0
/home/shanmukh/OSBuild/ports/esp32/build-ESP32_GENERIC_S3/bootloader/bootloader.bin
0x8000
/home/shanmukh/OSBuild/ports/esp32/build-ESP32_GENERIC_S3/partition_table/partition-table.bin
0x10000
/home/shanmukh/OSBuild/ports/esp32/build-ESP32_GENERIC_S3/micropython.bin

esptool.py v4.12.dev2
Serial port /dev/ttyACM0
Connecting....
Chip is ESP32-S3 (QFN56) (revision v0.2)
Features: WiFi, BLE, Embedded PSRAM 8MB (AP_3v3)
Crystal is 40MHz
MAC: ac:a7:04:ef:dd:24
Uploading stub...
Running stub...
Stub running...
Changing baud rate to 921600
Changed.
Configuring flash size...
Flash will be erased from 0x00000000 to 0x00004fff...
Flash will be erased from 0x00008000 to 0x00008fff...
Flash will be erased from 0x00010000 to 0x001cffff...
SHA digest in image updated
Compressed 19232 bytes to 12491...
Writing at 0x00000000... (100 %)
Wrote 19232 bytes (12491 compressed) at 0x00000000 in 0.3 seconds (effective 494.6 kbit/s)...
Hash of data verified.
Compressed 3072 bytes to 140...
Writing at 0x00008000... (100 %)
Wrote 3072 bytes (140 compressed) at 0x00008000 in 0.0 seconds (effective 774.5 kbit/s)...
Hash of data verified.
Compressed 1833824 bytes to 1205430...
Writing at 0x00010000... (1 %)
Writing at 0x000190be... (2 %)
Writing at 0x000230a8... (4 %)
Writing at 0x00033997... (5 %)
Writing at 0x0003b660... (6 %)
Writing at 0x00041b9e... (8 %)
Writing at 0x0004813a... (9 %)
Writing at 0x0004f006... (10 %)
Writing at 0x0005b69d... (12 %)
Writing at 0x00062341... (13 %)
Writing at 0x0006b36d... (14 %)
Writing at 0x00076b78... (16 %)
Writing at 0x0007c502... (17 %)
Writing at 0x000818b5... (18 %)
Writing at 0x00088d8a... (20 %)
Writing at 0x0008e4b6... (21 %)
Writing at 0x0009388c... (22 %)
Writing at 0x00098c7a... (24 %)
Writing at 0x0009de03... (25 %)
Writing at 0x000a3531... (27 %)
Writing at 0x000a8ade... (28 %)
Writing at 0x000add9f... (29 %)
Writing at 0x000b3205... (31 %)
Writing at 0x000b8352... (32 %)
Writing at 0x000bd513... (33 %)
Writing at 0x000c2957... (35 %)
Writing at 0x000c7d20... (36 %)
Writing at 0x000ccb30... (37 %)
Writing at 0x000d19a3... (39 %)
Writing at 0x000d6dd9... (40 %)
Writing at 0x000dcec1... (41 %)
Writing at 0x000e28c0... (43 %)
Writing at 0x000e7a7b... (44 %)
Writing at 0x000ed467... (45 %)
Writing at 0x000f34c2... (47 %)
Writing at 0x000f8c61... (48 %)
Writing at 0x000fe4de... (50 %)
Writing at 0x00103c28... (51 %)
Writing at 0x00109677... (52 %)
Writing at 0x0010f35c... (54 %)
Writing at 0x00114433... (55 %)
Writing at 0x0011a92f... (56 %)
Writing at 0x00120c06... (58 %)
Writing at 0x00126c46... (59 %)
Writing at 0x0012c275... (60 %)
Writing at 0x00131dee... (62 %)
Writing at 0x00137a42... (63 %)
Writing at 0x0013d7fc... (64 %)
Writing at 0x00143717... (66 %)
Writing at 0x001487ed... (67 %)
Writing at 0x0014dbd5... (68 %)
Writing at 0x00153150... (70 %)
Writing at 0x001585d8... (71 %)
Writing at 0x0015d9d4... (72 %)
Writing at 0x001632b9... (74 %)
Writing at 0x001684b9... (75 %)
Writing at 0x0016d5f2... (77 %)
Writing at 0x00172ea5... (78 %)
Writing at 0x001786e1... (79 %)
Writing at 0x0017db70... (81 %)
Writing at 0x001831c1... (82 %)
Writing at 0x00188f32... (83 %)
Writing at 0x0018ea6d... (85 %)
Writing at 0x00193bb8... (86 %)
Writing at 0x00198d2c... (87 %)
Writing at 0x0019e3f1... (89 %)
Writing at 0x001a44e9... (90 %)
Writing at 0x001a9945... (91 %)
Writing at 0x001af9d3... (93 %)
Writing at 0x001b4a5d... (94 %)
Writing at 0x001ba38d... (95 %)
Writing at 0x001bfecb... (97 %)
Writing at 0x001c5e54... (98 %)
Writing at 0x001cc19d... (100 %)
Wrote 1833824 bytes (1205430 compressed) at 0x00010000 in 14.8 seconds (effective 991.0 kbit/s)...
Hash of data verified.

Leaving...
Hard resetting via RTS pin...

# Flash finished: 2026-06-18 08:44:57 UTC
# Exit code: 0
