# ZENO OS Firmware Manager — Flash Log
# Started  : 2026-06-23 07:59:24 UTC
# Port     : /dev/ttyACM0
# Baud     : 921600
# Board    : ESP32_GENERIC_S3
# ────────────────────────────────────────────

# Command: python3
-m
esptool
--chip
esp32s3
-b
921600
--port
/dev/ttyACM0
write_flash
--flash_mode
dio
--flash_size
16MB
--flash_freq
80m
0x0
/home/shanmukh/OSBuild/ports/esp32/build-ESP32_GENERIC_S3/bootloader/bootloader.bin
0x8000
/home/shanmukh/OSBuild/ports/esp32/build-ESP32_GENERIC_S3/partition_table/partition-table.bin
0x10000
/home/shanmukh/OSBuild/ports/esp32/build-ESP32_GENERIC_S3/micropython.bin

esptool.py v4.12.dev2
Serial port /dev/ttyACM0
Connecting....
Chip is ESP32-S3 (QFN56) (revision v0.2)
Features: WiFi, BLE, Embedded PSRAM 8MB (AP_3v3)
Crystal is 40MHz
MAC: ac:a7:04:ef:dd:24
Uploading stub...
Running stub...
Stub running...
Changing baud rate to 921600
Changed.
Configuring flash size...
Flash will be erased from 0x00000000 to 0x00004fff...
Flash will be erased from 0x00008000 to 0x00008fff...
Flash will be erased from 0x00010000 to 0x001d1fff...
SHA digest in image updated
Compressed 19232 bytes to 12492...
Writing at 0x00000000... (100 %)
Wrote 19232 bytes (12492 compressed) at 0x00000000 in 0.3 seconds (effective 470.7 kbit/s)...
Hash of data verified.
Compressed 3072 bytes to 140...
Writing at 0x00008000... (100 %)
Wrote 3072 bytes (140 compressed) at 0x00008000 in 0.0 seconds (effective 671.1 kbit/s)...
Hash of data verified.
Compressed 1839680 bytes to 1208614...
Writing at 0x00010000... (1 %)
Writing at 0x000190ca... (2 %)
Writing at 0x00023005... (4 %)
Writing at 0x0003380e... (5 %)
Writing at 0x0003b628... (6 %)
Writing at 0x00041ed2... (8 %)
Writing at 0x000485d9... (9 %)
Writing at 0x0004f47c... (10 %)
Writing at 0x0005ba8f... (12 %)
Writing at 0x00062391... (13 %)
Writing at 0x0006b254... (14 %)
Writing at 0x00076ffe... (16 %)
Writing at 0x0007c9b7... (17 %)
Writing at 0x00081db9... (18 %)
Writing at 0x000891ac... (20 %)
Writing at 0x0008e8d4... (21 %)
Writing at 0x00093c7c... (22 %)
Writing at 0x00099083... (24 %)
Writing at 0x0009e291... (25 %)
Writing at 0x000a3971... (27 %)
Writing at 0x000a8f55... (28 %)
Writing at 0x000ae24e... (29 %)
Writing at 0x000b366b... (31 %)
Writing at 0x000b87dd... (32 %)
Writing at 0x000bd8e2... (33 %)
Writing at 0x000c2dda... (35 %)
Writing at 0x000c818a... (36 %)
Writing at 0x000ccf43... (37 %)
Writing at 0x000d1da3... (39 %)
Writing at 0x000d7326... (40 %)
Writing at 0x000dd286... (41 %)
Writing at 0x000e2f40... (43 %)
Writing at 0x000e80f8... (44 %)
Writing at 0x000edabb... (45 %)
Writing at 0x000f39b3... (47 %)
Writing at 0x000f91b7... (48 %)
Writing at 0x000feacf... (50 %)
Writing at 0x00104219... (51 %)
Writing at 0x00109cb0... (52 %)
Writing at 0x0010f9f5... (54 %)
Writing at 0x00114b5e... (55 %)
Writing at 0x0011ae70... (56 %)
Writing at 0x0012105e... (58 %)
Writing at 0x0012724c... (59 %)
Writing at 0x0012c88c... (60 %)
Writing at 0x0013248c... (62 %)
Writing at 0x0013810f... (63 %)
Writing at 0x0013ddd8... (64 %)
Writing at 0x00143e07... (66 %)
Writing at 0x00148f09... (67 %)
Writing at 0x0014e2ec... (68 %)
Writing at 0x00153824... (70 %)
Writing at 0x00158cbf... (71 %)
Writing at 0x0015dfb1... (72 %)
Writing at 0x001639bb... (74 %)
Writing at 0x00168bc3... (75 %)
Writing at 0x0016dd38... (77 %)
Writing at 0x0017354f... (78 %)
Writing at 0x00178dfa... (79 %)
Writing at 0x0017e22b... (81 %)
Writing at 0x0018384b... (82 %)
Writing at 0x001892e1... (83 %)
Writing at 0x0018f131... (85 %)
Writing at 0x00194201... (86 %)
Writing at 0x001992f9... (87 %)
Writing at 0x0019eb01... (89 %)
Writing at 0x001a4a46... (90 %)
Writing at 0x001a9ff3... (91 %)
Writing at 0x001afffc... (93 %)
Writing at 0x001b512b... (94 %)
Writing at 0x001ba9f3... (95 %)
Writing at 0x001c0503... (97 %)
Writing at 0x001c6462... (98 %)
Writing at 0x001cc5f1... (100 %)
Wrote 1839680 bytes (1208614 compressed) at 0x00010000 in 15.9 seconds (effective 923.2 kbit/s)...
Hash of data verified.

Leaving...
Hard resetting via RTS pin...

# Flash finished: 2026-06-23 07:59:45 UTC
# Exit code: 0
