# ZENO OS Firmware Manager — Flash Log
# Started  : 2026-08-22 04:10:59 UTC
# Port     : /dev/ttyACM0
# Baud     : 921600
# Board    : ESP32_GENERIC_S3
# ────────────────────────────────────────────

# Command: python3
-m
esptool
--chip
esp32s3
-b
921600
--port
/dev/ttyACM0
write_flash
--flash_mode
dio
--flash_size
16MB
--flash_freq
80m
0x0
/home/shanmukh/OSBuild/ports/esp32/build-ESP32_GENERIC_S3/bootloader/bootloader.bin
0x8000
/home/shanmukh/OSBuild/ports/esp32/build-ESP32_GENERIC_S3/partition_table/partition-table.bin
0x10000
/home/shanmukh/OSBuild/ports/esp32/build-ESP32_GENERIC_S3/micropython.bin

esptool.py v4.12.0
Serial port /dev/ttyACM0
Connecting....
Chip is ESP32-S3 (QFN56) (revision v0.2)
Features: WiFi, BLE, Embedded PSRAM 8MB (AP_3v3)
Crystal is 40MHz
MAC: ac:a7:04:ef:dd:24
Uploading stub...
Running stub...
Stub running...
Changing baud rate to 921600
Changed.
Configuring flash size...
Flash will be erased from 0x00000000 to 0x00004fff...
Flash will be erased from 0x00008000 to 0x00008fff...
Flash will be erased from 0x00010000 to 0x001b7fff...
SHA digest in image updated
Compressed 19232 bytes to 12491...
Writing at 0x00000000... (100 %)
Wrote 19232 bytes (12491 compressed) at 0x00000000 in 0.3 seconds (effective 465.4 kbit/s)...
Hash of data verified.
Compressed 3072 bytes to 140...
Writing at 0x00008000... (100 %)
Wrote 3072 bytes (140 compressed) at 0x00008000 in 0.0 seconds (effective 601.3 kbit/s)...
Hash of data verified.
Compressed 1732928 bytes to 1163847...
Writing at 0x00010000... (1 %)
Writing at 0x00019110... (2 %)
Writing at 0x00026528... (4 %)
Writing at 0x00033364... (5 %)
Writing at 0x0003a32d... (6 %)
Writing at 0x00040388... (8 %)
Writing at 0x00047940... (9 %)
Writing at 0x00050758... (11 %)
Writing at 0x0005ba42... (12 %)
Writing at 0x0006139b... (13 %)
Writing at 0x00068846... (15 %)
Writing at 0x0006dff6... (16 %)
Writing at 0x000733a4... (18 %)
Writing at 0x000787d6... (19 %)
Writing at 0x0007d8bd... (20 %)
Writing at 0x00083049... (22 %)
Writing at 0x000885b7... (23 %)
Writing at 0x0008d839... (25 %)
Writing at 0x00092cd0... (26 %)
Writing at 0x00097e59... (27 %)
Writing at 0x0009d025... (29 %)
Writing at 0x000a245c... (30 %)
Writing at 0x000a789c... (31 %)
Writing at 0x000ac7b8... (33 %)
Writing at 0x000b163d... (34 %)
Writing at 0x000b66a9... (36 %)
Writing at 0x000bc06a... (37 %)
Writing at 0x000c2217... (38 %)
Writing at 0x000c744e... (40 %)
Writing at 0x000ccc97... (41 %)
Writing at 0x000d2d70... (43 %)
Writing at 0x000d8584... (44 %)
Writing at 0x000ddc6a... (45 %)
Writing at 0x000e3931... (47 %)
Writing at 0x000e907c... (48 %)
Writing at 0x000eec21... (50 %)
Writing at 0x000f41b7... (51 %)
Writing at 0x000f9b2c... (52 %)
Writing at 0x0010045e... (54 %)
Writing at 0x001062c5... (55 %)
Writing at 0x0010bca7... (56 %)
Writing at 0x00111653... (58 %)
Writing at 0x001170c6... (59 %)
Writing at 0x0011cf14... (61 %)
Writing at 0x00122d18... (62 %)
Writing at 0x001286f5... (63 %)
Writing at 0x0012d77a... (65 %)
Writing at 0x00132c87... (66 %)
Writing at 0x0013819e... (68 %)
Writing at 0x0013d650... (69 %)
Writing at 0x00143147... (70 %)
Writing at 0x001483f4... (72 %)
Writing at 0x0014d4ad... (73 %)
Writing at 0x001526d5... (75 %)
Writing at 0x00157e34... (76 %)
Writing at 0x0015d749... (77 %)
Writing at 0x00162bbd... (79 %)
Writing at 0x001682af... (80 %)
Writing at 0x0016e9ad... (81 %)
Writing at 0x00173a38... (83 %)
Writing at 0x00178b14... (84 %)
Writing at 0x0017dd3b... (86 %)
Writing at 0x001834a0... (87 %)
Writing at 0x00189541... (88 %)
Writing at 0x0018ed88... (90 %)
Writing at 0x00194b3c... (91 %)
Writing at 0x00199b34... (93 %)
Writing at 0x0019f7ed... (94 %)
Writing at 0x001a4c4d... (95 %)
Writing at 0x001aa7de... (97 %)
Writing at 0x001b069a... (98 %)
Writing at 0x001b6e40... (100 %)
Wrote 1732928 bytes (1163847 compressed) at 0x00010000 in 15.3 seconds (effective 907.0 kbit/s)...
Hash of data verified.

Leaving...
Hard resetting via RTS pin...

# Flash finished: 2026-08-22 04:11:19 UTC
# Exit code: 0
