# ZENO OS Firmware Manager — Flash Log
# Started  : 2026-08-05 06:25:59 UTC
# Port     : /dev/ttyACM0
# Baud     : 921600
# Board    : ESP32_GENERIC_S3
# ────────────────────────────────────────────

# Command: python3
-m
esptool
--chip
esp32s3
-b
921600
--port
/dev/ttyACM0
write_flash
--flash_mode
dio
--flash_size
16MB
--flash_freq
80m
0x0
/home/shanmukh/OSBuild/ports/esp32/build-ESP32_GENERIC_S3/bootloader/bootloader.bin
0x8000
/home/shanmukh/OSBuild/ports/esp32/build-ESP32_GENERIC_S3/partition_table/partition-table.bin
0x10000
/home/shanmukh/OSBuild/ports/esp32/build-ESP32_GENERIC_S3/micropython.bin

esptool.py v4.12.0
Serial port /dev/ttyACM0
Connecting....
Chip is ESP32-S3 (QFN56) (revision v0.2)
Features: WiFi, BLE, Embedded PSRAM 8MB (AP_3v3)
Crystal is 40MHz
MAC: ac:a7:04:ef:dd:24
Uploading stub...
Running stub...
Stub running...
Changing baud rate to 921600
Changed.
Configuring flash size...
Flash will be erased from 0x00000000 to 0x00004fff...
Flash will be erased from 0x00008000 to 0x00008fff...
Flash will be erased from 0x00010000 to 0x001b7fff...
SHA digest in image updated
Compressed 19232 bytes to 12490...
Writing at 0x00000000... (100 %)
Wrote 19232 bytes (12490 compressed) at 0x00000000 in 0.3 seconds (effective 468.2 kbit/s)...
Hash of data verified.
Compressed 3072 bytes to 141...
Writing at 0x00008000... (100 %)
Wrote 3072 bytes (141 compressed) at 0x00008000 in 0.0 seconds (effective 622.0 kbit/s)...
Hash of data verified.
Compressed 1733584 bytes to 1164264...
Writing at 0x00010000... (1 %)
Writing at 0x0001911a... (2 %)
Writing at 0x000263af... (4 %)
Writing at 0x0003332d... (5 %)
Writing at 0x0003a3a6... (6 %)
Writing at 0x00040416... (8 %)
Writing at 0x00047946... (9 %)
Writing at 0x00050806... (11 %)
Writing at 0x0005bb41... (12 %)
Writing at 0x00061496... (13 %)
Writing at 0x00068929... (15 %)
Writing at 0x0006e0bd... (16 %)
Writing at 0x00073484... (18 %)
Writing at 0x000788a5... (19 %)
Writing at 0x0007d9a8... (20 %)
Writing at 0x0008316c... (22 %)
Writing at 0x0008867d... (23 %)
Writing at 0x0008d919... (25 %)
Writing at 0x00092d8b... (26 %)
Writing at 0x00097f07... (27 %)
Writing at 0x0009d0cd... (29 %)
Writing at 0x000a2528... (30 %)
Writing at 0x000a796c... (31 %)
Writing at 0x000ac882... (33 %)
Writing at 0x000b16fa... (34 %)
Writing at 0x000b66b4... (36 %)
Writing at 0x000bc048... (37 %)
Writing at 0x000c223e... (38 %)
Writing at 0x000c74a2... (40 %)
Writing at 0x000cccd8... (41 %)
Writing at 0x000d2dbe... (43 %)
Writing at 0x000d85b6... (44 %)
Writing at 0x000ddc81... (45 %)
Writing at 0x000e3948... (47 %)
Writing at 0x000e90dd... (48 %)
Writing at 0x000eec88... (50 %)
Writing at 0x000f41e3... (51 %)
Writing at 0x000f9b45... (52 %)
Writing at 0x0010047b... (54 %)
Writing at 0x001062f9... (55 %)
Writing at 0x0010bcdf... (56 %)
Writing at 0x00111690... (58 %)
Writing at 0x001170fc... (59 %)
Writing at 0x0011cf40... (61 %)
Writing at 0x00122d45... (62 %)
Writing at 0x00128726... (63 %)
Writing at 0x0012d7ab... (65 %)
Writing at 0x00132cb1... (66 %)
Writing at 0x001381c0... (68 %)
Writing at 0x0013d679... (69 %)
Writing at 0x0014316b... (70 %)
Writing at 0x0014840f... (72 %)
Writing at 0x0014d4d0... (73 %)
Writing at 0x001526fd... (75 %)
Writing at 0x00157e72... (76 %)
Writing at 0x0015d78d... (77 %)
Writing at 0x00162bf9... (79 %)
Writing at 0x001682f5... (80 %)
Writing at 0x0016e9ec... (81 %)
Writing at 0x00173a77... (83 %)
Writing at 0x00178b51... (84 %)
Writing at 0x0017dd98... (86 %)
Writing at 0x001834e0... (87 %)
Writing at 0x0018958b... (88 %)
Writing at 0x0018edd6... (90 %)
Writing at 0x00194b8c... (91 %)
Writing at 0x00199b80... (93 %)
Writing at 0x0019f842... (94 %)
Writing at 0x001a4ca7... (95 %)
Writing at 0x001aa7c2... (97 %)
Writing at 0x001b062b... (98 %)
Writing at 0x001b6ec2... (100 %)
Wrote 1733584 bytes (1164264 compressed) at 0x00010000 in 15.3 seconds (effective 908.4 kbit/s)...
Hash of data verified.

Leaving...
Hard resetting via RTS pin...

# Flash finished: 2026-08-05 06:26:19 UTC
# Exit code: 0
