# ZENO OS Firmware Manager — Flash Log
# Started  : 2026-08-01 16:20:37 UTC
# Port     : /dev/ttyACM0
# Baud     : 921600
# Board    : ESP32_GENERIC_S3
# ────────────────────────────────────────────

# Command: python3
-m
esptool
--chip
esp32s3
-b
921600
--port
/dev/ttyACM0
write_flash
--flash_mode
dio
--flash_size
16MB
--flash_freq
80m
0x0
/home/shanmukh/OSBuild/ports/esp32/build-ESP32_GENERIC_S3/bootloader/bootloader.bin
0x8000
/home/shanmukh/OSBuild/ports/esp32/build-ESP32_GENERIC_S3/partition_table/partition-table.bin
0x10000
/home/shanmukh/OSBuild/ports/esp32/build-ESP32_GENERIC_S3/micropython.bin

esptool.py v4.12.0
Serial port /dev/ttyACM0
Connecting....
Chip is ESP32-S3 (QFN56) (revision v0.2)
Features: WiFi, BLE, Embedded Flash 8MB (XMC)
Crystal is 40MHz
MAC: ac:a7:04:03:f9:00
Uploading stub...
Running stub...
Stub running...
Changing baud rate to 921600
Changed.
Configuring flash size...
WARNING: Set --flash_size 16MB is larger than the available flash size of 8MB.
Flash will be erased from 0x00000000 to 0x00004fff...
Flash will be erased from 0x00008000 to 0x00008fff...
Flash will be erased from 0x00010000 to 0x001befff...
SHA digest in image updated
Compressed 19232 bytes to 12488...
Writing at 0x00000000... (100 %)
Wrote 19232 bytes (12488 compressed) at 0x00000000 in 0.3 seconds (effective 511.3 kbit/s)...
Hash of data verified.
Compressed 3072 bytes to 140...
Writing at 0x00008000... (100 %)
Wrote 3072 bytes (140 compressed) at 0x00008000 in 0.0 seconds (effective 768.5 kbit/s)...
Hash of data verified.
Compressed 1763520 bytes to 1179129...
Writing at 0x00010000... (1 %)
Writing at 0x00019102... (2 %)
Writing at 0x00025b61... (4 %)
Writing at 0x00033eb2... (5 %)
Writing at 0x0003b3fe... (6 %)
Writing at 0x000417da... (8 %)
Writing at 0x00048531... (9 %)
Writing at 0x0004f9f1... (11 %)
Writing at 0x00058bc5... (12 %)
Writing at 0x00063417... (13 %)
Writing at 0x00069dfc... (15 %)
Writing at 0x0006f69d... (16 %)
Writing at 0x00074960... (18 %)
Writing at 0x00079d1f... (19 %)
Writing at 0x0007f13a... (20 %)
Writing at 0x00084706... (22 %)
Writing at 0x00089cd2... (23 %)
Writing at 0x0008eeee... (25 %)
Writing at 0x00094359... (26 %)
Writing at 0x00099498... (27 %)
Writing at 0x0009e62c... (29 %)
Writing at 0x000a3bc0... (30 %)
Writing at 0x000a909d... (31 %)
Writing at 0x000add38... (33 %)
Writing at 0x000b2c4d... (34 %)
Writing at 0x000b7cd6... (36 %)
Writing at 0x000bdc65... (37 %)
Writing at 0x000c38ed... (38 %)
Writing at 0x000c8a66... (40 %)
Writing at 0x000ce3e3... (41 %)
Writing at 0x000d445b... (43 %)
Writing at 0x000d9bde... (44 %)
Writing at 0x000df754... (45 %)
Writing at 0x000e50bb... (47 %)
Writing at 0x000eaaa9... (48 %)
Writing at 0x000f036d... (50 %)
Writing at 0x000f5711... (51 %)
Writing at 0x000fb6e5... (52 %)
Writing at 0x00101bb3... (54 %)
Writing at 0x001079d5... (55 %)
Writing at 0x0010d35b... (56 %)
Writing at 0x00112e43... (58 %)
Writing at 0x001189e6... (59 %)
Writing at 0x0011e776... (61 %)
Writing at 0x0012459d... (62 %)
Writing at 0x00129dac... (63 %)
Writing at 0x0012edca... (65 %)
Writing at 0x00134278... (66 %)
Writing at 0x001398d1... (68 %)
Writing at 0x0013ebbe... (69 %)
Writing at 0x0014481e... (70 %)
Writing at 0x00149a41... (72 %)
Writing at 0x0014eacf... (73 %)
Writing at 0x001540af... (75 %)
Writing at 0x00159827... (76 %)
Writing at 0x0015ede3... (77 %)
Writing at 0x0016449f... (79 %)
Writing at 0x00169f91... (80 %)
Writing at 0x0016ff6e... (81 %)
Writing at 0x00174f23... (83 %)
Writing at 0x0017a078... (84 %)
Writing at 0x0017f717... (86 %)
Writing at 0x0018509e... (87 %)
Writing at 0x0018ad7e... (88 %)
Writing at 0x001909c6... (90 %)
Writing at 0x001960d4... (91 %)
Writing at 0x0019b2f9... (93 %)
Writing at 0x001a11ac... (94 %)
Writing at 0x001a73c1... (95 %)
Writing at 0x001ac9b6... (97 %)
Writing at 0x001b2666... (98 %)
Writing at 0x001b85e5... (100 %)
Wrote 1763520 bytes (1179129 compressed) at 0x00010000 in 14.6 seconds (effective 965.7 kbit/s)...
Hash of data verified.

Leaving...
Hard resetting via RTS pin...

# Flash finished: 2026-08-01 16:20:57 UTC
# Exit code: 0
