# ZENO OS Firmware Manager — Flash Log
# Started  : 2026-08-22 08:51:29 UTC
# Port     : /dev/ttyACM0
# Baud     : 921600
# Board    : ESP32_GENERIC_S3
# ────────────────────────────────────────────

# Command: python3
-m
esptool
--chip
esp32s3
-b
921600
--port
/dev/ttyACM0
write_flash
--flash_mode
dio
--flash_size
16MB
--flash_freq
80m
0x0
/home/shanmukh/OSBuild/ports/esp32/build-ESP32_GENERIC_S3/bootloader/bootloader.bin
0x8000
/home/shanmukh/OSBuild/ports/esp32/build-ESP32_GENERIC_S3/partition_table/partition-table.bin
0x10000
/home/shanmukh/OSBuild/ports/esp32/build-ESP32_GENERIC_S3/micropython.bin

esptool.py v4.12.0
Serial port /dev/ttyACM0
Connecting....
Chip is ESP32-S3 (QFN56) (revision v0.2)
Features: WiFi, BLE, Embedded PSRAM 8MB (AP_3v3)
Crystal is 40MHz
MAC: ac:a7:04:ef:dd:24
Uploading stub...
Running stub...
Stub running...
Changing baud rate to 921600
Changed.
Configuring flash size...
Flash will be erased from 0x00000000 to 0x00004fff...
Flash will be erased from 0x00008000 to 0x00008fff...
Flash will be erased from 0x00010000 to 0x001b7fff...
SHA digest in image updated
Compressed 19232 bytes to 12492...
Writing at 0x00000000... (100 %)
Wrote 19232 bytes (12492 compressed) at 0x00000000 in 0.3 seconds (effective 459.3 kbit/s)...
Hash of data verified.
Compressed 3072 bytes to 140...
Writing at 0x00008000... (100 %)
Wrote 3072 bytes (140 compressed) at 0x00008000 in 0.0 seconds (effective 583.7 kbit/s)...
Hash of data verified.
Compressed 1732928 bytes to 1163842...
Writing at 0x00010000... (1 %)
Writing at 0x00019111... (2 %)
Writing at 0x0002652c... (4 %)
Writing at 0x00033365... (5 %)
Writing at 0x0003a32e... (6 %)
Writing at 0x00040389... (8 %)
Writing at 0x00047940... (9 %)
Writing at 0x00050758... (11 %)
Writing at 0x0005ba43... (12 %)
Writing at 0x0006139c... (13 %)
Writing at 0x00068846... (15 %)
Writing at 0x0006dff7... (16 %)
Writing at 0x000733ab... (18 %)
Writing at 0x000787d8... (19 %)
Writing at 0x0007d8c3... (20 %)
Writing at 0x0008306d... (22 %)
Writing at 0x000885ba... (23 %)
Writing at 0x0008d83c... (25 %)
Writing at 0x00092cd4... (26 %)
Writing at 0x00097e5c... (27 %)
Writing at 0x0009d027... (29 %)
Writing at 0x000a245e... (30 %)
Writing at 0x000a78a0... (31 %)
Writing at 0x000ac7ba... (33 %)
Writing at 0x000b1640... (34 %)
Writing at 0x000b66aa... (36 %)
Writing at 0x000bc06b... (37 %)
Writing at 0x000c2218... (38 %)
Writing at 0x000c744f... (40 %)
Writing at 0x000ccc98... (41 %)
Writing at 0x000d2d75... (43 %)
Writing at 0x000d8585... (44 %)
Writing at 0x000ddc70... (45 %)
Writing at 0x000e3932... (47 %)
Writing at 0x000e907e... (48 %)
Writing at 0x000eec21... (50 %)
Writing at 0x000f41b7... (51 %)
Writing at 0x000f9b2c... (52 %)
Writing at 0x00100460... (54 %)
Writing at 0x001062c8... (55 %)
Writing at 0x0010bca9... (56 %)
Writing at 0x00111654... (58 %)
Writing at 0x001170c6... (59 %)
Writing at 0x0011cf14... (61 %)
Writing at 0x00122d1a... (62 %)
Writing at 0x001286f6... (63 %)
Writing at 0x0012d77c... (65 %)
Writing at 0x00132c89... (66 %)
Writing at 0x0013819f... (68 %)
Writing at 0x0013d651... (69 %)
Writing at 0x00143149... (70 %)
Writing at 0x001483f6... (72 %)
Writing at 0x0014d4af... (73 %)
Writing at 0x001526d7... (75 %)
Writing at 0x00157e3b... (76 %)
Writing at 0x0015d74b... (77 %)
Writing at 0x00162bc5... (79 %)
Writing at 0x001682af... (80 %)
Writing at 0x0016e9af... (81 %)
Writing at 0x00173a39... (83 %)
Writing at 0x00178b14... (84 %)
Writing at 0x0017dd3b... (86 %)
Writing at 0x001834a0... (87 %)
Writing at 0x00189541... (88 %)
Writing at 0x0018ed88... (90 %)
Writing at 0x00194b3d... (91 %)
Writing at 0x00199b3c... (93 %)
Writing at 0x0019f7f8... (94 %)
Writing at 0x001a4c51... (95 %)
Writing at 0x001aa7e7... (97 %)
Writing at 0x001b069f... (98 %)
Writing at 0x001b6e45... (100 %)
Wrote 1732928 bytes (1163842 compressed) at 0x00010000 in 15.3 seconds (effective 907.0 kbit/s)...
Hash of data verified.

Leaving...
Hard resetting via RTS pin...

# Flash finished: 2026-08-22 08:51:49 UTC
# Exit code: 0
