# ZENO OS Firmware Manager — Flash Log
# Started  : 2026-08-05 13:57:11 UTC
# Port     : /dev/ttyACM0
# Baud     : 921600
# Board    : ESP32_GENERIC_S3
# ────────────────────────────────────────────

# Command: python3
-m
esptool
--chip
esp32s3
-b
921600
--port
/dev/ttyACM0
write_flash
--flash_mode
dio
--flash_size
16MB
--flash_freq
80m
0x0
/home/shanmukh/OSBuild/ports/esp32/build-ESP32_GENERIC_S3/bootloader/bootloader.bin
0x8000
/home/shanmukh/OSBuild/ports/esp32/build-ESP32_GENERIC_S3/partition_table/partition-table.bin
0x10000
/home/shanmukh/OSBuild/ports/esp32/build-ESP32_GENERIC_S3/micropython.bin

esptool.py v4.12.0
Serial port /dev/ttyACM0
Connecting...
Chip is ESP32-S3 (QFN56) (revision v0.2)
Features: WiFi, BLE, Embedded PSRAM 8MB (AP_3v3)
Crystal is 40MHz
MAC: ac:a7:04:ef:dd:24
Uploading stub...
Running stub...
Stub running...
Changing baud rate to 921600
Changed.
Configuring flash size...
Flash will be erased from 0x00000000 to 0x00004fff...
Flash will be erased from 0x00008000 to 0x00008fff...
Flash will be erased from 0x00010000 to 0x001b7fff...
SHA digest in image updated
Compressed 19232 bytes to 12491...
Writing at 0x00000000... (100 %)
Wrote 19232 bytes (12491 compressed) at 0x00000000 in 0.3 seconds (effective 468.1 kbit/s)...
Hash of data verified.
Compressed 3072 bytes to 141...
Writing at 0x00008000... (100 %)
Wrote 3072 bytes (141 compressed) at 0x00008000 in 0.0 seconds (effective 601.3 kbit/s)...
Hash of data verified.
Compressed 1733584 bytes to 1164260...
Writing at 0x00010000... (1 %)
Writing at 0x00019123... (2 %)
Writing at 0x000263ba... (4 %)
Writing at 0x00033334... (5 %)
Writing at 0x0003a3a9... (6 %)
Writing at 0x0004041c... (8 %)
Writing at 0x0004794a... (9 %)
Writing at 0x00050809... (11 %)
Writing at 0x0005bb43... (12 %)
Writing at 0x0006149a... (13 %)
Writing at 0x0006892b... (15 %)
Writing at 0x0006e0c0... (16 %)
Writing at 0x00073484... (18 %)
Writing at 0x000788a6... (19 %)
Writing at 0x0007d9ad... (20 %)
Writing at 0x0008316f... (22 %)
Writing at 0x0008867f... (23 %)
Writing at 0x0008d91f... (25 %)
Writing at 0x00092d8e... (26 %)
Writing at 0x00097f09... (27 %)
Writing at 0x0009d0cf... (29 %)
Writing at 0x000a252a... (30 %)
Writing at 0x000a796f... (31 %)
Writing at 0x000ac884... (33 %)
Writing at 0x000b16ff... (34 %)
Writing at 0x000b66b6... (36 %)
Writing at 0x000bc047... (37 %)
Writing at 0x000c2241... (38 %)
Writing at 0x000c74a4... (40 %)
Writing at 0x000cccdb... (41 %)
Writing at 0x000d2dc3... (43 %)
Writing at 0x000d85b8... (44 %)
Writing at 0x000ddc85... (45 %)
Writing at 0x000e3950... (47 %)
Writing at 0x000e90e0... (48 %)
Writing at 0x000eec94... (50 %)
Writing at 0x000f41e3... (51 %)
Writing at 0x000f9b4a... (52 %)
Writing at 0x0010047e... (54 %)
Writing at 0x00106303... (55 %)
Writing at 0x0010bce1... (56 %)
Writing at 0x00111693... (58 %)
Writing at 0x00117101... (59 %)
Writing at 0x0011cf4c... (61 %)
Writing at 0x00122d48... (62 %)
Writing at 0x00128729... (63 %)
Writing at 0x0012d7ae... (65 %)
Writing at 0x00132cb3... (66 %)
Writing at 0x001381c6... (68 %)
Writing at 0x0013d67c... (69 %)
Writing at 0x0014316e... (70 %)
Writing at 0x00148411... (72 %)
Writing at 0x0014d4d3... (73 %)
Writing at 0x00152702... (75 %)
Writing at 0x00157e75... (76 %)
Writing at 0x0015d791... (77 %)
Writing at 0x00162bfc... (79 %)
Writing at 0x001682f8... (80 %)
Writing at 0x0016e9ef... (81 %)
Writing at 0x00173a7b... (83 %)
Writing at 0x00178b54... (84 %)
Writing at 0x0017dd9c... (86 %)
Writing at 0x001834e1... (87 %)
Writing at 0x0018958e... (88 %)
Writing at 0x0018edd9... (90 %)
Writing at 0x00194b92... (91 %)
Writing at 0x00199b83... (93 %)
Writing at 0x0019f845... (94 %)
Writing at 0x001a4cac... (95 %)
Writing at 0x001aa7c4... (97 %)
Writing at 0x001b0632... (98 %)
Writing at 0x001b6ec6... (100 %)
Wrote 1733584 bytes (1164260 compressed) at 0x00010000 in 15.3 seconds (effective 907.7 kbit/s)...
Hash of data verified.

Leaving...
Hard resetting via RTS pin...

# Flash finished: 2026-08-05 13:57:30 UTC
# Exit code: 0
