# ZENO OS Firmware Manager — Flash Log
# Started  : 2026-08-07 15:00:28 UTC
# Port     : /dev/ttyACM0
# Baud     : 921600
# Board    : ESP32_GENERIC_S3
# ────────────────────────────────────────────

# Command: python3
-m
esptool
--chip
esp32s3
-b
921600
--port
/dev/ttyACM0
write_flash
--flash_mode
dio
--flash_size
16MB
--flash_freq
80m
0x0
/home/shanmukh/OSBuild/ports/esp32/build-ESP32_GENERIC_S3/bootloader/bootloader.bin
0x8000
/home/shanmukh/OSBuild/ports/esp32/build-ESP32_GENERIC_S3/partition_table/partition-table.bin
0x10000
/home/shanmukh/OSBuild/ports/esp32/build-ESP32_GENERIC_S3/micropython.bin

esptool.py v4.12.0
Serial port /dev/ttyACM0
Connecting....
Chip is ESP32-S3 (QFN56) (revision v0.2)
Features: WiFi, BLE, Embedded PSRAM 8MB (AP_3v3)
Crystal is 40MHz
MAC: ac:a7:04:ef:dd:24
Uploading stub...
Running stub...
Stub running...
Changing baud rate to 921600
Changed.
Configuring flash size...
Flash will be erased from 0x00000000 to 0x00004fff...
Flash will be erased from 0x00008000 to 0x00008fff...
Flash will be erased from 0x00010000 to 0x001b6fff...
SHA digest in image updated
Compressed 19232 bytes to 12490...
Writing at 0x00000000... (100 %)
Wrote 19232 bytes (12490 compressed) at 0x00000000 in 0.3 seconds (effective 462.1 kbit/s)...
Hash of data verified.
Compressed 3072 bytes to 140...
Writing at 0x00008000... (100 %)
Wrote 3072 bytes (140 compressed) at 0x00008000 in 0.0 seconds (effective 661.9 kbit/s)...
Hash of data verified.
Compressed 1730384 bytes to 1162179...
Writing at 0x00010000... (1 %)
Writing at 0x000190fa... (2 %)
Writing at 0x00026549... (4 %)
Writing at 0x0003332d... (5 %)
Writing at 0x0003a2c4... (7 %)
Writing at 0x00040343... (8 %)
Writing at 0x00047934... (9 %)
Writing at 0x000506ed... (11 %)
Writing at 0x0005b9ad... (12 %)
Writing at 0x00061321... (14 %)
Writing at 0x000687d8... (15 %)
Writing at 0x0006df64... (16 %)
Writing at 0x00073335... (18 %)
Writing at 0x0007875a... (19 %)
Writing at 0x0007d848... (21 %)
Writing at 0x00082feb... (22 %)
Writing at 0x00088551... (23 %)
Writing at 0x0008d7bc... (25 %)
Writing at 0x00092c71... (26 %)
Writing at 0x00097e04... (28 %)
Writing at 0x0009cfd2... (29 %)
Writing at 0x000a23f2... (30 %)
Writing at 0x000a782c... (32 %)
Writing at 0x000ac76b... (33 %)
Writing at 0x000b15e0... (35 %)
Writing at 0x000b6632... (36 %)
Writing at 0x000bc0fe... (38 %)
Writing at 0x000c2169... (39 %)
Writing at 0x000c73de... (40 %)
Writing at 0x000cccd2... (42 %)
Writing at 0x000d2d7c... (43 %)
Writing at 0x000d84f1... (45 %)
Writing at 0x000ddc39... (46 %)
Writing at 0x000e34fc... (47 %)
Writing at 0x000e8fcb... (49 %)
Writing at 0x000eec21... (50 %)
Writing at 0x000f41a1... (52 %)
Writing at 0x000f9a83... (53 %)
Writing at 0x001003ea... (54 %)
Writing at 0x0010629f... (56 %)
Writing at 0x0010bc71... (57 %)
Writing at 0x001115d6... (59 %)
Writing at 0x00116fd4... (60 %)
Writing at 0x0011cdd4... (61 %)
Writing at 0x00122bbd... (63 %)
Writing at 0x001284d8... (64 %)
Writing at 0x0012d588... (66 %)
Writing at 0x00132b20... (67 %)
Writing at 0x00138031... (69 %)
Writing at 0x0013d496... (70 %)
Writing at 0x00143072... (71 %)
Writing at 0x001482c0... (73 %)
Writing at 0x0014d34a... (74 %)
Writing at 0x0015269d... (76 %)
Writing at 0x00157f4d... (77 %)
Writing at 0x0015d5cf... (78 %)
Writing at 0x00162b04... (80 %)
Writing at 0x0016829e... (81 %)
Writing at 0x0016e797... (83 %)
Writing at 0x00173840... (84 %)
Writing at 0x0017895e... (85 %)
Writing at 0x0017dd08... (87 %)
Writing at 0x0018347d... (88 %)
Writing at 0x0018948d... (90 %)
Writing at 0x0018ecee... (91 %)
Writing at 0x00194987... (92 %)
Writing at 0x001999bc... (94 %)
Writing at 0x0019f5eb... (95 %)
Writing at 0x001a4ad4... (97 %)
Writing at 0x001aa8a1... (98 %)
Writing at 0x001b0781... (100 %)
Wrote 1730384 bytes (1162179 compressed) at 0x00010000 in 15.2 seconds (effective 909.2 kbit/s)...
Hash of data verified.

Leaving...
Hard resetting via RTS pin...

# Flash finished: 2026-08-07 15:00:48 UTC
# Exit code: 0
