# ZENO OS Firmware Manager — Flash Log
# Started  : 2026-08-02 06:15:31 UTC
# Port     : /dev/ttyACM0
# Baud     : 921600
# Board    : ESP32_GENERIC_S3
# ────────────────────────────────────────────

# Command: python3
-m
esptool
--chip
esp32s3
-b
921600
--port
/dev/ttyACM0
write_flash
--flash_mode
dio
--flash_size
16MB
--flash_freq
80m
0x0
/home/shanmukh/OSBuild/ports/esp32/build-ESP32_GENERIC_S3/bootloader/bootloader.bin
0x8000
/home/shanmukh/OSBuild/ports/esp32/build-ESP32_GENERIC_S3/partition_table/partition-table.bin
0x10000
/home/shanmukh/OSBuild/ports/esp32/build-ESP32_GENERIC_S3/micropython.bin

esptool.py v4.12.0
Serial port /dev/ttyACM0
Connecting....
Chip is ESP32-S3 (QFN56) (revision v0.2)
Features: WiFi, BLE, Embedded Flash 8MB (XMC)
Crystal is 40MHz
MAC: ac:a7:04:03:f9:00
Uploading stub...
Running stub...
Stub running...
Changing baud rate to 921600
Changed.
Configuring flash size...
WARNING: Set --flash_size 16MB is larger than the available flash size of 8MB.
Flash will be erased from 0x00000000 to 0x00004fff...
Flash will be erased from 0x00008000 to 0x00008fff...
Flash will be erased from 0x00010000 to 0x001befff...
SHA digest in image updated
Compressed 19232 bytes to 12491...
Writing at 0x00000000... (100 %)
Wrote 19232 bytes (12491 compressed) at 0x00000000 in 0.3 seconds (effective 508.7 kbit/s)...
Hash of data verified.
Compressed 3072 bytes to 141...
Writing at 0x00008000... (100 %)
Wrote 3072 bytes (141 compressed) at 0x00008000 in 0.0 seconds (effective 765.0 kbit/s)...
Hash of data verified.
Compressed 1763520 bytes to 1179135...
Writing at 0x00010000... (1 %)
Writing at 0x000190f6... (2 %)
Writing at 0x00025b52... (4 %)
Writing at 0x00033e9f... (5 %)
Writing at 0x0003b3f7... (6 %)
Writing at 0x000417d1... (8 %)
Writing at 0x00048528... (9 %)
Writing at 0x0004f9e9... (11 %)
Writing at 0x00058bbf... (12 %)
Writing at 0x00063411... (13 %)
Writing at 0x00069df7... (15 %)
Writing at 0x0006f697... (16 %)
Writing at 0x0007495a... (18 %)
Writing at 0x00079d18... (19 %)
Writing at 0x0007f13a... (20 %)
Writing at 0x00084702... (22 %)
Writing at 0x00089ccf... (23 %)
Writing at 0x0008eee7... (25 %)
Writing at 0x00094352... (26 %)
Writing at 0x00099492... (27 %)
Writing at 0x0009e627... (29 %)
Writing at 0x000a3bb6... (30 %)
Writing at 0x000a9097... (31 %)
Writing at 0x000add33... (33 %)
Writing at 0x000b2c47... (34 %)
Writing at 0x000b7cd0... (36 %)
Writing at 0x000bdc5a... (37 %)
Writing at 0x000c38e7... (38 %)
Writing at 0x000c8a5f... (40 %)
Writing at 0x000ce3dc... (41 %)
Writing at 0x000d4453... (43 %)
Writing at 0x000d9bd5... (44 %)
Writing at 0x000df749... (45 %)
Writing at 0x000e50b2... (47 %)
Writing at 0x000eaaa1... (48 %)
Writing at 0x000f0362... (50 %)
Writing at 0x000f5703... (51 %)
Writing at 0x000fb6e0... (52 %)
Writing at 0x00101bad... (54 %)
Writing at 0x001079cd... (55 %)
Writing at 0x0010d354... (56 %)
Writing at 0x00112e28... (58 %)
Writing at 0x001189e0... (59 %)
Writing at 0x0011e770... (61 %)
Writing at 0x00124598... (62 %)
Writing at 0x00129da5... (63 %)
Writing at 0x0012edc5... (65 %)
Writing at 0x00134272... (66 %)
Writing at 0x001398c8... (68 %)
Writing at 0x0013ebb8... (69 %)
Writing at 0x00144815... (70 %)
Writing at 0x00149a3a... (72 %)
Writing at 0x0014eac9... (73 %)
Writing at 0x001540a9... (75 %)
Writing at 0x00159816... (76 %)
Writing at 0x0015edde... (77 %)
Writing at 0x00164496... (79 %)
Writing at 0x00169f8c... (80 %)
Writing at 0x0016ff68... (81 %)
Writing at 0x00174f1e... (83 %)
Writing at 0x0017a071... (84 %)
Writing at 0x0017f712... (86 %)
Writing at 0x00185095... (87 %)
Writing at 0x0018ad7a... (88 %)
Writing at 0x001909c0... (90 %)
Writing at 0x001960cd... (91 %)
Writing at 0x0019b2ee... (93 %)
Writing at 0x001a11a6... (94 %)
Writing at 0x001a73ba... (95 %)
Writing at 0x001ac9b0... (97 %)
Writing at 0x001b265d... (98 %)
Writing at 0x001b85df... (100 %)
Wrote 1763520 bytes (1179135 compressed) at 0x00010000 in 14.6 seconds (effective 967.9 kbit/s)...
Hash of data verified.

Leaving...
Hard resetting via RTS pin...

# Flash finished: 2026-08-02 06:15:50 UTC
# Exit code: 0
