# ZENO OS Firmware Manager — Flash Log
# Started  : 2026-08-16 11:05:36 UTC
# Port     : /dev/ttyACM0
# Baud     : 921600
# Board    : ESP32_GENERIC_S3
# ────────────────────────────────────────────

# Command: python3
-m
esptool
--chip
esp32s3
-b
921600
--port
/dev/ttyACM0
write_flash
--flash_mode
dio
--flash_size
16MB
--flash_freq
80m
0x0
/home/shanmukh/OSBuild/ports/esp32/build-ESP32_GENERIC_S3/bootloader/bootloader.bin
0x8000
/home/shanmukh/OSBuild/ports/esp32/build-ESP32_GENERIC_S3/partition_table/partition-table.bin
0x10000
/home/shanmukh/OSBuild/ports/esp32/build-ESP32_GENERIC_S3/micropython.bin

esptool.py v4.12.0
Serial port /dev/ttyACM0
Connecting....
Chip is ESP32-S3 (QFN56) (revision v0.2)
Features: WiFi, BLE, Embedded PSRAM 8MB (AP_3v3)
Crystal is 40MHz
MAC: ac:a7:04:ef:dd:24
Uploading stub...
Running stub...
Stub running...
Changing baud rate to 921600
Changed.
Configuring flash size...
Flash will be erased from 0x00000000 to 0x00004fff...
Flash will be erased from 0x00008000 to 0x00008fff...
Flash will be erased from 0x00010000 to 0x001b6fff...
SHA digest in image updated
Compressed 19232 bytes to 12489...
Writing at 0x00000000... (100 %)
Wrote 19232 bytes (12489 compressed) at 0x00000000 in 0.3 seconds (effective 465.8 kbit/s)...
Hash of data verified.
Compressed 3072 bytes to 140...
Writing at 0x00008000... (100 %)
Wrote 3072 bytes (140 compressed) at 0x00008000 in 0.0 seconds (effective 583.8 kbit/s)...
Hash of data verified.
Compressed 1730368 bytes to 1162235...
Writing at 0x00010000... (1 %)
Writing at 0x000190f4... (2 %)
Writing at 0x00026543... (4 %)
Writing at 0x00033320... (5 %)
Writing at 0x0003a2c5... (7 %)
Writing at 0x0004033e... (8 %)
Writing at 0x00047911... (9 %)
Writing at 0x000506d1... (11 %)
Writing at 0x0005b9a5... (12 %)
Writing at 0x00061318... (14 %)
Writing at 0x000687c7... (15 %)
Writing at 0x0006df56... (16 %)
Writing at 0x0007331f... (18 %)
Writing at 0x00078745... (19 %)
Writing at 0x0007d837... (21 %)
Writing at 0x00082fde... (22 %)
Writing at 0x0008853f... (23 %)
Writing at 0x0008d7ac... (25 %)
Writing at 0x00092c63... (26 %)
Writing at 0x00097df4... (28 %)
Writing at 0x0009cfc0... (29 %)
Writing at 0x000a23da... (30 %)
Writing at 0x000a780b... (32 %)
Writing at 0x000ac742... (33 %)
Writing at 0x000b15a2... (35 %)
Writing at 0x000b65e3... (36 %)
Writing at 0x000bc053... (38 %)
Writing at 0x000c2131... (39 %)
Writing at 0x000c7390... (40 %)
Writing at 0x000ccc8f... (42 %)
Writing at 0x000d2d38... (43 %)
Writing at 0x000d84ae... (45 %)
Writing at 0x000ddbe8... (46 %)
Writing at 0x000e34b6... (47 %)
Writing at 0x000e8f53... (49 %)
Writing at 0x000eebb1... (50 %)
Writing at 0x000f4140... (52 %)
Writing at 0x000f9a1c... (53 %)
Writing at 0x00100399... (54 %)
Writing at 0x00106249... (56 %)
Writing at 0x0010bc23... (57 %)
Writing at 0x00111574... (59 %)
Writing at 0x00116f77... (60 %)
Writing at 0x0011cd73... (61 %)
Writing at 0x00122b60... (63 %)
Writing at 0x00128482... (64 %)
Writing at 0x0012d4f7... (66 %)
Writing at 0x00132acd... (67 %)
Writing at 0x00137fdd... (69 %)
Writing at 0x0013d452... (70 %)
Writing at 0x00143022... (71 %)
Writing at 0x00148257... (73 %)
Writing at 0x0014d2f5... (74 %)
Writing at 0x00152639... (76 %)
Writing at 0x00157ee2... (77 %)
Writing at 0x0015d560... (78 %)
Writing at 0x00162aae... (80 %)
Writing at 0x00168221... (81 %)
Writing at 0x0016e748... (83 %)
Writing at 0x001737f1... (84 %)
Writing at 0x00178913... (85 %)
Writing at 0x0017dc6f... (87 %)
Writing at 0x00183426... (88 %)
Writing at 0x00189447... (90 %)
Writing at 0x0018ec81... (91 %)
Writing at 0x0019493c... (92 %)
Writing at 0x0019995d... (94 %)
Writing at 0x0019f5a6... (95 %)
Writing at 0x001a4a96... (97 %)
Writing at 0x001aa841... (98 %)
Writing at 0x001b0711... (100 %)
Wrote 1730368 bytes (1162235 compressed) at 0x00010000 in 15.3 seconds (effective 906.6 kbit/s)...
Hash of data verified.

Leaving...
Hard resetting via RTS pin...

# Flash finished: 2026-08-16 11:05:56 UTC
# Exit code: 0
