# ZENO OS Firmware Manager — Flash Log
# Started  : 2026-06-23 03:56:51 UTC
# Port     : /dev/ttyACM0
# Baud     : 921600
# Board    : ESP32_GENERIC_S3
# ────────────────────────────────────────────

# Command: python3
-m
esptool
--chip
esp32s3
-b
921600
--port
/dev/ttyACM0
write_flash
--flash_mode
dio
--flash_size
16MB
--flash_freq
80m
0x0
/home/shanmukh/OSBuild/ports/esp32/build-ESP32_GENERIC_S3/bootloader/bootloader.bin
0x8000
/home/shanmukh/OSBuild/ports/esp32/build-ESP32_GENERIC_S3/partition_table/partition-table.bin
0x10000
/home/shanmukh/OSBuild/ports/esp32/build-ESP32_GENERIC_S3/micropython.bin

esptool.py v4.12.dev2
Serial port /dev/ttyACM0
Connecting....
Chip is ESP32-S3 (QFN56) (revision v0.2)
Features: WiFi, BLE, Embedded PSRAM 8MB (AP_3v3)
Crystal is 40MHz
MAC: ac:a7:04:ef:dd:24
Uploading stub...
Running stub...
Stub running...
Changing baud rate to 921600
Changed.
Configuring flash size...
Flash will be erased from 0x00000000 to 0x00004fff...
Flash will be erased from 0x00008000 to 0x00008fff...
Flash will be erased from 0x00010000 to 0x001cffff...
SHA digest in image updated
Compressed 19232 bytes to 12490...
Writing at 0x00000000... (100 %)
Wrote 19232 bytes (12490 compressed) at 0x00000000 in 0.3 seconds (effective 475.0 kbit/s)...
Hash of data verified.
Compressed 3072 bytes to 140...
Writing at 0x00008000... (100 %)
Wrote 3072 bytes (140 compressed) at 0x00008000 in 0.0 seconds (effective 649.5 kbit/s)...
Hash of data verified.
Compressed 1833824 bytes to 1205435...
Writing at 0x00010000... (1 %)
Writing at 0x000190c5... (2 %)
Writing at 0x000230a8... (4 %)
Writing at 0x00033990... (5 %)
Writing at 0x0003b65d... (6 %)
Writing at 0x00041b93... (8 %)
Writing at 0x00048139... (9 %)
Writing at 0x0004f005... (10 %)
Writing at 0x0005b69c... (12 %)
Writing at 0x0006233a... (13 %)
Writing at 0x0006b36c... (14 %)
Writing at 0x00076b75... (16 %)
Writing at 0x0007c4ff... (17 %)
Writing at 0x000818b1... (18 %)
Writing at 0x00088d83... (20 %)
Writing at 0x0008e4b4... (21 %)
Writing at 0x00093889... (22 %)
Writing at 0x00098c79... (24 %)
Writing at 0x0009de00... (25 %)
Writing at 0x000a352d... (27 %)
Writing at 0x000a8ad9... (28 %)
Writing at 0x000add9c... (29 %)
Writing at 0x000b3203... (31 %)
Writing at 0x000b834e... (32 %)
Writing at 0x000bd510... (33 %)
Writing at 0x000c2952... (35 %)
Writing at 0x000c7d0c... (36 %)
Writing at 0x000ccb2d... (37 %)
Writing at 0x000d19a1... (39 %)
Writing at 0x000d6dd4... (40 %)
Writing at 0x000dcebf... (41 %)
Writing at 0x000e28bd... (43 %)
Writing at 0x000e7a78... (44 %)
Writing at 0x000ed464... (45 %)
Writing at 0x000f34bf... (47 %)
Writing at 0x000f8c5b... (48 %)
Writing at 0x000fe4db... (50 %)
Writing at 0x00103c25... (51 %)
Writing at 0x00109675... (52 %)
Writing at 0x0010f35a... (54 %)
Writing at 0x00114430... (55 %)
Writing at 0x0011a92a... (56 %)
Writing at 0x00120c04... (58 %)
Writing at 0x00126c44... (59 %)
Writing at 0x0012c270... (60 %)
Writing at 0x00131dec... (62 %)
Writing at 0x00137a3f... (63 %)
Writing at 0x0013d7f5... (64 %)
Writing at 0x00143715... (66 %)
Writing at 0x001487ea... (67 %)
Writing at 0x0014dbd2... (68 %)
Writing at 0x0015314d... (70 %)
Writing at 0x001585d6... (71 %)
Writing at 0x0015d9ce... (72 %)
Writing at 0x001632b6... (74 %)
Writing at 0x001684b4... (75 %)
Writing at 0x0016d5ee... (77 %)
Writing at 0x00172ea3... (78 %)
Writing at 0x001786e0... (79 %)
Writing at 0x0017db6d... (81 %)
Writing at 0x001831bd... (82 %)
Writing at 0x00188f25... (83 %)
Writing at 0x0018ea69... (85 %)
Writing at 0x00193bb5... (86 %)
Writing at 0x00198d29... (87 %)
Writing at 0x0019e3f0... (89 %)
Writing at 0x001a44e4... (90 %)
Writing at 0x001a993f... (91 %)
Writing at 0x001af9ce... (93 %)
Writing at 0x001b4a5b... (94 %)
Writing at 0x001ba386... (95 %)
Writing at 0x001bfec8... (97 %)
Writing at 0x001c5e4b... (98 %)
Writing at 0x001cc196... (100 %)
Wrote 1833824 bytes (1205435 compressed) at 0x00010000 in 15.9 seconds (effective 922.4 kbit/s)...
Hash of data verified.

Leaving...
Hard resetting via RTS pin...

# Flash finished: 2026-06-23 03:57:11 UTC
# Exit code: 0
