# ZENO OS Firmware Manager — Flash Log
# Started  : 2026-06-20 11:19:28 UTC
# Port     : /dev/ttyACM0
# Baud     : 921600
# Board    : ESP32_GENERIC_S3
# ────────────────────────────────────────────

# Command: python3
-m
esptool
--chip
esp32s3
-b
921600
--port
/dev/ttyACM0
write_flash
--flash_mode
dio
--flash_size
16MB
--flash_freq
80m
0x0
/home/shanmukh/OSBuild/ports/esp32/build-ESP32_GENERIC_S3/bootloader/bootloader.bin
0x8000
/home/shanmukh/OSBuild/ports/esp32/build-ESP32_GENERIC_S3/partition_table/partition-table.bin
0x10000
/home/shanmukh/OSBuild/ports/esp32/build-ESP32_GENERIC_S3/micropython.bin

esptool.py v4.12.dev2
Serial port /dev/ttyACM0
Connecting....
Chip is ESP32-S3 (QFN56) (revision v0.2)
Features: WiFi, BLE, Embedded PSRAM 8MB (AP_3v3)
Crystal is 40MHz
MAC: ac:a7:04:ef:dd:24
Uploading stub...
Running stub...
Stub running...
Changing baud rate to 921600
Changed.
Configuring flash size...
Flash will be erased from 0x00000000 to 0x00004fff...
Flash will be erased from 0x00008000 to 0x00008fff...
Flash will be erased from 0x00010000 to 0x001d2fff...
SHA digest in image updated
Compressed 19232 bytes to 12489...
Writing at 0x00000000... (100 %)
Wrote 19232 bytes (12489 compressed) at 0x00000000 in 0.3 seconds (effective 476.1 kbit/s)...
Hash of data verified.
Compressed 3072 bytes to 140...
Writing at 0x00008000... (100 %)
Wrote 3072 bytes (140 compressed) at 0x00008000 in 0.0 seconds (effective 646.6 kbit/s)...
Hash of data verified.
Compressed 1846464 bytes to 1213042...
Writing at 0x00010000... (1 %)
Writing at 0x00019175... (2 %)
Writing at 0x00023078... (4 %)
Writing at 0x00033de3... (5 %)
Writing at 0x0003baea... (6 %)
Writing at 0x000421d7... (8 %)
Writing at 0x000488b6... (9 %)
Writing at 0x0004f6f4... (10 %)
Writing at 0x0005bd3b... (12 %)
Writing at 0x00062853... (13 %)
Writing at 0x0006b728... (14 %)
Writing at 0x000773d4... (16 %)
Writing at 0x0007cd9e... (17 %)
Writing at 0x0008228f... (18 %)
Writing at 0x0008959f... (20 %)
Writing at 0x0008ed65... (21 %)
Writing at 0x000940d5... (22 %)
Writing at 0x00099480... (24 %)
Writing at 0x0009e7a6... (25 %)
Writing at 0x000a3d7f... (26 %)
Writing at 0x000a93ea... (28 %)
Writing at 0x000ae69b... (29 %)
Writing at 0x000b3a98... (30 %)
Writing at 0x000b8c21... (32 %)
Writing at 0x000bde20... (33 %)
Writing at 0x000c32e6... (34 %)
Writing at 0x000c85db... (36 %)
Writing at 0x000cd395... (37 %)
Writing at 0x000d222f... (38 %)
Writing at 0x000d7677... (40 %)
Writing at 0x000dd768... (41 %)
Writing at 0x000e317d... (42 %)
Writing at 0x000e8325... (44 %)
Writing at 0x000edd12... (45 %)
Writing at 0x000f3d7e... (46 %)
Writing at 0x000f951e... (48 %)
Writing at 0x000fed9a... (49 %)
Writing at 0x001044df... (50 %)
Writing at 0x00109f26... (52 %)
Writing at 0x0010fd31... (53 %)
Writing at 0x00114f73... (54 %)
Writing at 0x0011ae8b... (56 %)
Writing at 0x00121355... (57 %)
Writing at 0x00127287... (58 %)
Writing at 0x0012cc2f... (60 %)
Writing at 0x001326a0... (61 %)
Writing at 0x00138213... (62 %)
Writing at 0x0013def0... (64 %)
Writing at 0x00144152... (65 %)
Writing at 0x001493c3... (66 %)
Writing at 0x0014e4eb... (68 %)
Writing at 0x00153a11... (69 %)
Writing at 0x00159003... (70 %)
Writing at 0x0015e279... (72 %)
Writing at 0x00163e76... (73 %)
Writing at 0x00168fe7... (74 %)
Writing at 0x0016e184... (76 %)
Writing at 0x00173823... (77 %)
Writing at 0x001790c0... (78 %)
Writing at 0x0017e5a8... (80 %)
Writing at 0x00183b94... (81 %)
Writing at 0x001897a5... (82 %)
Writing at 0x0018f577... (84 %)
Writing at 0x0019463e... (85 %)
Writing at 0x00199750... (86 %)
Writing at 0x0019ee92... (88 %)
Writing at 0x001a4a81... (89 %)
Writing at 0x001aa45e... (90 %)
Writing at 0x001b0297... (92 %)
Writing at 0x001b567d... (93 %)
Writing at 0x001baa9c... (94 %)
Writing at 0x001c0773... (96 %)
Writing at 0x001c637d... (97 %)
Writing at 0x001cc219... (98 %)
Writing at 0x001d2979... (100 %)
Wrote 1846464 bytes (1213042 compressed) at 0x00010000 in 16.0 seconds (effective 921.5 kbit/s)...
Hash of data verified.

Leaving...
Hard resetting via RTS pin...

# Flash finished: 2026-06-20 11:19:49 UTC
# Exit code: 0
