# ZENO OS Firmware Manager — Flash Log
# Started  : 2026-08-06 15:05:08 UTC
# Port     : /dev/ttyACM0
# Baud     : 921600
# Board    : ESP32_GENERIC_S3
# ────────────────────────────────────────────

# Command: python3
-m
esptool
--chip
esp32s3
-b
921600
--port
/dev/ttyACM0
write_flash
--flash_mode
dio
--flash_size
16MB
--flash_freq
80m
0x0
/home/shanmukh/OSBuild/ports/esp32/build-ESP32_GENERIC_S3/bootloader/bootloader.bin
0x8000
/home/shanmukh/OSBuild/ports/esp32/build-ESP32_GENERIC_S3/partition_table/partition-table.bin
0x10000
/home/shanmukh/OSBuild/ports/esp32/build-ESP32_GENERIC_S3/micropython.bin

esptool.py v4.12.0
Serial port /dev/ttyACM0
Connecting....
Chip is ESP32-S3 (QFN56) (revision v0.2)
Features: WiFi, BLE, Embedded PSRAM 8MB (AP_3v3)
Crystal is 40MHz
MAC: ac:a7:04:ef:dd:24
Uploading stub...
Running stub...
Stub running...
Changing baud rate to 921600
Changed.
Configuring flash size...
Flash will be erased from 0x00000000 to 0x00004fff...
Flash will be erased from 0x00008000 to 0x00008fff...
Flash will be erased from 0x00010000 to 0x001b7fff...
SHA digest in image updated
Compressed 19232 bytes to 12489...
Writing at 0x00000000... (100 %)
Wrote 19232 bytes (12489 compressed) at 0x00000000 in 0.3 seconds (effective 462.7 kbit/s)...
Hash of data verified.
Compressed 3072 bytes to 140...
Writing at 0x00008000... (100 %)
Wrote 3072 bytes (140 compressed) at 0x00008000 in 0.0 seconds (effective 616.5 kbit/s)...
Hash of data verified.
Compressed 1733584 bytes to 1164260...
Writing at 0x00010000... (1 %)
Writing at 0x00019126... (2 %)
Writing at 0x000263bf... (4 %)
Writing at 0x00033335... (5 %)
Writing at 0x0003a3aa... (6 %)
Writing at 0x0004041c... (8 %)
Writing at 0x0004794b... (9 %)
Writing at 0x0005080b... (11 %)
Writing at 0x0005bb45... (12 %)
Writing at 0x00061496... (13 %)
Writing at 0x0006892d... (15 %)
Writing at 0x0006e0c1... (16 %)
Writing at 0x0007348c... (18 %)
Writing at 0x000788aa... (19 %)
Writing at 0x0007d9ae... (20 %)
Writing at 0x00083171... (22 %)
Writing at 0x00088680... (23 %)
Writing at 0x0008d920... (25 %)
Writing at 0x00092d8f... (26 %)
Writing at 0x00097f09... (27 %)
Writing at 0x0009d0cf... (29 %)
Writing at 0x000a252c... (30 %)
Writing at 0x000a7970... (31 %)
Writing at 0x000ac885... (33 %)
Writing at 0x000b1701... (34 %)
Writing at 0x000b66b8... (36 %)
Writing at 0x000bc04e... (37 %)
Writing at 0x000c2243... (38 %)
Writing at 0x000c74a8... (40 %)
Writing at 0x000cccdc... (41 %)
Writing at 0x000d2dcb... (43 %)
Writing at 0x000d85ba... (44 %)
Writing at 0x000ddc89... (45 %)
Writing at 0x000e3951... (47 %)
Writing at 0x000e90e3... (48 %)
Writing at 0x000eec95... (50 %)
Writing at 0x000f41f3... (51 %)
Writing at 0x000f9b4c... (52 %)
Writing at 0x00100480... (54 %)
Writing at 0x00106309... (55 %)
Writing at 0x0010bce4... (56 %)
Writing at 0x00111698... (58 %)
Writing at 0x00117108... (59 %)
Writing at 0x0011cf4d... (61 %)
Writing at 0x00122d49... (62 %)
Writing at 0x0012872a... (63 %)
Writing at 0x0012d7af... (65 %)
Writing at 0x00132cb4... (66 %)
Writing at 0x001381c6... (68 %)
Writing at 0x0013d67d... (69 %)
Writing at 0x0014316f... (70 %)
Writing at 0x00148415... (72 %)
Writing at 0x0014d4d3... (73 %)
Writing at 0x00152703... (75 %)
Writing at 0x00157e75... (76 %)
Writing at 0x0015d792... (77 %)
Writing at 0x00162bfd... (79 %)
Writing at 0x001682f9... (80 %)
Writing at 0x0016e9f0... (81 %)
Writing at 0x00173a7c... (83 %)
Writing at 0x00178b54... (84 %)
Writing at 0x0017dd9c... (86 %)
Writing at 0x001834e5... (87 %)
Writing at 0x00189590... (88 %)
Writing at 0x0018edda... (90 %)
Writing at 0x00194b93... (91 %)
Writing at 0x00199b85... (93 %)
Writing at 0x0019f846... (94 %)
Writing at 0x001a4cad... (95 %)
Writing at 0x001aa7cb... (97 %)
Writing at 0x001b0632... (98 %)
Writing at 0x001b6ec6... (100 %)
Wrote 1733584 bytes (1164260 compressed) at 0x00010000 in 15.3 seconds (effective 908.3 kbit/s)...
Hash of data verified.

Leaving...
Hard resetting via RTS pin...

# Flash finished: 2026-08-06 15:05:28 UTC
# Exit code: 0
