# ZENO OS Firmware Manager — Flash Log
# Started  : 2026-07-27 14:51:38 UTC
# Port     : /dev/ttyACM0
# Baud     : 921600
# Board    : ESP32_GENERIC_S3
# ────────────────────────────────────────────

# Command: python3
-m
esptool
--chip
esp32s3
-b
921600
--port
/dev/ttyACM0
write_flash
--flash_mode
dio
--flash_size
16MB
--flash_freq
80m
0x0
/home/shanmukh/OSBuild/ports/esp32/build-ESP32_GENERIC_S3/bootloader/bootloader.bin
0x8000
/home/shanmukh/OSBuild/ports/esp32/build-ESP32_GENERIC_S3/partition_table/partition-table.bin
0x10000
/home/shanmukh/OSBuild/ports/esp32/build-ESP32_GENERIC_S3/micropython.bin

esptool.py v4.12.dev3
Serial port /dev/ttyACM0
Connecting....
Chip is ESP32-S3 (QFN56) (revision v0.2)
Features: WiFi, BLE, Embedded Flash 8MB (XMC)
Crystal is 40MHz
MAC: ac:a7:04:03:f9:00
Uploading stub...
Running stub...
Stub running...
Changing baud rate to 921600
Changed.
Configuring flash size...
WARNING: Set --flash_size 16MB is larger than the available flash size of 8MB.
Flash will be erased from 0x00000000 to 0x00004fff...
Flash will be erased from 0x00008000 to 0x00008fff...
Flash will be erased from 0x00010000 to 0x001befff...
SHA digest in image updated
Compressed 19232 bytes to 12490...
Writing at 0x00000000... (100 %)
Wrote 19232 bytes (12490 compressed) at 0x00000000 in 0.3 seconds (effective 548.6 kbit/s)...
Hash of data verified.
Compressed 3072 bytes to 140...
Writing at 0x00008000... (100 %)
Wrote 3072 bytes (140 compressed) at 0x00008000 in 0.0 seconds (effective 904.8 kbit/s)...
Hash of data verified.
Compressed 1763520 bytes to 1179135...
Writing at 0x00010000... (1 %)
Writing at 0x00019106... (2 %)
Writing at 0x00025b4e... (4 %)
Writing at 0x00033e96... (5 %)
Writing at 0x0003b3f4... (6 %)
Writing at 0x000417d0... (8 %)
Writing at 0x0004851d... (9 %)
Writing at 0x0004f9e4... (11 %)
Writing at 0x00058ba7... (12 %)
Writing at 0x0006340d... (13 %)
Writing at 0x00069df1... (15 %)
Writing at 0x0006f693... (16 %)
Writing at 0x00074956... (18 %)
Writing at 0x00079d14... (19 %)
Writing at 0x0007f132... (20 %)
Writing at 0x000846fc... (22 %)
Writing at 0x00089cca... (23 %)
Writing at 0x0008eee2... (25 %)
Writing at 0x0009434a... (26 %)
Writing at 0x0009948f... (27 %)
Writing at 0x0009e625... (29 %)
Writing at 0x000a3bb1... (30 %)
Writing at 0x000a9095... (31 %)
Writing at 0x000add30... (33 %)
Writing at 0x000b2c44... (34 %)
Writing at 0x000b7ccc... (36 %)
Writing at 0x000bdc57... (37 %)
Writing at 0x000c38e7... (38 %)
Writing at 0x000c8a56... (40 %)
Writing at 0x000ce3dc... (41 %)
Writing at 0x000d4454... (43 %)
Writing at 0x000d9bd5... (44 %)
Writing at 0x000df749... (45 %)
Writing at 0x000e50b2... (47 %)
Writing at 0x000eaaa1... (48 %)
Writing at 0x000f0362... (50 %)
Writing at 0x000f5703... (51 %)
Writing at 0x000fb6e0... (52 %)
Writing at 0x00101ba8... (54 %)
Writing at 0x001079d4... (55 %)
Writing at 0x0010d354... (56 %)
Writing at 0x00112e28... (58 %)
Writing at 0x001189de... (59 %)
Writing at 0x0011e76f... (61 %)
Writing at 0x00124597... (62 %)
Writing at 0x00129da5... (63 %)
Writing at 0x0012edc3... (65 %)
Writing at 0x00134271... (66 %)
Writing at 0x001398c7... (68 %)
Writing at 0x0013ebb6... (69 %)
Writing at 0x00144810... (70 %)
Writing at 0x00149a39... (72 %)
Writing at 0x0014eac8... (73 %)
Writing at 0x001540a8... (75 %)
Writing at 0x00159815... (76 %)
Writing at 0x0015eddc... (77 %)
Writing at 0x00164496... (79 %)
Writing at 0x00169f8c... (80 %)
Writing at 0x0016ff6a... (81 %)
Writing at 0x00174f1d... (83 %)
Writing at 0x0017a071... (84 %)
Writing at 0x0017f712... (86 %)
Writing at 0x00185095... (87 %)
Writing at 0x0018ad79... (88 %)
Writing at 0x001909c0... (90 %)
Writing at 0x001960cd... (91 %)
Writing at 0x0019b2ee... (93 %)
Writing at 0x001a11a6... (94 %)
Writing at 0x001a73ba... (95 %)
Writing at 0x001ac9b0... (97 %)
Writing at 0x001b265c... (98 %)
Writing at 0x001b85df... (100 %)
Wrote 1763520 bytes (1179135 compressed) at 0x00010000 in 14.0 seconds (effective 1005.0 kbit/s)...
Hash of data verified.

Leaving...
Hard resetting via RTS pin...

# Flash finished: 2026-07-27 14:51:56 UTC
# Exit code: 0
