# ZENO OS Firmware Manager — Flash Log
# Started  : 2026-06-19 05:00:19 UTC
# Port     : /dev/ttyACM0
# Baud     : 921600
# Board    : ESP32_GENERIC_S3
# ────────────────────────────────────────────

# Command: python3
-m
esptool
--chip
esp32s3
-b
921600
--port
/dev/ttyACM0
write_flash
--flash_mode
dio
--flash_size
16MB
--flash_freq
80m
0x0
/home/shanmukh/OSBuild/ports/esp32/build-ESP32_GENERIC_S3/bootloader/bootloader.bin
0x8000
/home/shanmukh/OSBuild/ports/esp32/build-ESP32_GENERIC_S3/partition_table/partition-table.bin
0x10000
/home/shanmukh/OSBuild/ports/esp32/build-ESP32_GENERIC_S3/micropython.bin

esptool.py v4.7.0
Serial port /dev/ttyACM0
Connecting....Traceback (most recent call last):
  File "<frozen runpy>", line 198, in _run_module_as_main
  File "<frozen runpy>", line 88, in _run_code
  File "/usr/lib/python3/dist-packages/esptool/__main__.py", line 9, in <module>
    esptool._main()
  File "/usr/lib/python3/dist-packages/esptool/__init__.py", line 1139, in _main
    main()
  File "/usr/lib/python3/dist-packages/esptool/__init__.py", line 751, in main
    esp = esp.run_stub()
          ^^^^^^^^^^^^^^
  File "/usr/lib/python3/dist-packages/esptool/loader.py", line 996, in run_stub
    stub = StubFlasher(get_stub_json_path(self.CHIP_NAME))
           ^^^^^^^^^^^^^^^^^^^^^^^^^^^^^^^^^^^^^^^^^^^^^^^
  File "/usr/lib/python3/dist-packages/esptool/loader.py", line 159, in __init__
    with open(json_path) as json_file:
         ^^^^^^^^^^^^^^^
FileNotFoundError: [Errno 2] No such file or directory: '/usr/lib/python3/dist-packages/esptool/targets/stub_flasher/stub_flasher_32s3.json'

Chip is ESP32-S3 (QFN56) (revision v0.2)
Features: WiFi, BLE, Embedded PSRAM 8MB (AP_3v3)
Crystal is 40MHz
MAC: ac:a7:04:ef:dd:24

# Flash finished: 2026-06-19 05:00:20 UTC
# Exit code: 1
