# ZENO OS Firmware Manager — Flash Log
# Started  : 2026-08-06 16:56:58 UTC
# Port     : /dev/ttyACM0
# Baud     : 921600
# Board    : ESP32_GENERIC_S3
# ────────────────────────────────────────────

# Command: python3
-m
esptool
--chip
esp32s3
-b
921600
--port
/dev/ttyACM0
write_flash
--flash_mode
dio
--flash_size
16MB
--flash_freq
80m
0x0
/home/shanmukh/OSBuild/ports/esp32/build-ESP32_GENERIC_S3/bootloader/bootloader.bin
0x8000
/home/shanmukh/OSBuild/ports/esp32/build-ESP32_GENERIC_S3/partition_table/partition-table.bin
0x10000
/home/shanmukh/OSBuild/ports/esp32/build-ESP32_GENERIC_S3/micropython.bin

esptool.py v4.12.0
Serial port /dev/ttyACM0
Connecting....
Chip is ESP32-S3 (QFN56) (revision v0.2)
Features: WiFi, BLE, Embedded PSRAM 8MB (AP_3v3)
Crystal is 40MHz
MAC: ac:a7:04:ef:dd:24
Uploading stub...
Running stub...
Stub running...
Changing baud rate to 921600
Changed.
Configuring flash size...
Flash will be erased from 0x00000000 to 0x00004fff...
Flash will be erased from 0x00008000 to 0x00008fff...
Flash will be erased from 0x00010000 to 0x001b6fff...
SHA digest in image updated
Compressed 19232 bytes to 12489...
Writing at 0x00000000... (100 %)
Wrote 19232 bytes (12489 compressed) at 0x00000000 in 0.3 seconds (effective 470.2 kbit/s)...
Hash of data verified.
Compressed 3072 bytes to 140...
Writing at 0x00008000... (100 %)
Wrote 3072 bytes (140 compressed) at 0x00008000 in 0.0 seconds (effective 599.6 kbit/s)...
Hash of data verified.
Compressed 1730368 bytes to 1162239...
Writing at 0x00010000... (1 %)
Writing at 0x000190ee... (2 %)
Writing at 0x0002653c... (4 %)
Writing at 0x00033315... (5 %)
Writing at 0x0003a2c1... (7 %)
Writing at 0x00040337... (8 %)
Writing at 0x00047908... (9 %)
Writing at 0x000506c6... (11 %)
Writing at 0x0005b9a1... (12 %)
Writing at 0x00061313... (14 %)
Writing at 0x000687c2... (15 %)
Writing at 0x0006df53... (16 %)
Writing at 0x0007331e... (18 %)
Writing at 0x00078740... (19 %)
Writing at 0x0007d832... (21 %)
Writing at 0x00082fda... (22 %)
Writing at 0x0008853b... (23 %)
Writing at 0x0008d7a8... (25 %)
Writing at 0x00092c5f... (26 %)
Writing at 0x00097ded... (28 %)
Writing at 0x0009cfbc... (29 %)
Writing at 0x000a23d5... (30 %)
Writing at 0x000a7807... (32 %)
Writing at 0x000ac73e... (33 %)
Writing at 0x000b159e... (35 %)
Writing at 0x000b65de... (36 %)
Writing at 0x000bc04f... (38 %)
Writing at 0x000c212e... (39 %)
Writing at 0x000c738d... (40 %)
Writing at 0x000ccc8b... (42 %)
Writing at 0x000d2d35... (43 %)
Writing at 0x000d84a9... (45 %)
Writing at 0x000ddbe4... (46 %)
Writing at 0x000e34b0... (47 %)
Writing at 0x000e8f4b... (49 %)
Writing at 0x000eeba8... (50 %)
Writing at 0x000f412b... (52 %)
Writing at 0x000f9a19... (53 %)
Writing at 0x00100395... (54 %)
Writing at 0x00106245... (56 %)
Writing at 0x0010bc1f... (57 %)
Writing at 0x0011156d... (59 %)
Writing at 0x00116f73... (60 %)
Writing at 0x0011cd6f... (61 %)
Writing at 0x00122b5c... (63 %)
Writing at 0x00128478... (64 %)
Writing at 0x0012d4e8... (66 %)
Writing at 0x00132acb... (67 %)
Writing at 0x00137fd7... (69 %)
Writing at 0x0013d44f... (70 %)
Writing at 0x0014301e... (71 %)
Writing at 0x0014824d... (73 %)
Writing at 0x0014d2f1... (74 %)
Writing at 0x00152633... (76 %)
Writing at 0x00157edd... (77 %)
Writing at 0x0015d55c... (78 %)
Writing at 0x00162aa9... (80 %)
Writing at 0x0016821b... (81 %)
Writing at 0x0016e745... (83 %)
Writing at 0x001737ea... (84 %)
Writing at 0x00178911... (85 %)
Writing at 0x0017dc6c... (87 %)
Writing at 0x00183424... (88 %)
Writing at 0x00189443... (90 %)
Writing at 0x0018ec7d... (91 %)
Writing at 0x00194936... (92 %)
Writing at 0x0019995a... (94 %)
Writing at 0x0019f5a2... (95 %)
Writing at 0x001a4a92... (97 %)
Writing at 0x001aa83f... (98 %)
Writing at 0x001b0705... (100 %)
Wrote 1730368 bytes (1162239 compressed) at 0x00010000 in 15.2 seconds (effective 909.2 kbit/s)...
Hash of data verified.

Leaving...
Hard resetting via RTS pin...

# Flash finished: 2026-08-06 16:57:18 UTC
# Exit code: 0
