# ZENO OS Firmware Manager — Flash Log
# Started  : 2026-08-05 14:05:07 UTC
# Port     : /dev/ttyACM0
# Baud     : 921600
# Board    : ESP32_GENERIC_S3
# ────────────────────────────────────────────

# Command: python3
-m
esptool
--chip
esp32s3
-b
921600
--port
/dev/ttyACM0
write_flash
--flash_mode
dio
--flash_size
16MB
--flash_freq
80m
0x0
/home/shanmukh/OSBuild/ports/esp32/build-ESP32_GENERIC_S3/bootloader/bootloader.bin
0x8000
/home/shanmukh/OSBuild/ports/esp32/build-ESP32_GENERIC_S3/partition_table/partition-table.bin
0x10000
/home/shanmukh/OSBuild/ports/esp32/build-ESP32_GENERIC_S3/micropython.bin

esptool.py v4.12.0
Serial port /dev/ttyACM0
Connecting....
Chip is ESP32-S3 (QFN56) (revision v0.2)
Features: WiFi, BLE, Embedded PSRAM 8MB (AP_3v3)
Crystal is 40MHz
MAC: ac:a7:04:ef:dd:24
Uploading stub...
Running stub...
Stub running...
Changing baud rate to 921600
Changed.
Configuring flash size...
Flash will be erased from 0x00000000 to 0x00004fff...
Flash will be erased from 0x00008000 to 0x00008fff...
Flash will be erased from 0x00010000 to 0x001d3fff...
SHA digest in image updated
Compressed 19232 bytes to 12490...
Writing at 0x00000000... (100 %)
Wrote 19232 bytes (12490 compressed) at 0x00000000 in 0.3 seconds (effective 469.3 kbit/s)...
Hash of data verified.
Compressed 3072 bytes to 140...
Writing at 0x00008000... (100 %)
Wrote 3072 bytes (140 compressed) at 0x00008000 in 0.0 seconds (effective 643.3 kbit/s)...
Hash of data verified.
Compressed 1850752 bytes to 1214948...
Writing at 0x00010000... (1 %)
Writing at 0x0001917d... (2 %)
Writing at 0x00023063... (4 %)
Writing at 0x00033db4... (5 %)
Writing at 0x0003bb0d... (6 %)
Writing at 0x000421b9... (8 %)
Writing at 0x000488c7... (9 %)
Writing at 0x0004f6fc... (10 %)
Writing at 0x0005bd2c... (12 %)
Writing at 0x000628e3... (13 %)
Writing at 0x0006b711... (14 %)
Writing at 0x000773aa... (16 %)
Writing at 0x0007cd75... (17 %)
Writing at 0x0008224b... (18 %)
Writing at 0x00089568... (20 %)
Writing at 0x0008ed21... (21 %)
Writing at 0x00094093... (22 %)
Writing at 0x00099438... (24 %)
Writing at 0x0009e763... (25 %)
Writing at 0x000a3d38... (26 %)
Writing at 0x000a93a6... (28 %)
Writing at 0x000ae661... (29 %)
Writing at 0x000b3a5f... (30 %)
Writing at 0x000b8bf3... (32 %)
Writing at 0x000bddf6... (33 %)
Writing at 0x000c32b8... (34 %)
Writing at 0x000c85c7... (36 %)
Writing at 0x000cd37b... (37 %)
Writing at 0x000d2223... (38 %)
Writing at 0x000d7b24... (40 %)
Writing at 0x000ddaed... (41 %)
Writing at 0x000e37b1... (42 %)
Writing at 0x000e88fc... (44 %)
Writing at 0x000ee282... (45 %)
Writing at 0x000f426e... (46 %)
Writing at 0x000f99d8... (48 %)
Writing at 0x000ff4f1... (49 %)
Writing at 0x00104eac... (50 %)
Writing at 0x0010a897... (52 %)
Writing at 0x001101b2... (53 %)
Writing at 0x001154da... (54 %)
Writing at 0x0011b3e1... (56 %)
Writing at 0x001218d8... (57 %)
Writing at 0x00127828... (58 %)
Writing at 0x0012d1c2... (60 %)
Writing at 0x00132bc4... (61 %)
Writing at 0x0013884f... (62 %)
Writing at 0x0013e574... (64 %)
Writing at 0x00144342... (65 %)
Writing at 0x00149b69... (66 %)
Writing at 0x0014eb82... (68 %)
Writing at 0x00154041... (69 %)
Writing at 0x0015967c... (70 %)
Writing at 0x0015e97f... (72 %)
Writing at 0x0016451c... (73 %)
Writing at 0x0016974f... (74 %)
Writing at 0x0016e887... (76 %)
Writing at 0x00173e2d... (77 %)
Writing at 0x0017955f... (78 %)
Writing at 0x0017eb4a... (80 %)
Writing at 0x0018422e... (81 %)
Writing at 0x00189af0... (82 %)
Writing at 0x0018fcb3... (84 %)
Writing at 0x00194d2d... (85 %)
Writing at 0x00199e73... (86 %)
Writing at 0x0019f516... (88 %)
Writing at 0x001a4db4... (89 %)
Writing at 0x001aab18... (90 %)
Writing at 0x001b0659... (92 %)
Writing at 0x001b5e1e... (93 %)
Writing at 0x001bb0dd... (94 %)
Writing at 0x001c0e97... (96 %)
Writing at 0x001c68ba... (97 %)
Writing at 0x001cc6a3... (98 %)
Writing at 0x001d29a0... (100 %)
Wrote 1850752 bytes (1214948 compressed) at 0x00010000 in 16.0 seconds (effective 924.3 kbit/s)...
Hash of data verified.

Leaving...
Hard resetting via RTS pin...

# Flash finished: 2026-08-05 14:05:28 UTC
# Exit code: 0
