# ZENO OS Firmware Manager — Flash Log
# Started  : 2026-08-16 10:42:39 UTC
# Port     : /dev/ttyACM0
# Baud     : 921600
# Board    : ESP32_GENERIC_S3
# ────────────────────────────────────────────

# Command: python3
-m
esptool
--chip
esp32s3
-b
921600
--port
/dev/ttyACM0
write_flash
--flash_mode
dio
--flash_size
16MB
--flash_freq
80m
0x0
/home/shanmukh/OSBuild/ports/esp32/build-ESP32_GENERIC_S3/bootloader/bootloader.bin
0x8000
/home/shanmukh/OSBuild/ports/esp32/build-ESP32_GENERIC_S3/partition_table/partition-table.bin
0x10000
/home/shanmukh/OSBuild/ports/esp32/build-ESP32_GENERIC_S3/micropython.bin

esptool.py v4.12.0
Serial port /dev/ttyACM0
Connecting....
Chip is ESP32-S3 (QFN56) (revision v0.2)
Features: WiFi, BLE, Embedded PSRAM 8MB (AP_3v3)
Crystal is 40MHz
MAC: ac:a7:04:ef:dd:24
Uploading stub...
Running stub...
Stub running...
Changing baud rate to 921600
Changed.
Configuring flash size...
Flash will be erased from 0x00000000 to 0x00004fff...
Flash will be erased from 0x00008000 to 0x00008fff...
Flash will be erased from 0x00010000 to 0x001b5fff...
SHA digest in image updated
Compressed 19232 bytes to 12490...
Writing at 0x00000000... (100 %)
Wrote 19232 bytes (12490 compressed) at 0x00000000 in 0.3 seconds (effective 471.8 kbit/s)...
Hash of data verified.
Compressed 3072 bytes to 140...
Writing at 0x00008000... (100 %)
Wrote 3072 bytes (140 compressed) at 0x00008000 in 0.0 seconds (effective 600.3 kbit/s)...
Hash of data verified.
Compressed 1726944 bytes to 1160151...
Writing at 0x00010000... (1 %)
Writing at 0x00019116... (2 %)
Writing at 0x00026625... (4 %)
Writing at 0x00033308... (5 %)
Writing at 0x00039f1f... (7 %)
Writing at 0x0003ffcd... (8 %)
Writing at 0x00047633... (9 %)
Writing at 0x000504a1... (11 %)
Writing at 0x0005b62e... (12 %)
Writing at 0x00060fdf... (14 %)
Writing at 0x000683e5... (15 %)
Writing at 0x0006dc38... (16 %)
Writing at 0x00072f64... (18 %)
Writing at 0x000783d3... (19 %)
Writing at 0x0007d50e... (21 %)
Writing at 0x00082b84... (22 %)
Writing at 0x000881e1... (23 %)
Writing at 0x0008d47f... (25 %)
Writing at 0x000928ea... (26 %)
Writing at 0x00097a8a... (28 %)
Writing at 0x0009cc6d... (29 %)
Writing at 0x000a209f... (30 %)
Writing at 0x000a74a5... (32 %)
Writing at 0x000ac40b... (33 %)
Writing at 0x000b125d... (35 %)
Writing at 0x000b62cc... (36 %)
Writing at 0x000bbf42... (38 %)
Writing at 0x000c1e82... (39 %)
Writing at 0x000c70ce... (40 %)
Writing at 0x000cc9f6... (42 %)
Writing at 0x000d2b34... (43 %)
Writing at 0x000d817e... (45 %)
Writing at 0x000dd976... (46 %)
Writing at 0x000e3223... (47 %)
Writing at 0x000e8c8f... (49 %)
Writing at 0x000eea36... (50 %)
Writing at 0x000f3e91... (52 %)
Writing at 0x000f987e... (53 %)
Writing at 0x001000af... (54 %)
Writing at 0x00105f76... (56 %)
Writing at 0x0010b9e7... (57 %)
Writing at 0x001112af... (59 %)
Writing at 0x00116d27... (60 %)
Writing at 0x0011cb04... (61 %)
Writing at 0x0012294d... (63 %)
Writing at 0x00128235... (64 %)
Writing at 0x0012d351... (66 %)
Writing at 0x001327e3... (67 %)
Writing at 0x00137d3c... (69 %)
Writing at 0x0013d1de... (70 %)
Writing at 0x00142d3e... (71 %)
Writing at 0x00147fbc... (73 %)
Writing at 0x0014d068... (74 %)
Writing at 0x0015244b... (76 %)
Writing at 0x00157c92... (77 %)
Writing at 0x0015d29c... (78 %)
Writing at 0x0016290d... (80 %)
Writing at 0x001681be... (81 %)
Writing at 0x0016e51b... (83 %)
Writing at 0x00173575... (84 %)
Writing at 0x0017866e... (85 %)
Writing at 0x0017daf6... (87 %)
Writing at 0x00183320... (88 %)
Writing at 0x001891d0... (90 %)
Writing at 0x0018ed15... (91 %)
Writing at 0x00194662... (92 %)
Writing at 0x001996f9... (94 %)
Writing at 0x0019f498... (95 %)
Writing at 0x001a488b... (97 %)
Writing at 0x001aa7ec... (98 %)
Writing at 0x001b07ec... (100 %)
Wrote 1726944 bytes (1160151 compressed) at 0x00010000 in 15.2 seconds (effective 908.4 kbit/s)...
Hash of data verified.

Leaving...
Hard resetting via RTS pin...

# Flash finished: 2026-08-16 10:42:58 UTC
# Exit code: 0
