# ZENO OS Firmware Manager — Flash Log
# Started  : 2026-08-07 15:09:54 UTC
# Port     : /dev/ttyACM0
# Baud     : 921600
# Board    : ESP32_GENERIC_S3
# ────────────────────────────────────────────

# Command: python3
-m
esptool
--chip
esp32s3
-b
921600
--port
/dev/ttyACM0
write_flash
--flash_mode
dio
--flash_size
16MB
--flash_freq
80m
0x0
/home/shanmukh/OSBuild/ports/esp32/build-ESP32_GENERIC_S3/bootloader/bootloader.bin
0x8000
/home/shanmukh/OSBuild/ports/esp32/build-ESP32_GENERIC_S3/partition_table/partition-table.bin
0x10000
/home/shanmukh/OSBuild/ports/esp32/build-ESP32_GENERIC_S3/micropython.bin

esptool.py v4.12.0
Serial port /dev/ttyACM0
Connecting....
Chip is ESP32-S3 (QFN56) (revision v0.2)
Features: WiFi, BLE, Embedded PSRAM 8MB (AP_3v3)
Crystal is 40MHz
MAC: ac:a7:04:ef:dd:24
Uploading stub...
Running stub...
Stub running...
Changing baud rate to 921600
Changed.
Configuring flash size...
Flash will be erased from 0x00000000 to 0x00004fff...
Flash will be erased from 0x00008000 to 0x00008fff...
Flash will be erased from 0x00010000 to 0x001b6fff...
SHA digest in image updated
Compressed 19232 bytes to 12489...
Writing at 0x00000000... (100 %)
Wrote 19232 bytes (12489 compressed) at 0x00000000 in 0.3 seconds (effective 467.9 kbit/s)...
Hash of data verified.
Compressed 3072 bytes to 140...
Writing at 0x00008000... (100 %)
Wrote 3072 bytes (140 compressed) at 0x00008000 in 0.0 seconds (effective 588.7 kbit/s)...
Hash of data verified.
Compressed 1730384 bytes to 1162177...
Writing at 0x00010000... (1 %)
Writing at 0x00019101... (2 %)
Writing at 0x00026554... (4 %)
Writing at 0x00033335... (5 %)
Writing at 0x0003a2c8... (7 %)
Writing at 0x00040348... (8 %)
Writing at 0x00047939... (9 %)
Writing at 0x000506f8... (11 %)
Writing at 0x0005b9b1... (12 %)
Writing at 0x00061326... (14 %)
Writing at 0x000687dc... (15 %)
Writing at 0x0006df69... (16 %)
Writing at 0x00073339... (18 %)
Writing at 0x00078764... (19 %)
Writing at 0x0007d84c... (21 %)
Writing at 0x00082ff0... (22 %)
Writing at 0x00088555... (23 %)
Writing at 0x0008d7c0... (25 %)
Writing at 0x00092c75... (26 %)
Writing at 0x00097e0d... (28 %)
Writing at 0x0009cfd6... (29 %)
Writing at 0x000a23f6... (30 %)
Writing at 0x000a7830... (32 %)
Writing at 0x000ac76e... (33 %)
Writing at 0x000b15e4... (35 %)
Writing at 0x000b6632... (36 %)
Writing at 0x000bc110... (38 %)
Writing at 0x000c2171... (39 %)
Writing at 0x000c73d8... (40 %)
Writing at 0x000cccd7... (42 %)
Writing at 0x000d2d7f... (43 %)
Writing at 0x000d84f5... (45 %)
Writing at 0x000ddc3e... (46 %)
Writing at 0x000e34fe... (47 %)
Writing at 0x000e8fcf... (49 %)
Writing at 0x000eec29... (50 %)
Writing at 0x000f41a4... (52 %)
Writing at 0x000f9a84... (53 %)
Writing at 0x001003ed... (54 %)
Writing at 0x001062a1... (56 %)
Writing at 0x0010bc77... (57 %)
Writing at 0x001115dc... (59 %)
Writing at 0x00116fd9... (60 %)
Writing at 0x0011cdd7... (61 %)
Writing at 0x00122bc3... (63 %)
Writing at 0x001284db... (64 %)
Writing at 0x0012d58a... (66 %)
Writing at 0x00132b23... (67 %)
Writing at 0x00138034... (69 %)
Writing at 0x0013d499... (70 %)
Writing at 0x00143076... (71 %)
Writing at 0x001482c3... (73 %)
Writing at 0x0014d34d... (74 %)
Writing at 0x001526a3... (76 %)
Writing at 0x00157f4e... (77 %)
Writing at 0x0015d5d2... (78 %)
Writing at 0x00162b0a... (80 %)
Writing at 0x001682a6... (81 %)
Writing at 0x0016e79a... (83 %)
Writing at 0x00173843... (84 %)
Writing at 0x00178961... (85 %)
Writing at 0x0017dd0a... (87 %)
Writing at 0x00183480... (88 %)
Writing at 0x00189492... (90 %)
Writing at 0x0018ecf2... (91 %)
Writing at 0x0019498a... (92 %)
Writing at 0x001999c0... (94 %)
Writing at 0x0019f5ee... (95 %)
Writing at 0x001a4ad8... (97 %)
Writing at 0x001aa8a4... (98 %)
Writing at 0x001b0784... (100 %)
Wrote 1730384 bytes (1162177 compressed) at 0x00010000 in 15.2 seconds (effective 908.8 kbit/s)...
Hash of data verified.

Leaving...
Hard resetting via RTS pin...

# Flash finished: 2026-08-07 15:10:14 UTC
# Exit code: 0
