# ZENO OS Firmware Manager — Flash Log
# Started  : 2026-08-02 08:37:29 UTC
# Port     : /dev/ttyACM0
# Baud     : 921600
# Board    : ESP32_GENERIC_S3 (Shrike-Fi (ESP32-S3 + FPGA))
# ────────────────────────────────────────────

# Command: python3
-m
esptool
--chip
esp32s3
-b
921600
--port
/dev/ttyACM0
write_flash
--flash_mode
dio
--flash_size
8MB
--flash_freq
80m
0x0
/home/shanmukh/OSBuild/ports/esp32/build-ESP32_GENERIC_S3/bootloader/bootloader.bin
0x8000
/home/shanmukh/OSBuild/ports/esp32/build-ESP32_GENERIC_S3/partition_table/partition-table.bin
0x10000
/home/shanmukh/OSBuild/ports/esp32/build-ESP32_GENERIC_S3/micropython.bin

esptool.py v4.12.0
Serial port /dev/ttyACM0
Connecting....
Chip is ESP32-S3 (QFN56) (revision v0.2)
Features: WiFi, BLE, Embedded Flash 8MB (XMC)
Crystal is 40MHz
MAC: ac:a7:04:03:f9:00
Uploading stub...
Running stub...
Stub running...
Changing baud rate to 921600
Changed.
Configuring flash size...
Flash will be erased from 0x00000000 to 0x00004fff...
Flash will be erased from 0x00008000 to 0x00008fff...
Flash will be erased from 0x00010000 to 0x001bdfff...
SHA digest in image updated
Compressed 19232 bytes to 12489...
Writing at 0x00000000... (100 %)
Wrote 19232 bytes (12489 compressed) at 0x00000000 in 0.3 seconds (effective 506.9 kbit/s)...
Hash of data verified.
Compressed 3072 bytes to 142...
Writing at 0x00008000... (100 %)
Wrote 3072 bytes (142 compressed) at 0x00008000 in 0.0 seconds (effective 732.1 kbit/s)...
Hash of data verified.
Compressed 1760176 bytes to 1177029...
Writing at 0x00010000... (1 %)
Writing at 0x0001910d... (2 %)
Writing at 0x00025b5a... (4 %)
Writing at 0x00033eb8... (5 %)
Writing at 0x0003b404... (6 %)
Writing at 0x000417e4... (8 %)
Writing at 0x00048548... (9 %)
Writing at 0x0004fa04... (11 %)
Writing at 0x00058bcb... (12 %)
Writing at 0x00063431... (13 %)
Writing at 0x00069e0c... (15 %)
Writing at 0x0006f6af... (16 %)
Writing at 0x0007496f... (18 %)
Writing at 0x00079d2c... (19 %)
Writing at 0x0007f161... (20 %)
Writing at 0x0008471e... (22 %)
Writing at 0x00089cee... (23 %)
Writing at 0x0008ef07... (25 %)
Writing at 0x00094373... (26 %)
Writing at 0x000994ac... (27 %)
Writing at 0x0009e64a... (29 %)
Writing at 0x000a3bd9... (30 %)
Writing at 0x000a90bc... (31 %)
Writing at 0x000add62... (33 %)
Writing at 0x000b2c68... (34 %)
Writing at 0x000b7cf6... (36 %)
Writing at 0x000bdc7e... (37 %)
Writing at 0x000c3905... (38 %)
Writing at 0x000c8a93... (40 %)
Writing at 0x000ce41a... (41 %)
Writing at 0x000d4478... (43 %)
Writing at 0x000d9c03... (44 %)
Writing at 0x000df76f... (45 %)
Writing at 0x000e50c9... (47 %)
Writing at 0x000eaab8... (48 %)
Writing at 0x000f0374... (50 %)
Writing at 0x000f571c... (51 %)
Writing at 0x000fb6ed... (52 %)
Writing at 0x00101bc1... (54 %)
Writing at 0x001079e8... (55 %)
Writing at 0x0010d375... (56 %)
Writing at 0x00112e53... (58 %)
Writing at 0x00118a03... (59 %)
Writing at 0x0011e78f... (61 %)
Writing at 0x001245c0... (62 %)
Writing at 0x00129dd0... (63 %)
Writing at 0x0012edea... (65 %)
Writing at 0x00134292... (66 %)
Writing at 0x001398f9... (68 %)
Writing at 0x0013ebdb... (69 %)
Writing at 0x00144855... (70 %)
Writing at 0x00149a62... (72 %)
Writing at 0x0014eaef... (73 %)
Writing at 0x001540d2... (75 %)
Writing at 0x0015985d... (76 %)
Writing at 0x0015edff... (77 %)
Writing at 0x001644bc... (79 %)
Writing at 0x00169fc2... (80 %)
Writing at 0x0016ff8c... (81 %)
Writing at 0x00174f41... (83 %)
Writing at 0x0017a096... (84 %)
Writing at 0x0017f73c... (86 %)
Writing at 0x001850bc... (87 %)
Writing at 0x0018ad9a... (88 %)
Writing at 0x001909e0... (90 %)
Writing at 0x001960f1... (91 %)
Writing at 0x0019b318... (93 %)
Writing at 0x001a11b0... (94 %)
Writing at 0x001a72fd... (95 %)
Writing at 0x001ac86f... (97 %)
Writing at 0x001b26c1... (98 %)
Writing at 0x001b8741... (100 %)
Wrote 1760176 bytes (1177029 compressed) at 0x00010000 in 14.6 seconds (effective 965.0 kbit/s)...
Hash of data verified.

Leaving...
Hard resetting via RTS pin...

# Flash finished: 2026-08-02 08:37:48 UTC
# Exit code: 0
