# ZENO OS Firmware Manager — Flash Log
# Started  : 2026-08-12 15:17:41 UTC
# Port     : /dev/ttyACM0
# Baud     : 921600
# Board    : ESP32_GENERIC_S3
# ────────────────────────────────────────────

# Command: python3
-m
esptool
--chip
esp32s3
-b
921600
--port
/dev/ttyACM0
write_flash
--flash_mode
dio
--flash_size
16MB
--flash_freq
80m
0x0
/home/shanmukh/OSBuild/ports/esp32/build-ESP32_GENERIC_S3/bootloader/bootloader.bin
0x8000
/home/shanmukh/OSBuild/ports/esp32/build-ESP32_GENERIC_S3/partition_table/partition-table.bin
0x10000
/home/shanmukh/OSBuild/ports/esp32/build-ESP32_GENERIC_S3/micropython.bin

esptool.py v4.12.0
Serial port /dev/ttyACM0
Connecting....
Chip is ESP32-S3 (QFN56) (revision v0.2)
Features: WiFi, BLE, Embedded PSRAM 8MB (AP_3v3)
Crystal is 40MHz
MAC: ac:a7:04:ef:dd:24
Uploading stub...
Running stub...
Stub running...
Changing baud rate to 921600
Changed.
Configuring flash size...
Flash will be erased from 0x00000000 to 0x00004fff...
Flash will be erased from 0x00008000 to 0x00008fff...
Flash will be erased from 0x00010000 to 0x001b7fff...
SHA digest in image updated
Compressed 19232 bytes to 12489...
Writing at 0x00000000... (100 %)
Wrote 19232 bytes (12489 compressed) at 0x00000000 in 0.3 seconds (effective 470.8 kbit/s)...
Hash of data verified.
Compressed 3072 bytes to 140...
Writing at 0x00008000... (100 %)
Wrote 3072 bytes (140 compressed) at 0x00008000 in 0.0 seconds (effective 599.7 kbit/s)...
Hash of data verified.
Compressed 1732960 bytes to 1163770...
Writing at 0x00010000... (1 %)
Writing at 0x0001910a... (2 %)
Writing at 0x00026528... (4 %)
Writing at 0x00033369... (5 %)
Writing at 0x0003a332... (6 %)
Writing at 0x00040386... (8 %)
Writing at 0x00047949... (9 %)
Writing at 0x00050785... (11 %)
Writing at 0x0005ba68... (12 %)
Writing at 0x000613cc... (13 %)
Writing at 0x00068869... (15 %)
Writing at 0x0006e02c... (16 %)
Writing at 0x000733cb... (18 %)
Writing at 0x00078801... (19 %)
Writing at 0x0007d8e8... (20 %)
Writing at 0x00083088... (22 %)
Writing at 0x000885e4... (23 %)
Writing at 0x0008d864... (25 %)
Writing at 0x00092cee... (26 %)
Writing at 0x00097e72... (27 %)
Writing at 0x0009d03e... (29 %)
Writing at 0x000a2471... (30 %)
Writing at 0x000a78b4... (31 %)
Writing at 0x000ac7d6... (33 %)
Writing at 0x000b1668... (34 %)
Writing at 0x000b66fa... (36 %)
Writing at 0x000bc0ae... (37 %)
Writing at 0x000c2262... (38 %)
Writing at 0x000c74b6... (40 %)
Writing at 0x000cccee... (41 %)
Writing at 0x000d2e0b... (43 %)
Writing at 0x000d85e5... (44 %)
Writing at 0x000ddcf8... (45 %)
Writing at 0x000e3990... (47 %)
Writing at 0x000e90d9... (48 %)
Writing at 0x000eec86... (50 %)
Writing at 0x000f422e... (51 %)
Writing at 0x000f9b9f... (52 %)
Writing at 0x001004c1... (54 %)
Writing at 0x00106344... (55 %)
Writing at 0x0010bd14... (56 %)
Writing at 0x001116b0... (58 %)
Writing at 0x00117131... (59 %)
Writing at 0x0011cf7a... (61 %)
Writing at 0x00122d93... (62 %)
Writing at 0x00128751... (63 %)
Writing at 0x0012d7d7... (65 %)
Writing at 0x00132cf6... (66 %)
Writing at 0x00138215... (68 %)
Writing at 0x0013d6bb... (69 %)
Writing at 0x001431b4... (70 %)
Writing at 0x0014845c... (72 %)
Writing at 0x0014d530... (73 %)
Writing at 0x0015275e... (75 %)
Writing at 0x00157eb4... (76 %)
Writing at 0x0015d7b6... (77 %)
Writing at 0x00162c45... (79 %)
Writing at 0x00168346... (80 %)
Writing at 0x0016ea28... (81 %)
Writing at 0x00173ab1... (83 %)
Writing at 0x00178b91... (84 %)
Writing at 0x0017ddec... (86 %)
Writing at 0x00183511... (87 %)
Writing at 0x001895b9... (88 %)
Writing at 0x0018ee12... (90 %)
Writing at 0x00194bbf... (91 %)
Writing at 0x00199bac... (93 %)
Writing at 0x0019f86b... (94 %)
Writing at 0x001a4cd2... (95 %)
Writing at 0x001aa8bb... (97 %)
Writing at 0x001b0717... (98 %)
Writing at 0x001b6eba... (100 %)
Wrote 1732960 bytes (1163770 compressed) at 0x00010000 in 15.3 seconds (effective 906.7 kbit/s)...
Hash of data verified.

Leaving...
Hard resetting via RTS pin...

# Flash finished: 2026-08-12 15:18:01 UTC
# Exit code: 0
