# ZENO OS Firmware Manager — Flash Log
# Started  : 2026-08-03 13:27:27 UTC
# Port     : /dev/ttyACM0
# Baud     : 921600
# Board    : ZENO_CORE (Zeno Core)
# ────────────────────────────────────────────

# Command: python3
-m
esptool
--chip
esp32s3
-b
921600
--port
/dev/ttyACM0
write_flash
--flash_mode
dio
--flash_size
16MB
--flash_freq
80m
0x0
/home/shanmukh/OSBuild/ports/esp32/build-ZENO_CORE/bootloader/bootloader.bin
0x8000
/home/shanmukh/OSBuild/ports/esp32/build-ZENO_CORE/partition_table/partition-table.bin
0x10000
/home/shanmukh/OSBuild/ports/esp32/build-ZENO_CORE/micropython.bin

esptool.py v4.12.0
Serial port /dev/ttyACM0
Connecting....
Chip is ESP32-S3 (QFN56) (revision v0.2)
Features: WiFi, BLE, Embedded PSRAM 8MB (AP_3v3)
Crystal is 40MHz
MAC: ac:a7:04:ef:dd:24
Uploading stub...
Running stub...
Stub running...
Changing baud rate to 921600
Changed.
Configuring flash size...
Flash will be erased from 0x00000000 to 0x00004fff...
Flash will be erased from 0x00008000 to 0x00008fff...
Flash will be erased from 0x00010000 to 0x001b7fff...
SHA digest in image updated
Compressed 19232 bytes to 12492...
Writing at 0x00000000... (100 %)
Wrote 19232 bytes (12492 compressed) at 0x00000000 in 0.3 seconds (effective 471.5 kbit/s)...
Hash of data verified.
Compressed 3072 bytes to 141...
Writing at 0x00008000... (100 %)
Wrote 3072 bytes (141 compressed) at 0x00008000 in 0.0 seconds (effective 662.5 kbit/s)...
Hash of data verified.
Compressed 1733584 bytes to 1164261...
Writing at 0x00010000... (1 %)
Writing at 0x00019120... (2 %)
Writing at 0x0002638c... (4 %)
Writing at 0x00033325... (5 %)
Writing at 0x0003a3b1... (6 %)
Writing at 0x0004040e... (8 %)
Writing at 0x00047933... (9 %)
Writing at 0x00050810... (11 %)
Writing at 0x0005bb46... (12 %)
Writing at 0x00061496... (13 %)
Writing at 0x00068929... (15 %)
Writing at 0x0006e0be... (16 %)
Writing at 0x00073484... (18 %)
Writing at 0x000788a5... (19 %)
Writing at 0x0007d9a9... (20 %)
Writing at 0x0008316d... (22 %)
Writing at 0x0008867d... (23 %)
Writing at 0x0008d91d... (25 %)
Writing at 0x00092d8b... (26 %)
Writing at 0x00097f07... (27 %)
Writing at 0x0009d0cf... (29 %)
Writing at 0x000a2536... (30 %)
Writing at 0x000a797a... (31 %)
Writing at 0x000ac890... (33 %)
Writing at 0x000b170a... (34 %)
Writing at 0x000b66c1... (36 %)
Writing at 0x000bc053... (37 %)
Writing at 0x000c2252... (38 %)
Writing at 0x000c74ad... (40 %)
Writing at 0x000ccce7... (41 %)
Writing at 0x000d2dd7... (43 %)
Writing at 0x000d85c4... (44 %)
Writing at 0x000ddc98... (45 %)
Writing at 0x000e3983... (47 %)
Writing at 0x000e90ec... (48 %)
Writing at 0x000eeca6... (50 %)
Writing at 0x000f4206... (51 %)
Writing at 0x000f9b65... (52 %)
Writing at 0x0010048d... (54 %)
Writing at 0x00106319... (55 %)
Writing at 0x0010bcf2... (56 %)
Writing at 0x001116a1... (58 %)
Writing at 0x00117119... (59 %)
Writing at 0x0011cf5e... (61 %)
Writing at 0x00122d54... (62 %)
Writing at 0x00128733... (63 %)
Writing at 0x0012d7b8... (65 %)
Writing at 0x00132cc3... (66 %)
Writing at 0x001381d5... (68 %)
Writing at 0x0013d688... (69 %)
Writing at 0x00143177... (70 %)
Writing at 0x0014841a... (72 %)
Writing at 0x0014d4db... (73 %)
Writing at 0x00152712... (75 %)
Writing at 0x00157e8d... (76 %)
Writing at 0x0015d798... (77 %)
Writing at 0x00162c05... (79 %)
Writing at 0x00168303... (80 %)
Writing at 0x0016e9fb... (81 %)
Writing at 0x00173a80... (83 %)
Writing at 0x00178b5b... (84 %)
Writing at 0x0017dda1... (86 %)
Writing at 0x001834ea... (87 %)
Writing at 0x00189593... (88 %)
Writing at 0x0018eddd... (90 %)
Writing at 0x00194b96... (91 %)
Writing at 0x00199b86... (93 %)
Writing at 0x0019f847... (94 %)
Writing at 0x001a4cb0... (95 %)
Writing at 0x001aa7cc... (97 %)
Writing at 0x001b0633... (98 %)
Writing at 0x001b6ec7... (100 %)
Wrote 1733584 bytes (1164261 compressed) at 0x00010000 in 15.2 seconds (effective 910.9 kbit/s)...
Hash of data verified.

Leaving...
Hard resetting via RTS pin...

# Flash finished: 2026-08-03 13:27:46 UTC
# Exit code: 0
