# ZENO OS Firmware Manager — Flash Log
# Started  : 2026-06-24 05:24:02 UTC
# Port     : /dev/ttyACM0
# Baud     : 921600
# Board    : ESP32_GENERIC_S3
# ────────────────────────────────────────────

# Command: python3
-m
esptool
--chip
esp32s3
-b
921600
--port
/dev/ttyACM0
write_flash
--flash_mode
dio
--flash_size
16MB
--flash_freq
80m
0x0
/home/shanmukh/OSBuild/ports/esp32/build-ESP32_GENERIC_S3/bootloader/bootloader.bin
0x8000
/home/shanmukh/OSBuild/ports/esp32/build-ESP32_GENERIC_S3/partition_table/partition-table.bin
0x10000
/home/shanmukh/OSBuild/ports/esp32/build-ESP32_GENERIC_S3/micropython.bin

esptool.py v4.12.dev2
Serial port /dev/ttyACM0
Connecting....
Chip is ESP32-S3 (QFN56) (revision v0.2)
Features: WiFi, BLE, Embedded PSRAM 8MB (AP_3v3)
Crystal is 40MHz
MAC: ac:a7:04:ef:dd:24
Uploading stub...
Running stub...
Stub running...
Changing baud rate to 921600
Changed.
Configuring flash size...
Flash will be erased from 0x00000000 to 0x00004fff...
Flash will be erased from 0x00008000 to 0x00008fff...
Flash will be erased from 0x00010000 to 0x001d0fff...
SHA digest in image updated
Compressed 19232 bytes to 12490...
Writing at 0x00000000... (100 %)
Wrote 19232 bytes (12490 compressed) at 0x00000000 in 0.3 seconds (effective 471.1 kbit/s)...
Hash of data verified.
Compressed 3072 bytes to 140...
Writing at 0x00008000... (100 %)
Wrote 3072 bytes (140 compressed) at 0x00008000 in 0.0 seconds (effective 664.3 kbit/s)...
Hash of data verified.
Compressed 1837824 bytes to 1207491...
Writing at 0x00010000... (1 %)
Writing at 0x000190dd... (2 %)
Writing at 0x0002306f... (4 %)
Writing at 0x000338b4... (5 %)
Writing at 0x0003b5d0... (6 %)
Writing at 0x00041e21... (8 %)
Writing at 0x0004853d... (9 %)
Writing at 0x0004f37b... (10 %)
Writing at 0x0005b9a9... (12 %)
Writing at 0x000622e0... (13 %)
Writing at 0x0006b1cd... (14 %)
Writing at 0x00076f06... (16 %)
Writing at 0x0007c8bc... (17 %)
Writing at 0x00081cb4... (18 %)
Writing at 0x000890d8... (20 %)
Writing at 0x0008e7f2... (21 %)
Writing at 0x00093b9a... (22 %)
Writing at 0x00098f9c... (24 %)
Writing at 0x0009e1bb... (25 %)
Writing at 0x000a389e... (27 %)
Writing at 0x000a8e48... (28 %)
Writing at 0x000ae148... (29 %)
Writing at 0x000b3592... (31 %)
Writing at 0x000b86e6... (32 %)
Writing at 0x000bd818... (33 %)
Writing at 0x000c2d0e... (35 %)
Writing at 0x000c80ac... (36 %)
Writing at 0x000cce8a... (37 %)
Writing at 0x000d1ce6... (39 %)
Writing at 0x000d7251... (40 %)
Writing at 0x000dd284... (41 %)
Writing at 0x000e2d9d... (43 %)
Writing at 0x000e7f69... (44 %)
Writing at 0x000ed926... (45 %)
Writing at 0x000f38eb... (47 %)
Writing at 0x000f90f7... (48 %)
Writing at 0x000fe959... (50 %)
Writing at 0x00104100... (51 %)
Writing at 0x00109b75... (52 %)
Writing at 0x0010f842... (54 %)
Writing at 0x0011494b... (55 %)
Writing at 0x0011adc9... (56 %)
Writing at 0x00121017... (58 %)
Writing at 0x00127118... (59 %)
Writing at 0x0012c734... (60 %)
Writing at 0x001322f9... (62 %)
Writing at 0x00137f62... (63 %)
Writing at 0x0013dcc5... (64 %)
Writing at 0x00143bf0... (66 %)
Writing at 0x00148cef... (67 %)
Writing at 0x0014e0e6... (68 %)
Writing at 0x00153624... (70 %)
Writing at 0x00158ad5... (71 %)
Writing at 0x0015de65... (72 %)
Writing at 0x001637de... (74 %)
Writing at 0x001689db... (75 %)
Writing at 0x0016db2a... (77 %)
Writing at 0x001733cf... (78 %)
Writing at 0x00178c0f... (79 %)
Writing at 0x0017e095... (81 %)
Writing at 0x001836d9... (82 %)
Writing at 0x0018930a... (83 %)
Writing at 0x0018ef88... (85 %)
Writing at 0x001940c0... (86 %)
Writing at 0x0019922b... (87 %)
Writing at 0x0019e92c... (89 %)
Writing at 0x001a49ff... (90 %)
Writing at 0x001a9e55... (91 %)
Writing at 0x001afeee... (93 %)
Writing at 0x001b4f8e... (94 %)
Writing at 0x001ba85a... (95 %)
Writing at 0x001c042f... (97 %)
Writing at 0x001c62f3... (98 %)
Writing at 0x001cc68d... (100 %)
Wrote 1837824 bytes (1207491 compressed) at 0x00010000 in 15.9 seconds (effective 924.3 kbit/s)...
Hash of data verified.

Leaving...
Hard resetting via RTS pin...

# Flash finished: 2026-06-24 05:24:23 UTC
# Exit code: 0
