# ZENO OS Firmware Manager — Flash Log
# Started  : 2026-08-05 13:56:57 UTC
# Port     : /dev/ttyACM0
# Baud     : 921600
# Board    : ESP32_GENERIC_S3
# ────────────────────────────────────────────

# Command: python3
-m
esptool
--chip
esp32s3
-b
921600
--port
/dev/ttyACM0
write_flash
--flash_mode
dio
--flash_size
16MB
--flash_freq
80m
0x0
/home/shanmukh/OSBuild/ports/esp32/build-ESP32_GENERIC_S3/bootloader/bootloader.bin
0x8000
/home/shanmukh/OSBuild/ports/esp32/build-ESP32_GENERIC_S3/partition_table/partition-table.bin
0x10000
/home/shanmukh/OSBuild/ports/esp32/build-ESP32_GENERIC_S3/micropython.bin

esptool.py v4.12.0
Serial port /dev/ttyACM0

A fatal error occurred: Could not open /dev/ttyACM0, the port is busy or doesn't exist.
([Errno 2] could not open port /dev/ttyACM0: [Errno 2] No such file or directory: '/dev/ttyACM0')

Hint: Check if the port is correct and ESP connected


# Flash finished: 2026-08-05 13:56:57 UTC
# Exit code: 2
