# ZENO OS Firmware Manager — Flash Log
# Started  : 2026-08-05 13:56:45 UTC
# Port     : /dev/ttyACM0
# Baud     : 921600
# Board    : ESP32_GENERIC_S3
# ────────────────────────────────────────────

# Command: python3
-m
esptool
--chip
esp32s3
-b
921600
--port
/dev/ttyACM0
write_flash
--flash_mode
dio
--flash_size
16MB
--flash_freq
80m
0x0
/home/shanmukh/OSBuild/ports/esp32/build-ESP32_GENERIC_S3/bootloader/bootloader.bin
0x8000
/home/shanmukh/OSBuild/ports/esp32/build-ESP32_GENERIC_S3/partition_table/partition-table.bin
0x10000
/home/shanmukh/OSBuild/ports/esp32/build-ESP32_GENERIC_S3/micropython.bin

esptool.py v4.12.0
Serial port /dev/ttyACM0
Connecting...Traceback (most recent call last):
  File "<frozen runpy>", line 198, in _run_module_as_main
  File "<frozen runpy>", line 88, in _run_code
  File "/home/shanmukh/.espressif/python_env/idf5.5_py3.12_env/lib/python3.12/site-packages/esptool/__main__.py", line 9, in <module>
    esptool._main()
  File "/home/shanmukh/.espressif/python_env/idf5.5_py3.12_env/lib/python3.12/site-packages/esptool/__init__.py", line 1382, in _main
    main()
  File "/home/shanmukh/.espressif/python_env/idf5.5_py3.12_env/lib/python3.12/site-packages/esptool/__init__.py", line 816, in main
    esp = esp or get_default_connected_device(
                 ^^^^^^^^^^^^^^^^^^^^^^^^^^^^^
  File "/home/shanmukh/.espressif/python_env/idf5.5_py3.12_env/lib/python3.12/site-packages/esptool/__init__.py", line 1263, in get_default_connected_device
    _esp.connect(before, connect_attempts)
  File "/home/shanmukh/.espressif/python_env/idf5.5_py3.12_env/lib/python3.12/site-packages/esptool/loader.py", line 788, in connect
    last_error = self._connect_attempt(reset_strategy, mode)
                 ^^^^^^^^^^^^^^^^^^^^^^^^^^^^^^^^^^^^^^^^^^^
  File "/home/shanmukh/.espressif/python_env/idf5.5_py3.12_env/lib/python3.12/site-packages/esptool/loader.py", line 664, in _connect_attempt
    reset_strategy()  # Reset the chip to bootloader (download mode)
    ^^^^^^^^^^^^^^^^
  File "/home/shanmukh/.espressif/python_env/idf5.5_py3.12_env/lib/python3.12/site-packages/esptool/reset.py", line 47, in __call__
    self.reset()
  File "/home/shanmukh/.espressif/python_env/idf5.5_py3.12_env/lib/python3.12/site-packages/esptool/reset.py", line 114, in reset
    self._setDTRandRTS(False, False)
  File "/home/shanmukh/.espressif/python_env/idf5.5_py3.12_env/lib/python3.12/site-packages/esptool/reset.py", line 89, in _setDTRandRTS
    fcntl.ioctl(self.port.fileno(), TIOCMSET, struct.pack("I", status))
OSError: [Errno 71] Protocol error


# Flash finished: 2026-08-05 13:56:46 UTC
# Exit code: 1
