# ZENO OS Firmware Manager — Flash Log
# Started  : 2026-06-20 03:52:20 UTC
# Port     : /dev/ttyACM0
# Baud     : 921600
# Board    : ESP32_GENERIC_S3
# ────────────────────────────────────────────

# Command: python3
-m
esptool
--chip
esp32s3
-b
921600
--port
/dev/ttyACM0
write_flash
--flash_mode
dio
--flash_size
16MB
--flash_freq
80m
0x0
/home/shanmukh/OSBuild/ports/esp32/build-ESP32_GENERIC_S3/bootloader/bootloader.bin
0x8000
/home/shanmukh/OSBuild/ports/esp32/build-ESP32_GENERIC_S3/partition_table/partition-table.bin
0x10000
/home/shanmukh/OSBuild/ports/esp32/build-ESP32_GENERIC_S3/micropython.bin

esptool.py v4.12.dev2
Serial port /dev/ttyACM0
Connecting....
Chip is ESP32-S3 (QFN56) (revision v0.2)
Features: WiFi, BLE, Embedded PSRAM 8MB (AP_3v3)
Crystal is 40MHz
MAC: ac:a7:04:ef:dd:24
Uploading stub...
Running stub...
Stub running...
Changing baud rate to 921600
Changed.
Configuring flash size...
Flash will be erased from 0x00000000 to 0x00004fff...
Flash will be erased from 0x00008000 to 0x00008fff...
Flash will be erased from 0x00010000 to 0x001d2fff...
SHA digest in image updated
Compressed 19232 bytes to 12491...
Writing at 0x00000000... (100 %)
Wrote 19232 bytes (12491 compressed) at 0x00000000 in 0.3 seconds (effective 471.8 kbit/s)...
Hash of data verified.
Compressed 3072 bytes to 140...
Writing at 0x00008000... (100 %)
Wrote 3072 bytes (140 compressed) at 0x00008000 in 0.0 seconds (effective 693.5 kbit/s)...
Hash of data verified.
Compressed 1846368 bytes to 1213077...
Writing at 0x00010000... (1 %)
Writing at 0x00019171... (2 %)
Writing at 0x0002307b... (4 %)
Writing at 0x00033df7... (5 %)
Writing at 0x0003bafa... (6 %)
Writing at 0x000421d7... (8 %)
Writing at 0x000488e2... (9 %)
Writing at 0x0004f6ef... (10 %)
Writing at 0x0005bd3e... (12 %)
Writing at 0x000628ab... (13 %)
Writing at 0x0006b75c... (14 %)
Writing at 0x000773d0... (16 %)
Writing at 0x0007cd88... (17 %)
Writing at 0x0008225a... (18 %)
Writing at 0x0008957d... (20 %)
Writing at 0x0008ed3b... (21 %)
Writing at 0x000940b3... (22 %)
Writing at 0x0009945a... (24 %)
Writing at 0x0009e787... (25 %)
Writing at 0x000a3d60... (26 %)
Writing at 0x000a93c4... (28 %)
Writing at 0x000ae678... (29 %)
Writing at 0x000b3a6d... (30 %)
Writing at 0x000b8bfb... (32 %)
Writing at 0x000bddf6... (33 %)
Writing at 0x000c32c1... (34 %)
Writing at 0x000c85be... (36 %)
Writing at 0x000cd366... (37 %)
Writing at 0x000d2206... (38 %)
Writing at 0x000d7642... (40 %)
Writing at 0x000dd732... (41 %)
Writing at 0x000e313d... (42 %)
Writing at 0x000e82f0... (44 %)
Writing at 0x000edce0... (45 %)
Writing at 0x000f3d4c... (46 %)
Writing at 0x000f94d7... (48 %)
Writing at 0x000fed4a... (49 %)
Writing at 0x0010449b... (50 %)
Writing at 0x00109ee1... (52 %)
Writing at 0x0010fce2... (53 %)
Writing at 0x00114f23... (54 %)
Writing at 0x0011ae32... (56 %)
Writing at 0x001212ac... (57 %)
Writing at 0x00127231... (58 %)
Writing at 0x0012cbe3... (60 %)
Writing at 0x0013264c... (61 %)
Writing at 0x001381c2... (62 %)
Writing at 0x0013de9b... (64 %)
Writing at 0x001440f3... (65 %)
Writing at 0x00149372... (66 %)
Writing at 0x0014e48c... (68 %)
Writing at 0x001539af... (69 %)
Writing at 0x00158f95... (70 %)
Writing at 0x0015e21d... (72 %)
Writing at 0x00163e06... (73 %)
Writing at 0x00168f7c... (74 %)
Writing at 0x0016e117... (76 %)
Writing at 0x001737ad... (77 %)
Writing at 0x0017903f... (78 %)
Writing at 0x0017e517... (80 %)
Writing at 0x00183b12... (81 %)
Writing at 0x00189711... (82 %)
Writing at 0x0018f4ed... (84 %)
Writing at 0x001945b1... (85 %)
Writing at 0x001996cc... (86 %)
Writing at 0x0019ee09... (88 %)
Writing at 0x001a49dd... (89 %)
Writing at 0x001aa3c0... (90 %)
Writing at 0x001b01f5... (92 %)
Writing at 0x001b55fe... (93 %)
Writing at 0x001baa17... (94 %)
Writing at 0x001c06e9... (96 %)
Writing at 0x001c62dd... (97 %)
Writing at 0x001cc17a... (98 %)
Writing at 0x001d28f0... (100 %)
Wrote 1846368 bytes (1213077 compressed) at 0x00010000 in 16.0 seconds (effective 921.7 kbit/s)...
Hash of data verified.

Leaving...
Hard resetting via RTS pin...

# Flash finished: 2026-06-20 03:52:41 UTC
# Exit code: 0
