# ZENO OS Firmware Manager — Flash Log
# Started  : 2026-06-19 05:00:46 UTC
# Port     : /dev/ttyACM0
# Baud     : 921600
# Board    : ESP32_GENERIC_S3
# ────────────────────────────────────────────

# Command: python3
-m
esptool
--chip
esp32s3
-b
921600
--port
/dev/ttyACM0
write_flash
--flash_mode
dio
--flash_size
16MB
--flash_freq
80m
0x0
/home/shanmukh/OSBuild/ports/esp32/build-ESP32_GENERIC_S3/bootloader/bootloader.bin
0x8000
/home/shanmukh/OSBuild/ports/esp32/build-ESP32_GENERIC_S3/partition_table/partition-table.bin
0x10000
/home/shanmukh/OSBuild/ports/esp32/build-ESP32_GENERIC_S3/micropython.bin

esptool.py v4.12.dev2
Serial port /dev/ttyACM0
Connecting...
Chip is ESP32-S3 (QFN56) (revision v0.2)
Features: WiFi, BLE, Embedded PSRAM 8MB (AP_3v3)
Crystal is 40MHz
MAC: ac:a7:04:ef:dd:24
Uploading stub...
Running stub...
Stub running...
Changing baud rate to 921600
Changed.
Configuring flash size...
Flash will be erased from 0x00000000 to 0x00004fff...
Flash will be erased from 0x00008000 to 0x00008fff...
Flash will be erased from 0x00010000 to 0x001cffff...
SHA digest in image updated
Compressed 19232 bytes to 12491...
Writing at 0x00000000... (100 %)
Wrote 19232 bytes (12491 compressed) at 0x00000000 in 0.3 seconds (effective 475.9 kbit/s)...
Hash of data verified.
Compressed 3072 bytes to 140...
Writing at 0x00008000... (100 %)
Wrote 3072 bytes (140 compressed) at 0x00008000 in 0.0 seconds (effective 663.0 kbit/s)...
Hash of data verified.
Compressed 1833856 bytes to 1205519...
Writing at 0x00010000... (1 %)
Writing at 0x000190b7... (2 %)
Writing at 0x0002305a... (4 %)
Writing at 0x0003397f... (5 %)
Writing at 0x0003b60c... (6 %)
Writing at 0x00041b33... (8 %)
Writing at 0x00048119... (9 %)
Writing at 0x0004f002... (10 %)
Writing at 0x0005b666... (12 %)
Writing at 0x000622df... (13 %)
Writing at 0x0006b308... (14 %)
Writing at 0x00076b59... (16 %)
Writing at 0x0007c4d5... (17 %)
Writing at 0x00081857... (18 %)
Writing at 0x00088d29... (20 %)
Writing at 0x0008e46b... (21 %)
Writing at 0x00093849... (22 %)
Writing at 0x00098c1f... (24 %)
Writing at 0x0009dda7... (25 %)
Writing at 0x000a34e3... (27 %)
Writing at 0x000a8a69... (28 %)
Writing at 0x000add4d... (29 %)
Writing at 0x000b31ac... (31 %)
Writing at 0x000b8305... (32 %)
Writing at 0x000bd4c4... (33 %)
Writing at 0x000c28d5... (35 %)
Writing at 0x000c7cbd... (36 %)
Writing at 0x000ccad7... (37 %)
Writing at 0x000d1953... (39 %)
Writing at 0x000d6d86... (40 %)
Writing at 0x000dce2d... (41 %)
Writing at 0x000e285c... (43 %)
Writing at 0x000e7a30... (44 %)
Writing at 0x000ed414... (45 %)
Writing at 0x000f3470... (47 %)
Writing at 0x000f8c08... (48 %)
Writing at 0x000fe484... (50 %)
Writing at 0x00103bda... (51 %)
Writing at 0x00109620... (52 %)
Writing at 0x0010f318... (54 %)
Writing at 0x001143ee... (55 %)
Writing at 0x0011a8d2... (56 %)
Writing at 0x00120bb3... (58 %)
Writing at 0x00126bfa... (59 %)
Writing at 0x0012c210... (60 %)
Writing at 0x00131dab... (62 %)
Writing at 0x00137a07... (63 %)
Writing at 0x0013d7ac... (64 %)
Writing at 0x001436d8... (66 %)
Writing at 0x001487ad... (67 %)
Writing at 0x0014db87... (68 %)
Writing at 0x001530f5... (70 %)
Writing at 0x00158592... (71 %)
Writing at 0x0015d984... (72 %)
Writing at 0x0016327d... (74 %)
Writing at 0x00168474... (75 %)
Writing at 0x0016d5b9... (77 %)
Writing at 0x00172e72... (78 %)
Writing at 0x0017869d... (79 %)
Writing at 0x0017db24... (81 %)
Writing at 0x0018315a... (82 %)
Writing at 0x00188e1f... (83 %)
Writing at 0x0018ea19... (85 %)
Writing at 0x00193b56... (86 %)
Writing at 0x00198cdb... (87 %)
Writing at 0x0019e3a4... (89 %)
Writing at 0x001a4494... (90 %)
Writing at 0x001a98d0... (91 %)
Writing at 0x001af983... (93 %)
Writing at 0x001b4a0a... (94 %)
Writing at 0x001ba32f... (95 %)
Writing at 0x001bfe7c... (97 %)
Writing at 0x001c5def... (98 %)
Writing at 0x001cc14a... (100 %)
Wrote 1833856 bytes (1205519 compressed) at 0x00010000 in 15.8 seconds (effective 926.6 kbit/s)...
Hash of data verified.

Leaving...
Hard resetting via RTS pin...

# Flash finished: 2026-06-19 05:01:07 UTC
# Exit code: 0
