# ZENO OS Firmware Manager — Flash Log
# Started  : 2026-08-16 10:50:58 UTC
# Port     : /dev/ttyACM0
# Baud     : 921600
# Board    : ESP32_GENERIC_S3
# ────────────────────────────────────────────

# Command: python3
-m
esptool
--chip
esp32s3
-b
921600
--port
/dev/ttyACM0
write_flash
--flash_mode
dio
--flash_size
16MB
--flash_freq
80m
0x0
/home/shanmukh/OSBuild/ports/esp32/build-ESP32_GENERIC_S3/bootloader/bootloader.bin
0x8000
/home/shanmukh/OSBuild/ports/esp32/build-ESP32_GENERIC_S3/partition_table/partition-table.bin
0x10000
/home/shanmukh/OSBuild/ports/esp32/build-ESP32_GENERIC_S3/micropython.bin

esptool.py v4.12.0
Serial port /dev/ttyACM0
Connecting....
Chip is ESP32-S3 (QFN56) (revision v0.2)
Features: WiFi, BLE, Embedded PSRAM 8MB (AP_3v3)
Crystal is 40MHz
MAC: ac:a7:04:ef:dd:24
Uploading stub...
Running stub...
Stub running...
Changing baud rate to 921600
Changed.
Configuring flash size...
Flash will be erased from 0x00000000 to 0x00004fff...
Flash will be erased from 0x00008000 to 0x00008fff...
Flash will be erased from 0x00010000 to 0x001b6fff...
SHA digest in image updated
Compressed 19232 bytes to 12489...
Writing at 0x00000000... (100 %)
Wrote 19232 bytes (12489 compressed) at 0x00000000 in 0.3 seconds (effective 469.1 kbit/s)...
Hash of data verified.
Compressed 3072 bytes to 140...
Writing at 0x00008000... (100 %)
Wrote 3072 bytes (140 compressed) at 0x00008000 in 0.0 seconds (effective 616.8 kbit/s)...
Hash of data verified.
Compressed 1730368 bytes to 1162165...
Writing at 0x00010000... (1 %)
Writing at 0x000190f4... (2 %)
Writing at 0x00026542... (4 %)
Writing at 0x00033321... (5 %)
Writing at 0x0003a2c0... (7 %)
Writing at 0x00040326... (8 %)
Writing at 0x0004791f... (9 %)
Writing at 0x000506ec... (11 %)
Writing at 0x0005b9bc... (12 %)
Writing at 0x0006132a... (14 %)
Writing at 0x000687df... (15 %)
Writing at 0x0006df6c... (16 %)
Writing at 0x0007333b... (18 %)
Writing at 0x00078766... (19 %)
Writing at 0x0007d852... (21 %)
Writing at 0x00082ff1... (22 %)
Writing at 0x00088558... (23 %)
Writing at 0x0008d7c5... (25 %)
Writing at 0x00092c7f... (26 %)
Writing at 0x00097e11... (28 %)
Writing at 0x0009cfd9... (29 %)
Writing at 0x000a23f8... (30 %)
Writing at 0x000a7830... (32 %)
Writing at 0x000ac76c... (33 %)
Writing at 0x000b15dd... (35 %)
Writing at 0x000b6617... (36 %)
Writing at 0x000bc0bc... (38 %)
Writing at 0x000c2168... (39 %)
Writing at 0x000c73d4... (40 %)
Writing at 0x000cccd6... (42 %)
Writing at 0x000d2d73... (43 %)
Writing at 0x000d84e4... (45 %)
Writing at 0x000ddc36... (46 %)
Writing at 0x000e34fc... (47 %)
Writing at 0x000e8fc8... (49 %)
Writing at 0x000eec27... (50 %)
Writing at 0x000f41a0... (52 %)
Writing at 0x000f9a83... (53 %)
Writing at 0x001003e5... (54 %)
Writing at 0x001062a1... (56 %)
Writing at 0x0010bc73... (57 %)
Writing at 0x001115d6... (59 %)
Writing at 0x00116fd2... (60 %)
Writing at 0x0011cdd2... (61 %)
Writing at 0x00122bbc... (63 %)
Writing at 0x001284d6... (64 %)
Writing at 0x0012d586... (66 %)
Writing at 0x00132b1d... (67 %)
Writing at 0x00138030... (69 %)
Writing at 0x0013d496... (70 %)
Writing at 0x00143075... (71 %)
Writing at 0x001482bb... (73 %)
Writing at 0x0014d34e... (74 %)
Writing at 0x001526a3... (76 %)
Writing at 0x00157f54... (77 %)
Writing at 0x0015d5cf... (78 %)
Writing at 0x00162b06... (80 %)
Writing at 0x001682a6... (81 %)
Writing at 0x0016e79a... (83 %)
Writing at 0x00173844... (84 %)
Writing at 0x0017895d... (85 %)
Writing at 0x0017dd0c... (87 %)
Writing at 0x0018348a... (88 %)
Writing at 0x00189494... (90 %)
Writing at 0x0018ecf8... (91 %)
Writing at 0x0019498b... (92 %)
Writing at 0x001999cf... (94 %)
Writing at 0x0019f5f4... (95 %)
Writing at 0x001a4adc... (97 %)
Writing at 0x001aa8a9... (98 %)
Writing at 0x001b0796... (100 %)
Wrote 1730368 bytes (1162165 compressed) at 0x00010000 in 15.3 seconds (effective 907.2 kbit/s)...
Hash of data verified.

Leaving...
Hard resetting via RTS pin...

# Flash finished: 2026-08-16 10:51:18 UTC
# Exit code: 0
