# ZENO OS Firmware Manager — Flash Log
# Started  : 2026-06-17 06:04:14 UTC
# Port     : /dev/ttyACM0
# Baud     : 921600
# Board    : ESP32_GENERIC_S3
# ────────────────────────────────────────────

# Command: python3
-m
esptool
--chip
esp32s3
-b
921600
--port
/dev/ttyACM0
write_flash
--flash_mode
dio
--flash_size
16MB
--flash_freq
80m
0x0
/home/shanmukh/OSBuild/ports/esp32/build-ESP32_GENERIC_S3/bootloader/bootloader.bin
0x8000
/home/shanmukh/OSBuild/ports/esp32/build-ESP32_GENERIC_S3/partition_table/partition-table.bin
0x10000
/home/shanmukh/OSBuild/ports/esp32/build-ESP32_GENERIC_S3/micropython.bin

esptool.py v4.12.dev2
Serial port /dev/ttyACM0
Connecting....
Chip is ESP32-S3 (QFN56) (revision v0.2)
Features: WiFi, BLE, Embedded PSRAM 8MB (AP_3v3)
Crystal is 40MHz
MAC: b8:f8:62:fa:de:10
Uploading stub...
Running stub...
Stub running...
Changing baud rate to 921600
Changed.
Configuring flash size...
Flash will be erased from 0x00000000 to 0x00004fff...
Flash will be erased from 0x00008000 to 0x00008fff...
Flash will be erased from 0x00010000 to 0x001cffff...
SHA digest in image updated
Compressed 19232 bytes to 12491...
Writing at 0x00000000... (100 %)
Wrote 19232 bytes (12491 compressed) at 0x00000000 in 0.5 seconds (effective 322.0 kbit/s)...
Hash of data verified.
Compressed 3072 bytes to 140...
Writing at 0x00008000... (100 %)
Wrote 3072 bytes (140 compressed) at 0x00008000 in 0.1 seconds (effective 403.2 kbit/s)...
Hash of data verified.
Compressed 1833824 bytes to 1205446...
Writing at 0x00010000... (1 %)
Writing at 0x000190c2... (2 %)
Writing at 0x000230a4... (4 %)
Writing at 0x0003398c... (5 %)
Writing at 0x0003b645... (6 %)
Writing at 0x00041b5b... (8 %)
Writing at 0x00048122... (9 %)
Writing at 0x0004efe9... (10 %)
Writing at 0x0005b685... (12 %)
Writing at 0x00062319... (13 %)
Writing at 0x0006b36c... (14 %)
Writing at 0x00076b72... (16 %)
Writing at 0x0007c503... (17 %)
Writing at 0x000818a1... (18 %)
Writing at 0x00088d77... (20 %)
Writing at 0x0008e4ac... (21 %)
Writing at 0x00093880... (22 %)
Writing at 0x00098c6b... (24 %)
Writing at 0x0009ddf5... (25 %)
Writing at 0x000a3523... (27 %)
Writing at 0x000a8acf... (28 %)
Writing at 0x000add94... (29 %)
Writing at 0x000b31f9... (31 %)
Writing at 0x000b8345... (32 %)
Writing at 0x000bd50b... (33 %)
Writing at 0x000c2951... (35 %)
Writing at 0x000c7d0c... (36 %)
Writing at 0x000ccb2c... (37 %)
Writing at 0x000d19a1... (39 %)
Writing at 0x000d6dd4... (40 %)
Writing at 0x000dcebe... (41 %)
Writing at 0x000e28c1... (43 %)
Writing at 0x000e7a7c... (44 %)
Writing at 0x000ed468... (45 %)
Writing at 0x000f34c2... (47 %)
Writing at 0x000f8c5c... (48 %)
Writing at 0x000fe4da... (50 %)
Writing at 0x00103c23... (51 %)
Writing at 0x0010966a... (52 %)
Writing at 0x0010f360... (54 %)
Writing at 0x00114436... (55 %)
Writing at 0x0011a933... (56 %)
Writing at 0x00120c06... (58 %)
Writing at 0x00126c4c... (59 %)
Writing at 0x0012c279... (60 %)
Writing at 0x00131df6... (62 %)
Writing at 0x00137a48... (63 %)
Writing at 0x0013d802... (64 %)
Writing at 0x0014371c... (66 %)
Writing at 0x001487f0... (67 %)
Writing at 0x0014dbd8... (68 %)
Writing at 0x00153156... (70 %)
Writing at 0x001585df... (71 %)
Writing at 0x0015d9df... (72 %)
Writing at 0x001632c0... (74 %)
Writing at 0x001684c4... (75 %)
Writing at 0x0016d5f9... (77 %)
Writing at 0x00172ea8... (78 %)
Writing at 0x001786e1... (79 %)
Writing at 0x0017db6e... (81 %)
Writing at 0x001831bf... (82 %)
Writing at 0x00188f25... (83 %)
Writing at 0x0018ea5f... (85 %)
Writing at 0x00193bae... (86 %)
Writing at 0x00198d21... (87 %)
Writing at 0x0019e3ea... (89 %)
Writing at 0x001a44e9... (90 %)
Writing at 0x001a9933... (91 %)
Writing at 0x001af9c4... (93 %)
Writing at 0x001b4a53... (94 %)
Writing at 0x001ba37f... (95 %)
Writing at 0x001bfec1... (97 %)
Writing at 0x001c5e37... (98 %)
Writing at 0x001cc188... (100 %)
Wrote 1833824 bytes (1205446 compressed) at 0x00010000 in 20.0 seconds (effective 731.9 kbit/s)...
Hash of data verified.

Leaving...
Hard resetting via RTS pin...

# Flash finished: 2026-06-17 06:04:39 UTC
# Exit code: 0
