# ZENO OS Firmware Manager — Flash Log
# Started  : 2026-08-07 14:29:36 UTC
# Port     : /dev/ttyACM0
# Baud     : 921600
# Board    : ESP32_GENERIC_S3
# ────────────────────────────────────────────

# Command: python3
-m
esptool
--chip
esp32s3
-b
921600
--port
/dev/ttyACM0
write_flash
--flash_mode
dio
--flash_size
16MB
--flash_freq
80m
0x0
/home/shanmukh/OSBuild/ports/esp32/build-ESP32_GENERIC_S3/bootloader/bootloader.bin
0x8000
/home/shanmukh/OSBuild/ports/esp32/build-ESP32_GENERIC_S3/partition_table/partition-table.bin
0x10000
/home/shanmukh/OSBuild/ports/esp32/build-ESP32_GENERIC_S3/micropython.bin

esptool.py v4.12.0
Serial port /dev/ttyACM0
Connecting....
Chip is ESP32-S3 (QFN56) (revision v0.2)
Features: WiFi, BLE, Embedded PSRAM 8MB (AP_3v3)
Crystal is 40MHz
MAC: ac:a7:04:ef:dd:24
Uploading stub...
Running stub...
Stub running...
Changing baud rate to 921600
Changed.
Configuring flash size...
Flash will be erased from 0x00000000 to 0x00004fff...
Flash will be erased from 0x00008000 to 0x00008fff...
Flash will be erased from 0x00010000 to 0x001b6fff...
SHA digest in image updated
Compressed 19232 bytes to 12491...
Writing at 0x00000000... (100 %)
Wrote 19232 bytes (12491 compressed) at 0x00000000 in 0.3 seconds (effective 466.7 kbit/s)...
Hash of data verified.
Compressed 3072 bytes to 140...
Writing at 0x00008000... (100 %)
Wrote 3072 bytes (140 compressed) at 0x00008000 in 0.0 seconds (effective 602.7 kbit/s)...
Hash of data verified.
Compressed 1730384 bytes to 1162183...
Writing at 0x00010000... (1 %)
Writing at 0x000190ff... (2 %)
Writing at 0x00026554... (4 %)
Writing at 0x00033330... (5 %)
Writing at 0x0003a2c6... (7 %)
Writing at 0x00040344... (8 %)
Writing at 0x00047924... (9 %)
Writing at 0x000506f4... (11 %)
Writing at 0x0005b9bd... (12 %)
Writing at 0x00061339... (14 %)
Writing at 0x000687ee... (15 %)
Writing at 0x0006df79... (16 %)
Writing at 0x00073348... (18 %)
Writing at 0x00078771... (19 %)
Writing at 0x0007d860... (21 %)
Writing at 0x00082ffe... (22 %)
Writing at 0x00088563... (23 %)
Writing at 0x0008d7d2... (25 %)
Writing at 0x00092c84... (26 %)
Writing at 0x00097e17... (28 %)
Writing at 0x0009cfe4... (29 %)
Writing at 0x000a2400... (30 %)
Writing at 0x000a7832... (32 %)
Writing at 0x000ac76e... (33 %)
Writing at 0x000b15dc... (35 %)
Writing at 0x000b6630... (36 %)
Writing at 0x000bc0cd... (38 %)
Writing at 0x000c216a... (39 %)
Writing at 0x000c73d3... (40 %)
Writing at 0x000ccccd... (42 %)
Writing at 0x000d2d7a... (43 %)
Writing at 0x000d84ed... (45 %)
Writing at 0x000ddc30... (46 %)
Writing at 0x000e34f9... (47 %)
Writing at 0x000e8fcc... (49 %)
Writing at 0x000eec16... (50 %)
Writing at 0x000f419c... (52 %)
Writing at 0x000f9a6e... (53 %)
Writing at 0x001003e3... (54 %)
Writing at 0x0010629a... (56 %)
Writing at 0x0010bc6a... (57 %)
Writing at 0x001115d3... (59 %)
Writing at 0x00116fcf... (60 %)
Writing at 0x0011cdc7... (61 %)
Writing at 0x00122bb0... (63 %)
Writing at 0x001284d3... (64 %)
Writing at 0x0012d575... (66 %)
Writing at 0x00132b1a... (67 %)
Writing at 0x0013802d... (69 %)
Writing at 0x0013d495... (70 %)
Writing at 0x00143070... (71 %)
Writing at 0x001482b4... (73 %)
Writing at 0x0014d344... (74 %)
Writing at 0x0015269b... (76 %)
Writing at 0x00157f4b... (77 %)
Writing at 0x0015d5c0... (78 %)
Writing at 0x00162afb... (80 %)
Writing at 0x00168292... (81 %)
Writing at 0x0016e790... (83 %)
Writing at 0x0017383e... (84 %)
Writing at 0x00178958... (85 %)
Writing at 0x0017dd05... (87 %)
Writing at 0x00183472... (88 %)
Writing at 0x00189488... (90 %)
Writing at 0x0018eceb... (91 %)
Writing at 0x00194981... (92 %)
Writing at 0x001999b9... (94 %)
Writing at 0x0019f5e7... (95 %)
Writing at 0x001a4ad3... (97 %)
Writing at 0x001aa897... (98 %)
Writing at 0x001b077d... (100 %)
Wrote 1730384 bytes (1162183 compressed) at 0x00010000 in 15.3 seconds (effective 906.9 kbit/s)...
Hash of data verified.

Leaving...
Hard resetting via RTS pin...

# Flash finished: 2026-08-07 14:29:56 UTC
# Exit code: 0
