# ZENO OS Firmware Manager — Flash Log
# Started  : 2026-06-21 01:53:10 UTC
# Port     : /dev/ttyACM0
# Baud     : 921600
# Board    : ESP32_GENERIC_S3
# ────────────────────────────────────────────

# Command: python3
-m
esptool
--chip
esp32s3
-b
921600
--port
/dev/ttyACM0
write_flash
--flash_mode
dio
--flash_size
16MB
--flash_freq
80m
0x0
/home/shanmukh/OSBuild/ports/esp32/build-ESP32_GENERIC_S3/bootloader/bootloader.bin
0x8000
/home/shanmukh/OSBuild/ports/esp32/build-ESP32_GENERIC_S3/partition_table/partition-table.bin
0x10000
/home/shanmukh/OSBuild/ports/esp32/build-ESP32_GENERIC_S3/micropython.bin

esptool.py v4.12.dev2
Serial port /dev/ttyACM0
Connecting....
Chip is ESP32-S3 (QFN56) (revision v0.2)
Features: WiFi, BLE, Embedded PSRAM 8MB (AP_3v3)
Crystal is 40MHz
MAC: ac:a7:04:ef:dd:24
Uploading stub...
Running stub...
Stub running...
Changing baud rate to 921600
Changed.
Configuring flash size...
Flash will be erased from 0x00000000 to 0x00004fff...
Flash will be erased from 0x00008000 to 0x00008fff...
Flash will be erased from 0x00010000 to 0x001d3fff...
SHA digest in image updated
Compressed 19232 bytes to 12490...
Writing at 0x00000000... (100 %)
Wrote 19232 bytes (12490 compressed) at 0x00000000 in 0.3 seconds (effective 483.1 kbit/s)...
Hash of data verified.
Compressed 3072 bytes to 140...
Writing at 0x00008000... (100 %)
Wrote 3072 bytes (140 compressed) at 0x00008000 in 0.0 seconds (effective 659.3 kbit/s)...
Hash of data verified.
Compressed 1849872 bytes to 1214523...
Writing at 0x00010000... (1 %)
Writing at 0x00019135... (2 %)
Writing at 0x00023060... (4 %)
Writing at 0x00033df5... (5 %)
Writing at 0x0003ba96... (6 %)
Writing at 0x00042130... (8 %)
Writing at 0x00048835... (9 %)
Writing at 0x0004f677... (10 %)
Writing at 0x0005bc91... (12 %)
Writing at 0x00062820... (13 %)
Writing at 0x0006b6d4... (14 %)
Writing at 0x000772fe... (16 %)
Writing at 0x0007ccb4... (17 %)
Writing at 0x00082186... (18 %)
Writing at 0x000894c6... (20 %)
Writing at 0x0008ec78... (21 %)
Writing at 0x00093fcf... (22 %)
Writing at 0x0009938a... (24 %)
Writing at 0x0009e6cc... (25 %)
Writing at 0x000a3c89... (26 %)
Writing at 0x000a930f... (28 %)
Writing at 0x000ae5af... (29 %)
Writing at 0x000b39a8... (30 %)
Writing at 0x000b8b4e... (32 %)
Writing at 0x000bdd30... (33 %)
Writing at 0x000c31d7... (34 %)
Writing at 0x000c84e9... (36 %)
Writing at 0x000cd28e... (37 %)
Writing at 0x000d2141... (38 %)
Writing at 0x000d79f8... (40 %)
Writing at 0x000dd9b0... (41 %)
Writing at 0x000e366d... (42 %)
Writing at 0x000e87d9... (44 %)
Writing at 0x000ee198... (45 %)
Writing at 0x000f4107... (46 %)
Writing at 0x000f989e... (48 %)
Writing at 0x000ff426... (49 %)
Writing at 0x00104d9a... (50 %)
Writing at 0x0010a78d... (52 %)
Writing at 0x0011007c... (53 %)
Writing at 0x0011541a... (54 %)
Writing at 0x0011b34e... (56 %)
Writing at 0x001217dc... (57 %)
Writing at 0x00127718... (58 %)
Writing at 0x0012d0b1... (60 %)
Writing at 0x00132b77... (61 %)
Writing at 0x00138738... (62 %)
Writing at 0x0013e464... (64 %)
Writing at 0x00144253... (65 %)
Writing at 0x00149a59... (66 %)
Writing at 0x0014ea6b... (68 %)
Writing at 0x00153f00... (69 %)
Writing at 0x00159539... (70 %)
Writing at 0x0015e83b... (72 %)
Writing at 0x001643ec... (73 %)
Writing at 0x00169609... (74 %)
Writing at 0x0016e757... (76 %)
Writing at 0x00173d1a... (77 %)
Writing at 0x0017945e... (78 %)
Writing at 0x0017ea4a... (80 %)
Writing at 0x001840e9... (81 %)
Writing at 0x001899f5... (82 %)
Writing at 0x0018fb56... (84 %)
Writing at 0x00194be3... (85 %)
Writing at 0x00199d24... (86 %)
Writing at 0x0019f3ba... (88 %)
Writing at 0x001a4c8c... (89 %)
Writing at 0x001aa9cf... (90 %)
Writing at 0x001b0550... (92 %)
Writing at 0x001b5cba... (93 %)
Writing at 0x001bafaf... (94 %)
Writing at 0x001c0d39... (96 %)
Writing at 0x001c6829... (97 %)
Writing at 0x001cc5da... (98 %)
Writing at 0x001d29d8... (100 %)
Wrote 1849872 bytes (1214523 compressed) at 0x00010000 in 16.1 seconds (effective 920.3 kbit/s)...
Hash of data verified.

Leaving...
Hard resetting via RTS pin...

# Flash finished: 2026-06-21 01:53:31 UTC
# Exit code: 0
