# ZENO OS Firmware Manager — Flash Log
# Started  : 2026-08-12 13:09:00 UTC
# Port     : /dev/ttyACM0
# Baud     : 921600
# Board    : ESP32_GENERIC_S3
# ────────────────────────────────────────────

# Command: python3
-m
esptool
--chip
esp32s3
-b
921600
--port
/dev/ttyACM0
write_flash
--flash_mode
dio
--flash_size
16MB
--flash_freq
80m
0x0
/home/shanmukh/OSBuild/ports/esp32/build-ESP32_GENERIC_S3/bootloader/bootloader.bin
0x8000
/home/shanmukh/OSBuild/ports/esp32/build-ESP32_GENERIC_S3/partition_table/partition-table.bin
0x10000
/home/shanmukh/OSBuild/ports/esp32/build-ESP32_GENERIC_S3/micropython.bin

esptool.py v4.12.0
Serial port /dev/ttyACM0
Connecting....
Chip is ESP32-S3 (QFN56) (revision v0.2)
Features: WiFi, BLE, Embedded PSRAM 8MB (AP_3v3)
Crystal is 40MHz
MAC: ac:a7:04:ef:dd:24
Uploading stub...
Running stub...
Stub running...
Changing baud rate to 921600
Changed.
Configuring flash size...
Flash will be erased from 0x00000000 to 0x00004fff...
Flash will be erased from 0x00008000 to 0x00008fff...
Flash will be erased from 0x00010000 to 0x001b5fff...
SHA digest in image updated
Compressed 19232 bytes to 12491...
Writing at 0x00000000... (100 %)
Wrote 19232 bytes (12491 compressed) at 0x00000000 in 0.3 seconds (effective 467.3 kbit/s)...
Hash of data verified.
Compressed 3072 bytes to 140...
Writing at 0x00008000... (100 %)
Wrote 3072 bytes (140 compressed) at 0x00008000 in 0.0 seconds (effective 586.0 kbit/s)...
Hash of data verified.
Compressed 1724576 bytes to 1158266...
Writing at 0x00010000... (1 %)
Writing at 0x00019107... (2 %)
Writing at 0x00026448... (4 %)
Writing at 0x00033034... (5 %)
Writing at 0x00039f31... (7 %)
Writing at 0x0003ffdd... (8 %)
Writing at 0x000475e4... (9 %)
Writing at 0x000503ff... (11 %)
Writing at 0x0005b577... (12 %)
Writing at 0x00060f55... (14 %)
Writing at 0x0006836d... (15 %)
Writing at 0x0006dbb1... (16 %)
Writing at 0x00072ec2... (18 %)
Writing at 0x00078350... (19 %)
Writing at 0x0007d48b... (21 %)
Writing at 0x00082ad6... (22 %)
Writing at 0x00088162... (23 %)
Writing at 0x0008d402... (25 %)
Writing at 0x0009286c... (26 %)
Writing at 0x00097a10... (28 %)
Writing at 0x0009cbed... (29 %)
Writing at 0x000a2055... (30 %)
Writing at 0x000a746c... (32 %)
Writing at 0x000ac3f3... (33 %)
Writing at 0x000b1225... (35 %)
Writing at 0x000b636a... (36 %)
Writing at 0x000bbce8... (38 %)
Writing at 0x000c1e4d... (39 %)
Writing at 0x000c7159... (40 %)
Writing at 0x000cc99e... (42 %)
Writing at 0x000d2a6e... (43 %)
Writing at 0x000d8182... (45 %)
Writing at 0x000dd870... (46 %)
Writing at 0x000e35a9... (47 %)
Writing at 0x000e8d5e... (49 %)
Writing at 0x000ee8b4... (50 %)
Writing at 0x000f3c16... (52 %)
Writing at 0x000f9a42... (53 %)
Writing at 0x000ffffa... (54 %)
Writing at 0x00105e78... (56 %)
Writing at 0x0010b940... (57 %)
Writing at 0x0011136f... (59 %)
Writing at 0x00116ff7... (60 %)
Writing at 0x0011cd74... (61 %)
Writing at 0x00122b23... (63 %)
Writing at 0x00128337... (64 %)
Writing at 0x0012d332... (66 %)
Writing at 0x00132802... (67 %)
Writing at 0x00137e59... (69 %)
Writing at 0x0013d185... (70 %)
Writing at 0x00142db3... (71 %)
Writing at 0x00147fb5... (73 %)
Writing at 0x0014d08f... (74 %)
Writing at 0x00152675... (76 %)
Writing at 0x00157d90... (77 %)
Writing at 0x0015d3a0... (78 %)
Writing at 0x00162a57... (80 %)
Writing at 0x0016843d... (81 %)
Writing at 0x0016e548... (83 %)
Writing at 0x001734f1... (84 %)
Writing at 0x00178645... (85 %)
Writing at 0x0017dd05... (87 %)
Writing at 0x001835bc... (88 %)
Writing at 0x001892cc... (90 %)
Writing at 0x0018ee3b... (91 %)
Writing at 0x00194683... (92 %)
Writing at 0x0019984c... (94 %)
Writing at 0x0019f5da... (95 %)
Writing at 0x001a49e0... (97 %)
Writing at 0x001aa887... (98 %)
Writing at 0x001b0c21... (100 %)
Wrote 1724576 bytes (1158266 compressed) at 0x00010000 in 15.2 seconds (effective 909.5 kbit/s)...
Hash of data verified.

Leaving...
Hard resetting via RTS pin...

# Flash finished: 2026-08-12 13:09:20 UTC
# Exit code: 0
