# ZENO OS Firmware Manager — Flash Log
# Started  : 2026-06-20 03:41:32 UTC
# Port     : /dev/ttyACM0
# Baud     : 921600
# Board    : ESP32_GENERIC_S3
# ────────────────────────────────────────────

# Command: python3
-m
esptool
--chip
esp32s3
-b
921600
--port
/dev/ttyACM0
write_flash
--flash_mode
dio
--flash_size
16MB
--flash_freq
80m
0x0
/home/shanmukh/OSBuild/ports/esp32/build-ESP32_GENERIC_S3/bootloader/bootloader.bin
0x8000
/home/shanmukh/OSBuild/ports/esp32/build-ESP32_GENERIC_S3/partition_table/partition-table.bin
0x10000
/home/shanmukh/OSBuild/ports/esp32/build-ESP32_GENERIC_S3/micropython.bin

esptool.py v4.12.dev2
Serial port /dev/ttyACM0
Connecting....
Chip is ESP32-S3 (QFN56) (revision v0.2)
Features: WiFi, BLE, Embedded PSRAM 8MB (AP_3v3)
Crystal is 40MHz
MAC: ac:a7:04:ef:dd:24
Uploading stub...
Running stub...
Stub running...
Changing baud rate to 921600
Changed.
Configuring flash size...
Flash will be erased from 0x00000000 to 0x00004fff...
Flash will be erased from 0x00008000 to 0x00008fff...
Flash will be erased from 0x00010000 to 0x001cffff...
SHA digest in image updated
Compressed 19232 bytes to 12491...
Writing at 0x00000000... (100 %)
Wrote 19232 bytes (12491 compressed) at 0x00000000 in 0.3 seconds (effective 471.4 kbit/s)...
Hash of data verified.
Compressed 3072 bytes to 140...
Writing at 0x00008000... (100 %)
Wrote 3072 bytes (140 compressed) at 0x00008000 in 0.0 seconds (effective 680.5 kbit/s)...
Hash of data verified.
Compressed 1833936 bytes to 1205602...
Writing at 0x00010000... (1 %)
Writing at 0x000190bd... (2 %)
Writing at 0x0002305a... (4 %)
Writing at 0x00033966... (5 %)
Writing at 0x0003b5e1... (6 %)
Writing at 0x00041b2a... (8 %)
Writing at 0x00048124... (9 %)
Writing at 0x0004ef97... (10 %)
Writing at 0x0005b615... (12 %)
Writing at 0x000622a1... (13 %)
Writing at 0x0006b1f0... (14 %)
Writing at 0x00076aff... (16 %)
Writing at 0x0007c499... (17 %)
Writing at 0x0008180d... (18 %)
Writing at 0x00088cf1... (20 %)
Writing at 0x0008e42e... (21 %)
Writing at 0x00093804... (22 %)
Writing at 0x00098be0... (24 %)
Writing at 0x0009dd6c... (25 %)
Writing at 0x000a349a... (27 %)
Writing at 0x000a8a19... (28 %)
Writing at 0x000add0b... (29 %)
Writing at 0x000b316c... (31 %)
Writing at 0x000b82cc... (32 %)
Writing at 0x000bd491... (33 %)
Writing at 0x000c2874... (35 %)
Writing at 0x000c7c73... (36 %)
Writing at 0x000cca9e... (37 %)
Writing at 0x000d1924... (39 %)
Writing at 0x000d6d46... (40 %)
Writing at 0x000dcdc0... (41 %)
Writing at 0x000e282d... (43 %)
Writing at 0x000e7a10... (44 %)
Writing at 0x000ed3e7... (45 %)
Writing at 0x000f343b... (47 %)
Writing at 0x000f8bbe... (48 %)
Writing at 0x000fe453... (50 %)
Writing at 0x00103bb0... (51 %)
Writing at 0x0010963d... (52 %)
Writing at 0x0010f2f5... (54 %)
Writing at 0x001143c4... (55 %)
Writing at 0x0011a881... (56 %)
Writing at 0x00120b48... (58 %)
Writing at 0x00126bc4... (59 %)
Writing at 0x0012c1c2... (60 %)
Writing at 0x00131d91... (62 %)
Writing at 0x001379e3... (63 %)
Writing at 0x0013d785... (64 %)
Writing at 0x0014369d... (66 %)
Writing at 0x00148787... (67 %)
Writing at 0x0014db5c... (68 %)
Writing at 0x001530ad... (70 %)
Writing at 0x0015855b... (71 %)
Writing at 0x0015d92a... (72 %)
Writing at 0x00163256... (74 %)
Writing at 0x00168453... (75 %)
Writing at 0x0016d59f... (77 %)
Writing at 0x00172e56... (78 %)
Writing at 0x0017867b... (79 %)
Writing at 0x0017dafd... (81 %)
Writing at 0x0018312e... (82 %)
Writing at 0x00188dcb... (83 %)
Writing at 0x0018e9f4... (85 %)
Writing at 0x00193b33... (86 %)
Writing at 0x00198cae... (87 %)
Writing at 0x0019e381... (89 %)
Writing at 0x001a4470... (90 %)
Writing at 0x001a98aa... (91 %)
Writing at 0x001af946... (93 %)
Writing at 0x001b49df... (94 %)
Writing at 0x001ba2f2... (95 %)
Writing at 0x001bfe73... (97 %)
Writing at 0x001c5dd1... (98 %)
Writing at 0x001cc13e... (100 %)
Wrote 1833936 bytes (1205602 compressed) at 0x00010000 in 15.8 seconds (effective 925.9 kbit/s)...
Hash of data verified.

Leaving...
Hard resetting via RTS pin...

# Flash finished: 2026-06-20 03:41:53 UTC
# Exit code: 0
