# ZENO OS Firmware Manager — Flash Log
# Started  : 2026-08-06 16:12:30 UTC
# Port     : /dev/ttyACM0
# Baud     : 921600
# Board    : ESP32_GENERIC_S3
# ────────────────────────────────────────────

# Command: python3
-m
esptool
--chip
esp32s3
-b
921600
--port
/dev/ttyACM0
write_flash
--flash_mode
dio
--flash_size
16MB
--flash_freq
80m
0x0
/home/shanmukh/OSBuild/ports/esp32/build-ESP32_GENERIC_S3/bootloader/bootloader.bin
0x8000
/home/shanmukh/OSBuild/ports/esp32/build-ESP32_GENERIC_S3/partition_table/partition-table.bin
0x10000
/home/shanmukh/OSBuild/ports/esp32/build-ESP32_GENERIC_S3/micropython.bin

esptool.py v4.12.0
Serial port /dev/ttyACM0
Connecting....
Chip is ESP32-S3 (QFN56) (revision v0.2)
Features: WiFi, BLE, Embedded PSRAM 8MB (AP_3v3)
Crystal is 40MHz
MAC: ac:a7:04:ef:dd:24
Uploading stub...
Running stub...
Stub running...
Changing baud rate to 921600
Changed.
Configuring flash size...
Flash will be erased from 0x00000000 to 0x00004fff...
Flash will be erased from 0x00008000 to 0x00008fff...
Flash will be erased from 0x00010000 to 0x001b5fff...
SHA digest in image updated
Compressed 19232 bytes to 12488...
Writing at 0x00000000... (100 %)
Wrote 19232 bytes (12488 compressed) at 0x00000000 in 0.3 seconds (effective 473.3 kbit/s)...
Hash of data verified.
Compressed 3072 bytes to 140...
Writing at 0x00008000... (100 %)
Wrote 3072 bytes (140 compressed) at 0x00008000 in 0.0 seconds (effective 603.0 kbit/s)...
Hash of data verified.
Compressed 1726944 bytes to 1160132...
Writing at 0x00010000... (1 %)
Writing at 0x0001911b... (2 %)
Writing at 0x0002662b... (4 %)
Writing at 0x00033309... (5 %)
Writing at 0x00039f29... (7 %)
Writing at 0x0003ffd0... (8 %)
Writing at 0x00047631... (9 %)
Writing at 0x0005048c... (11 %)
Writing at 0x0005b61d... (12 %)
Writing at 0x00060fcb... (14 %)
Writing at 0x000683d0... (15 %)
Writing at 0x0006dc20... (16 %)
Writing at 0x00072f42... (18 %)
Writing at 0x000783be... (19 %)
Writing at 0x0007d4f2... (21 %)
Writing at 0x00082b6e... (22 %)
Writing at 0x000881c6... (23 %)
Writing at 0x0008d46d... (25 %)
Writing at 0x000928d1... (26 %)
Writing at 0x00097a77... (28 %)
Writing at 0x0009cc58... (29 %)
Writing at 0x000a2086... (30 %)
Writing at 0x000a748c... (32 %)
Writing at 0x000ac3fc... (33 %)
Writing at 0x000b124d... (35 %)
Writing at 0x000b62c4... (36 %)
Writing at 0x000bbf48... (38 %)
Writing at 0x000c1e94... (39 %)
Writing at 0x000c70db... (40 %)
Writing at 0x000cca0e... (42 %)
Writing at 0x000d2b42... (43 %)
Writing at 0x000d8191... (45 %)
Writing at 0x000dd989... (46 %)
Writing at 0x000e322d... (47 %)
Writing at 0x000e8cae... (49 %)
Writing at 0x000eea58... (50 %)
Writing at 0x000f3ea1... (52 %)
Writing at 0x000f9885... (53 %)
Writing at 0x001000c3... (54 %)
Writing at 0x00105f7d... (56 %)
Writing at 0x0010ba16... (57 %)
Writing at 0x001112be... (59 %)
Writing at 0x00116d39... (60 %)
Writing at 0x0011cb16... (61 %)
Writing at 0x00122965... (63 %)
Writing at 0x00128246... (64 %)
Writing at 0x0012d368... (66 %)
Writing at 0x001327ee... (67 %)
Writing at 0x00137d4d... (69 %)
Writing at 0x0013d1ea... (70 %)
Writing at 0x00142d4c... (71 %)
Writing at 0x00147fc8... (73 %)
Writing at 0x0014d077... (74 %)
Writing at 0x00152463... (76 %)
Writing at 0x00157ca3... (77 %)
Writing at 0x0015d2a9... (78 %)
Writing at 0x00162920... (80 %)
Writing at 0x001681e5... (81 %)
Writing at 0x0016e534... (83 %)
Writing at 0x00173588... (84 %)
Writing at 0x00178684... (85 %)
Writing at 0x0017db09... (87 %)
Writing at 0x0018333d... (88 %)
Writing at 0x001891ea... (90 %)
Writing at 0x0018ed27... (91 %)
Writing at 0x00194675... (92 %)
Writing at 0x00199711... (94 %)
Writing at 0x0019f4c6... (95 %)
Writing at 0x001a48a8... (97 %)
Writing at 0x001aa805... (98 %)
Writing at 0x001b07ff... (100 %)
Wrote 1726944 bytes (1160132 compressed) at 0x00010000 in 15.2 seconds (effective 907.5 kbit/s)...
Hash of data verified.

Leaving...
Hard resetting via RTS pin...

# Flash finished: 2026-08-06 16:12:50 UTC
# Exit code: 0
