# ZENO OS Firmware Manager — Flash Log
# Started  : 2026-08-12 15:50:07 UTC
# Port     : /dev/ttyACM0
# Baud     : 921600
# Board    : ESP32_GENERIC_S3
# ────────────────────────────────────────────

# Command: python3
-m
esptool
--chip
esp32s3
-b
921600
--port
/dev/ttyACM0
write_flash
--flash_mode
dio
--flash_size
16MB
--flash_freq
80m
0x0
/home/shanmukh/OSBuild/ports/esp32/build-ESP32_GENERIC_S3/bootloader/bootloader.bin
0x8000
/home/shanmukh/OSBuild/ports/esp32/build-ESP32_GENERIC_S3/partition_table/partition-table.bin
0x10000
/home/shanmukh/OSBuild/ports/esp32/build-ESP32_GENERIC_S3/micropython.bin

esptool.py v4.12.0
Serial port /dev/ttyACM0
Connecting....
Chip is ESP32-S3 (QFN56) (revision v0.2)
Features: WiFi, BLE, Embedded PSRAM 8MB (AP_3v3)
Crystal is 40MHz
MAC: ac:a7:04:ef:dd:24
Uploading stub...
Running stub...
Stub running...
Changing baud rate to 921600
Changed.
Configuring flash size...
Flash will be erased from 0x00000000 to 0x00004fff...
Flash will be erased from 0x00008000 to 0x00008fff...
Flash will be erased from 0x00010000 to 0x001b7fff...
SHA digest in image updated
Compressed 19232 bytes to 12491...
Writing at 0x00000000... (100 %)
Wrote 19232 bytes (12491 compressed) at 0x00000000 in 0.3 seconds (effective 463.1 kbit/s)...
Hash of data verified.
Compressed 3072 bytes to 140...
Writing at 0x00008000... (100 %)
Wrote 3072 bytes (140 compressed) at 0x00008000 in 0.0 seconds (effective 600.9 kbit/s)...
Hash of data verified.
Compressed 1732928 bytes to 1163816...
Writing at 0x00010000... (1 %)
Writing at 0x0001910a... (2 %)
Writing at 0x00026523... (4 %)
Writing at 0x00033360... (5 %)
Writing at 0x0003a328... (6 %)
Writing at 0x0004037d... (8 %)
Writing at 0x0004793a... (9 %)
Writing at 0x00050753... (11 %)
Writing at 0x0005ba43... (12 %)
Writing at 0x000613a1... (13 %)
Writing at 0x00068844... (15 %)
Writing at 0x0006dff7... (16 %)
Writing at 0x000733a0... (18 %)
Writing at 0x000787d3... (19 %)
Writing at 0x0007d8b8... (20 %)
Writing at 0x00083048... (22 %)
Writing at 0x000885b6... (23 %)
Writing at 0x0008d834... (25 %)
Writing at 0x00092cc9... (26 %)
Writing at 0x00097e53... (27 %)
Writing at 0x0009d01f... (29 %)
Writing at 0x000a2448... (30 %)
Writing at 0x000a788b... (31 %)
Writing at 0x000ac7b2... (33 %)
Writing at 0x000b163d... (34 %)
Writing at 0x000b66a7... (36 %)
Writing at 0x000bc068... (37 %)
Writing at 0x000c2217... (38 %)
Writing at 0x000c744e... (40 %)
Writing at 0x000ccc9c... (41 %)
Writing at 0x000d2d84... (43 %)
Writing at 0x000d8588... (44 %)
Writing at 0x000ddc7a... (45 %)
Writing at 0x000e3940... (47 %)
Writing at 0x000e9089... (48 %)
Writing at 0x000eec34... (50 %)
Writing at 0x000f41d5... (51 %)
Writing at 0x000f9b46... (52 %)
Writing at 0x0010046c... (54 %)
Writing at 0x001062e3... (55 %)
Writing at 0x0010bcb8... (56 %)
Writing at 0x00111661... (58 %)
Writing at 0x001170d8... (59 %)
Writing at 0x0011cf2f... (61 %)
Writing at 0x00122d25... (62 %)
Writing at 0x00128706... (63 %)
Writing at 0x0012d786... (65 %)
Writing at 0x00132c9d... (66 %)
Writing at 0x001381af... (68 %)
Writing at 0x0013d666... (69 %)
Writing at 0x00143155... (70 %)
Writing at 0x00148403... (72 %)
Writing at 0x0014d4c3... (73 %)
Writing at 0x001526ed... (75 %)
Writing at 0x00157e58... (76 %)
Writing at 0x0015d764... (77 %)
Writing at 0x00162bda... (79 %)
Writing at 0x001682cc... (80 %)
Writing at 0x0016e9d6... (81 %)
Writing at 0x00173a58... (83 %)
Writing at 0x00178b30... (84 %)
Writing at 0x0017dd78... (86 %)
Writing at 0x001834bc... (87 %)
Writing at 0x00189566... (88 %)
Writing at 0x0018edb6... (90 %)
Writing at 0x00194b64... (91 %)
Writing at 0x00199b56... (93 %)
Writing at 0x0019f817... (94 %)
Writing at 0x001a4c6a... (95 %)
Writing at 0x001aa835... (97 %)
Writing at 0x001b06bb... (98 %)
Writing at 0x001b6e66... (100 %)
Wrote 1732928 bytes (1163816 compressed) at 0x00010000 in 15.3 seconds (effective 907.4 kbit/s)...
Hash of data verified.

Leaving...
Hard resetting via RTS pin...

# Flash finished: 2026-08-12 15:50:27 UTC
# Exit code: 0
