# ZENO OS Firmware Manager — Release & Git Log
# Started : 2026-08-25 08:34:04 UTC
# Label   : releasekatesdirtysister
# Folder  : /home/shanmukh/OSBuild/firmware releases/20260825_140404_releasekatesdirtysister_ESP32_GENERIC_S3
# Commit  : Build: ESP32_GENERIC_S3 (2026-08-25 13:55) dirty partion
# ────────────────────────────────────────────
'/home/shanmukh/OSBuild/ports/esp32/build-ESP32_GENERIC_S3/bootloader/bootloader.bin' -> '/home/shanmukh/OSBuild/firmware releases/20260825_140404_releasekatesdirtysister_ESP32_GENERIC_S3/bootloader.bin'
'/home/shanmukh/OSBuild/ports/esp32/build-ESP32_GENERIC_S3/partition_table/partition-table.bin' -> '/home/shanmukh/OSBuild/firmware releases/20260825_140404_releasekatesdirtysister_ESP32_GENERIC_S3/partition-table.bin'
'/home/shanmukh/OSBuild/ports/esp32/build-ESP32_GENERIC_S3/micropython.bin' -> '/home/shanmukh/OSBuild/firmware releases/20260825_140404_releasekatesdirtysister_ESP32_GENERIC_S3/micropython.bin'
[14:04:04] [INFO] Firmware binaries copied to: /home/shanmukh/OSBuild/firmware releases/20260825_140404_releasekatesdirtysister_ESP32_GENERIC_S3
[14:04:04] [CMD] git add .
[main 1428e7642] Build: ESP32_GENERIC_S3 (2026-08-25 13:55) dirty partion
 8 files changed, 2165 insertions(+), 152 deletions(-)
 create mode 100755 builder/builder4.sh
 create mode 100644 firmware releases/20260825_140404_releasekatesdirtysister_ESP32_GENERIC_S3/bootloader.bin
 create mode 100644 firmware releases/20260825_140404_releasekatesdirtysister_ESP32_GENERIC_S3/micropython.bin
 create mode 100644 firmware releases/20260825_140404_releasekatesdirtysister_ESP32_GENERIC_S3/partition-table.bin
 rename logs/{build_20260811_225921.log => build_20260825_135637.log} (82%)
 create mode 100644 logs/git_20260825_140404.log
 rename logs/{session_20260812_235529.log => session_20260825_135527.log} (90%)
[14:04:04] [INFO] Committed: Build: ESP32_GENERIC_S3 (2026-08-25 13:55) dirty partion
To github.com:FerrariForever95/OSBuild.git
   5232128b5..1428e7642  main -> main
[14:04:09] [INFO] Git push succeeded.
